21f00000 T _start
21f00020 t _undefined_instruction
21f00024 t _software_interrupt
21f00028 t _prefetch_abort
21f0002c t _data_abort
21f00030 t _not_used
21f00034 t _irq
21f00038 t _fiq
21f00040 t _TEXT_BASE
21f00044 T _armboot_start
21f00048 T _bss_start
21f0004c T _bss_end
21f00050 t reset
21f00060 t relocate
21f00080 t copy_loop
21f00090 t stack_setup
21f000a0 t clear_bss
21f000ac t clbss_l
21f000c0 t _start_armboot
21f000e0 t undefined_instruction
21f00140 t software_interrupt
21f001a0 t prefetch_abort
21f00200 t data_abort
21f00260 t not_used
21f002c0 t irq
21f00320 t fiq
21f00380 T enable_interrupts
21f00384 T disable_interrupts
21f0038c T bad_mode
21f003a8 T show_regs
21f004e8 T do_undefined_instruction
21f0050c T do_software_interrupt
21f00530 T do_prefetch_abort
21f00554 T do_data_abort
21f00578 T do_not_used
21f0059c T do_fiq
21f005c0 T do_irq
21f005e4 T interrupt_init
21f0066c T reset_timer
21f00670 T get_timer
21f00684 T set_timer
21f00694 T udelay
21f00698 T reset_timer_masked
21f006d0 T get_timer_raw
21f0072c T get_timer_masked
21f00748 T udelay_masked
21f00780 T get_ticks
21f00794 T get_tbclk
21f0079c T reset_cpu
21f007ec t mem_malloc_init
21f00828 T sbrk
21f0086c t init_baudrate
21f008c4 t display_banner
21f00914 t display_dram_config
21f0095c t display_flash_config
21f009a8 T start_armboot
21f00b54 T hang
21f00b68 T ArpRequest
21f00ca4 T ArpTimeoutCheck
21f00d2c T NetLoop
21f01154 t startAgainTimeout
21f01168 t startAgainHandler
21f0116c T NetStartAgain
21f011f8 T NetSetHandler
21f01208 T NetSetTimeout
21f01248 T NetSendPacket
21f0124c T NetSendUDPPacket
21f013bc T NetReceive
21f01954 t net_check_prereq
21f01a08 T NetCksumOk
21f01a34 T NetCksum
21f01a80 T NetEthHdrSize
21f01ac4 T NetSetEther
21f01b80 T NetSetIP
21f01cbc T copy_filename
21f01d28 T ip_to_string
21f01d80 T string_to_ip
21f01e00 T VLAN_to_string
21f01e5c T string_to_VLAN
21f01eb4 T print_IPaddr
21f01ed8 T getenv_IPaddr
21f01ee8 T getenv_VLAN
21f01f00 t TftpSend
21f020b4 t TftpHandler
21f02364 t TftpTimeout
21f023c0 T TftpStart
21f025f0 t BootpCheckPkt
21f0268c t BootpCopyNetParams
21f02740 t truncate_sz
21f02774 t BootpTimeout
21f027bc t DhcpExtended
21f02948 T BootpRequest
21f02b64 t DhcpOptionsProcess
21f02d54 t DhcpMessageType
21f02dc4 t DhcpSendRequestPkt
21f02f2c t DhcpHandler
21f03090 T DhcpRequest
21f03094 t RarpHandler
21f030ec t RarpTimeout
21f03134 T RarpRequest
21f03234 T eth_initialize
21f03244 t basename
21f03280 t dirname
21f0329c t rpc_add_credentials
21f03368 t rpc_req
21f034b0 t rpc_lookup_req
21f03530 t nfs_mount_req
21f035d4 t nfs_umountall_req
21f03630 t nfs_readlink_req
21f0367c t nfs_lookup_req
21f03734 t nfs_read_req
21f037d8 t NfsSend
21f03878 t rpc_lookup_reply
21f03960 t nfs_mount_reply
21f03a18 t nfs_umountall_reply
21f03abc t nfs_lookup_reply
21f03b64 t nfs_readlink_reply
21f03c90 t nfs_read_reply
21f03e1c t NfsTimeout
21f03e40 t NfsHandler
21f0402c T NfsStart
21f042c8 T flash_read_ushort
21f042f8 T flash_read_long
21f04340 T flash_init
21f043d0 t flash_get_info
21f04418 T flash_erase
21f045d0 T flash_print_info
21f04704 T write_buff
21f04974 T flash_real_protect
21f04a14 T flash_read_user_serial
21f04a88 T flash_read_factory_serial
21f04afc t flash_is_busy
21f04b60 t flash_status_check
21f04c0c t flash_full_status_check
21f04d70 t flash_add_byte
21f04e18 t flash_make_cmd
21f04e6c t cfisleep
21f04eb4 t flash_write_cmd
21f04f70 t flash_unlock_seq
21f04fa8 t flash_isequal
21f0507c t flash_isset
21f05164 t flash_toggle
21f0525c t flash_detect_cfi
21f0538c T flash_get_size
21f0568c t flash_write_cfiword
21f0586c t find_sector
21f05894 t flash_write_cfibuffer_final
21f058dc t flash_write_cfibuffer
21f05ac4 T flash_make_addr
21f05ae0 T flash_read_uchar
21f05afc T main_loop
21f05c7c T readline
21f05ea0 t delete_char
21f05f90 t parse_line
21f06038 t process_macros
21f06234 T run_command
21f0641c T do_run
21f0649c T do_go
21f06528 T do_bootm
21f06a40 t do_bootm_netbsd
21f06b50 T do_bootd
21f06b74 t do_imls
21f06cfc T print_image_hdr
21f06e30 t print_type
21f070e4 t zalloc
21f070f8 t zfree
21f07100 T gunzip
21f0725c t do_bootm_rtems
21f0728c T do_coninfo
21f07364 t abbrev_spec
21f074c8 t addr_spec
21f07674 t flash_fill_sect_ranges
21f0785c T do_flinfo
21f078fc T do_flerase
21f07ac8 T flash_sect_erase
21f07bc0 T do_protect
21f07f0c T flash_sect_protect
21f08040 t evalexp
21f08098 t evalstr
21f080b8 t stringcomp
21f08180 t arithcomp
21f08230 T binary_test
21f082d8 T do_itest
21f0838c T do_load_serial_bin
21f084f0 t load_serial_bin
21f0857c T send_pad
21f085b8 T ktrans
21f085e4 T chk1
21f08618 T s1_sendpacket
21f08648 T send_ack
21f086b0 T send_nack
21f08718 t bin_data_init
21f08750 t os_data_save
21f0879c t os_data_restore
21f087e8 t bin_data_char
21f0882c t set_kerm_bin_mode
21f08864 T k_data_init
21f0888c T k_data_save
21f088a8 T k_data_restore
21f088c4 T k_data_char
21f08938 T handle_send_packet
21f08b50 t k_recv
21f08dbc T cmd_get_data_size
21f08e80 T do_mem_md
21f09090 T do_mem_mm
21f090bc T do_mem_nm
21f090e8 T do_mem_mw
21f091c0 T do_mem_cmp
21f0936c T do_mem_cp
21f094b0 T do_mem_base
21f094f8 T do_mem_loop
21f0960c T do_mem_mtest
21f09730 t mod_mem
21f098a8 T do_mem_crc
21f09968 T MII_dump_0_to_5
21f099c4 t dump_reg
21f09adc t special_field
21f09c74 t extract_range
21f09cd0 T do_mii
21f0a1bc T do_bootp
21f0a1c8 T do_tftpb
21f0a1d4 T do_rarpb
21f0a1e0 T do_dhcp
21f0a1ec T do_nfs
21f0a1f8 t netboot_update_env
21f0a34c t netboot_common
21f0a4cc T do_printenv
21f0a694 T _do_setenv
21f0ab38 T setenv
21f0ab78 T do_setenv
21f0abb8 T getenv
21f0ac30 T getenv_r
21f0acf4 T do_saveenv
21f0ad20 t envmatch
21f0ad94 T do_version
21f0adb4 T do_echo
21f0ae3c T do_help
21f0afcc T find_cmd
21f0b06c t console_setfile
21f0b118 T serial_printf
21f0b150 T fgetc
21f0b178 T ftstc
21f0b1a0 T fputc
21f0b1d0 T fputs
21f0b1fc T fprintf
21f0b23c T getc
21f0b254 T tstc
21f0b26c T putc
21f0b294 T puts
21f0b2b0 T printf
21f0b2e8 T vprintf
21f0b314 T ctrlc
21f0b370 T disable_ctrlc
21f0b388 T had_ctrlc
21f0b398 T clear_ctrlc
21f0b3ac T console_assign
21f0b440 T console_init_f
21f0b450 T console_init_r
21f0b5ec T dbg
21f0b5f8 t drv_system_init
21f0b66c T device_register
21f0b694 T devices_init
21f0b6dc T devices_done
21f0b6f8 T malloc_bin_reloc
21f0b72c t malloc_extend_top
21f0b8e4 T malloc
21f0bd88 T free
21f0bfa8 T realloc
21f0c410 T memalign
21f0c520 T valloc
21f0c52c T pvalloc
21f0c544 T calloc
21f0c614 T cfree
21f0c618 T malloc_trim
21f0c6fc T malloc_usable_size
21f0c73c T mallopt
21f0c7ac T env_crc_update
21f0c7d8 t env_get_char_init
21f0c800 T env_get_char_memory
21f0c820 T env_get_addr
21f0c840 T env_relocate
21f0c8d4 T env_get_char_spec
21f0c8e0 T env_init
21f0c938 T saveenv
21f0ca04 T env_relocate_spec
21f0ca24 t dummy
21f0ca28 T get_version
21f0ca30 T jumptable_init
21f0cab4 T flash_protect
21f0cbcc T addr2info
21f0cc18 T flash_write
21f0cdc4 T flash_perror
21f0ceb0 T NewHandle
21f0cf18 T DisposeHandle
21f0cf3c T GetHandleSize
21f0cf44 T SetHandleSize
21f0cfb8 t ExpandListSpace
21f0d084 T ListCreate
21f0d0e4 T ListSetAllocationPolicy
21f0d0f8 T ListDispose
21f0d0fc T ListInsertItem
21f0d104 T ListInsertItems
21f0d23c T ListGetItems
21f0d288 T ListGetPtrToItem
21f0d2b8 T ListGetDataPtr
21f0d2c4 T ListGetItemSize
21f0d2d0 T ListNumItems
21f0d2dc T miiphy_register
21f0d400 T miiphy_set_current_dev
21f0d460 T miiphy_get_current_dev
21f0d478 T miiphy_read
21f0d530 T miiphy_write
21f0d5ec T miiphy_listdev
21f0d660 T miiphy_info
21f0d708 T miiphy_reset
21f0d7b8 T miiphy_speed
21f0d850 T miiphy_duplex
21f0d8e8 T crc32
21f0d9e4 T display_options
21f0da04 T print_size
21f0da98 T strnicmp
21f0db24 T strcpy
21f0db44 T strncpy
21f0db70 T strcat
21f0dba8 T strncat
21f0dc08 T strcmp
21f0dc38 T strncmp
21f0dc80 T strchr
21f0dcb4 T strrchr
21f0dcec T strlen
21f0dd10 T strnlen
21f0dd50 T strdup
21f0dd90 T strspn
21f0ddf0 T strpbrk
21f0de38 T strtok
21f0deb8 T strsep
21f0def0 T strswab
21f0df50 T memset
21f0df74 T bcopy
21f0dfa0 T memcpy
21f0dfc8 T memmove
21f0e028 T memcmp
21f0e060 T memscan
21f0e084 T strstr
21f0e0f0 T memchr
21f0e124 T simple_strtoul
21f0e1d0 T simple_strtol
21f0e1fc t skip_atoi
21f0e244 t number
21f0e484 T vsprintf
21f0e980 T sprintf
21f0e9a0 T panic
21f0e9e8 T inflateReset
21f0ea50 T inflateEnd
21f0eabc T inflateInit2
21f0eb8c T inflateInit
21f0eb94 T inflate
21f0ef58 T inflateIncomp
21f0ef78 T inflateSync
21f0f088 t inflate_blocks_reset
21f0f158 t inflate_blocks_new
21f0f1f8 t inflate_blocks
21f0fd7c t inflate_blocks_free
21f0fdc4 t inflate_addhistory
21f0fee8 t inflate_packet_flush
21f0ff08 t huft_build
21f10518 t inflate_trees_bits
21f10590 t inflate_trees_dynamic
21f106b0 t falloc
21f106d4 t ffree
21f106d8 t inflate_trees_fixed
21f10900 t inflate_trees_free
21f10940 t inflate_codes_new
21f10994 t inflate_codes
21f10ff8 t inflate_codes_free
21f1101c t inflate_flush
21f111a0 t inflate_fast
21f114e8 T adler32
21f11684 T board_init
21f116c0 T dram_init
21f116e0 T at91rm9200_GetPhyInterface
21f11714 t read_p15_c1
21f1171c t write_p15_c1
21f11724 t cp_delay
21f1175c T cpu_init
21f11764 T cleanup_before_linux
21f1178c T do_reset
21f117bc T icache_enable
21f117dc T icache_disable
21f117fc T icache_status
21f11810 T dcache_enable
21f11830 T dcache_disable
21f1184c T dcache_status
21f11860 T dm9161_IsPhyConnected
21f118cc T dm9161_GetLinkSpeed
21f119a4 T dm9161_InitPhy
21f11a1c T dm9161_AutoNegotiate
21f11b98 T at91rm9200_EmacEnableMDIO
21f11ba8 T at91rm9200_EmacDisableMDIO
21f11bb8 T at91rm9200_EmacReadPhy
21f11bf4 T at91rm9200_EmacWritePhy
21f11c24 T eth_init
21f11dc0 T eth_send
21f11e0c T eth_rx
21f11e98 T eth_halt
21f11e9c T at91rm9200_miiphy_read
21f11ed8 T at91rm9200_miiphy_write
21f11f24 T at91rm9200_miiphy_initialize
21f11f4c T serial_setbrg
21f11f84 T serial_init
21f11fec T serial_putc
21f12020 T serial_puts
21f1204c T serial_getc
21f1206c T serial_tstc
21f12084 T __udivsi3
21f1209c t Loop1
21f120b0 t Lbignum
21f120c4 t Loop3
21f12104 t Lgot_result
21f1210c t Ldiv0
21f1211c T __umodsi3
21f12130 t Loop1
21f12144 t Lbignum
21f12158 t Loop3
21f121c0 t Ldiv0
21f121d0 T do_bootm_linux
21f124f8 t setup_start_tag
21f12550 t setup_memory_tags
21f125a0 t setup_commandline_tag
21f12628 t setup_initrd_tag
21f12674 t setup_end_tag
21f12694 T flush_cache
21f12698 T __div0
21f1271c R version_string
21f1274c r baudrate_table
21f12760 r crc_table
21f15970 D init_sequence
21f1599c D NetBcastAddr
21f159a2 D NetOurVLAN
21f159a4 D NetOurNativeVLAN
21f159a8 d nfs_offset
21f159ac d bank_base
21f159b0 d erase_seq
21f159b4 d tab_seq
21f159c0 D load_addr
21f159c4 D op_table
21f15a2c D dp_last_length
21f15a30 D reg_0_5_desc_tbl
21f15a60 D reg_0_desc_tbl
21f15ad8 D reg_1_desc_tbl
21f15b98 D reg_2_desc_tbl
21f15ba4 D reg_3_desc_tbl
21f15bc8 D reg_4_desc_tbl
21f15c58 D reg_5_desc_tbl
21f15ce8 D desc_and_len_tbl
21f15d18 D stdio_names
21f15d24 d av_
21f1612c d trim_threshold
21f16130 d mmap_threshold
21f16134 d sbrk_base
21f16138 D env_get_char
21f1613c D default_environment
21f16420 D env_name_spec
21f16424 D env_ptr
21f16428 d flash_addr
21f1642c d inflate_mask
21f16470 d border
21f164bc d cplens
21f16538 d cplext
21f165b4 d cpdist
21f1662c d cpdext
21f166a4 d fixed_left
21f166a8 D zlib_version
21f166ac D z_errmsg
21f166cc D _ctype
21f167cc D us
21f167d0 A __u_boot_cmd_start
21f167d0 D __u_boot_cmd_go
21f167e4 D __u_boot_cmd_reset
21f167f8 D __u_boot_cmd_bootm
21f1680c D __u_boot_cmd_boot
21f16820 D __u_boot_cmd_bootd
21f16834 D __u_boot_cmd_imls
21f16848 D __u_boot_cmd_coninfo
21f1685c D __u_boot_cmd_flinfo
21f16870 D __u_boot_cmd_erase
21f16884 D __u_boot_cmd_protect
21f16898 D __u_boot_cmd_itest
21f168ac D __u_boot_cmd_loadb
21f168c0 D __u_boot_cmd_md
21f168d4 D __u_boot_cmd_mm
21f168e8 D __u_boot_cmd_nm
21f168fc D __u_boot_cmd_mw
21f16910 D __u_boot_cmd_cp
21f16924 D __u_boot_cmd_cmp
21f16938 D __u_boot_cmd_crc32
21f1694c D __u_boot_cmd_base
21f16960 D __u_boot_cmd_loop
21f16974 D __u_boot_cmd_mtest
21f16988 D __u_boot_cmd_mii
21f1699c D __u_boot_cmd_bootp
21f169b0 D __u_boot_cmd_tftpboot
21f169c4 D __u_boot_cmd_rarpboot
21f169d8 D __u_boot_cmd_dhcp
21f169ec D __u_boot_cmd_nfs
21f16a00 D __u_boot_cmd_printenv
21f16a14 D __u_boot_cmd_setenv
21f16a28 D __u_boot_cmd_saveenv
21f16a3c D __u_boot_cmd_run
21f16a50 D __u_boot_cmd_version
21f16a64 D __u_boot_cmd_echo
21f16a78 D __u_boot_cmd_help
21f16a8c D __u_boot_cmd_question_mark
21f16aa0 A __bss_start
21f16aa0 A __u_boot_cmd_end
21f16c00 B tmr
21f16c04 b timestamp
21f16c08 b lastinc
21f16c0c b mem_malloc_start
21f16c10 b mem_malloc_end
21f16c14 b mem_malloc_brk
21f16c18 B monitor_flash_len
21f16c1c B NetOurSubnetMask
21f16c20 B NetOurGatewayIP
21f16c24 B NetOurDNSIP
21f16c28 B NetOurNISDomain
21f16c48 B NetOurHostName
21f16c68 B NetOurRootPath
21f16ca8 B NetBootFileSize
21f16caa B NetServerEther
21f16cb0 B NetEtherNullAddr
21f16cb8 B NetTxPacket
21f16cbc B NetBootFileXferSize
21f16cc0 B NetOurEther
21f16cc8 B NetOurIP
21f16ccc B NetServerIP
21f16cd0 B NetRxPackets
21f16ce0 B NetRxPkt
21f16ce4 B NetRxPktLen
21f16ce8 B NetIPID
21f16cec B NetState
21f16cf0 B BootFile
21f16d70 B PktBuf
21f18b90 b packetHandler
21f18b94 b timeHandler
21f18b98 b timeStart
21f18b9c b timeDelta
21f18ba0 B NetArpWaitPacketIP
21f18ba4 B NetArpWaitReplyIP
21f18ba8 B NetArpWaitPacketMAC
21f18bac B NetArpWaitTxPacket
21f18bb0 B NetArpWaitTxPacketSize
21f18bb4 B NetArpWaitPacketBuf
21f191d4 B NetArpWaitTimerStart
21f191d8 B NetArpWaitTry
21f191dc b TftpServerPort
21f191e0 b TftpOurPort
21f191e4 b TftpTimeoutCount
21f191e8 b TftpBlock
21f191ec b TftpLastBlock
21f191f0 b TftpBlockWrap
21f191f4 b TftpBlockWrapOffset
21f191f8 b TftpState
21f191fc b default_filename
21f1920c b tftp_filename
21f19210 B dhcp_state
21f19214 B dhcp_leasetime
21f19218 B NetDHCPServerIP
21f1921c B BootpID
21f19220 B BootpTry
21f19224 B RarpTry
21f19228 b fs_mounted
21f1922c b rpc_id
21f19230 b nfs_len
21f19234 b dirfh
21f19254 b filefh
21f19274 b NfsDownloadState
21f19278 b NfsServerIP
21f1927c b NfsSrvMountPort
21f19280 b NfsSrvNfsPort
21f19284 b NfsOurPort
21f19288 b NfsTimeoutCount
21f1928c b NfsState
21f19290 b default_filename
21f192d0 b nfs_filename
21f192d4 b nfs_path
21f192d8 b nfs_path_buff
21f19ad8 B flash_info
21f19ffc b lastcommand.0
21f1a1fc B console_buffer
21f1a3fc B header
21f1a43c B os_data_count
21f1a440 B os_data_header
21f1a460 B his_eol
21f1a464 B his_pad_count
21f1a468 B his_pad_char
21f1a469 B his_quote
21f1a46a b a_b
21f1a484 B os_data_init
21f1a488 B os_data_char
21f1a48c b os_data_state
21f1a490 b os_data_state_saved
21f1a494 b os_data_count_saved
21f1a498 b os_data_addr
21f1a49c b os_data_addr_saved
21f1a4a0 b bin_start_address
21f1a4a4 b k_data_escape
21f1a4a8 b k_data_escape_saved
21f1a4ac B send_parms
21f1a4c0 B send_ptr
21f1a4c4 b base_address
21f1a4c8 B dp_last_addr
21f1a4cc B dp_last_size
21f1a4d0 B mm_last_addr
21f1a4d4 B mm_last_size
21f1a4d8 B last_op
21f1a4dc B last_data
21f1a4e0 B last_addr_lo
21f1a4e4 B last_addr_hi
21f1a4e8 B last_reg_lo
21f1a4ec B last_reg_hi
21f1a4f0 b ctrlc_disabled
21f1a4f4 b ctrlc_was_pressed
21f1a4f8 B devlist
21f1a4fc B stdio_devices
21f1a508 b top_pad
21f1a50c b n_mmaps_max
21f1a510 b max_sbrked_mem
21f1a514 b max_total_mem
21f1a518 b current_mallinfo
21f1a540 b mmapped_mem
21f1a544 b head_initialized.0
21f1a548 b mii_devs
21f1a550 b current_mii
21f1a554 B ___strtok
21f1a558 b fixed_lock
21f1a55c b fixed_built
21f1a560 b fixed_mem
21f1b5f0 b fixed_bl
21f1b5f4 b fixed_bd
21f1b5f8 b fixed_tl
21f1b5fc b fixed_td
21f1b600 B rbfdt
21f1b800 B rbfp
21f1b804 B rbf_framebuf
21f33804 B PhyOps
21f33814 B p_mac
21f33a00 b params
21f33a04 A _end
