Archive member included because of file (symbol)

cpu/at91rm9200/libat91rm9200.a(interrupts.o)
                              cpu/at91rm9200/start.o (do_undefined_instruction)
lib_arm/libarm.a(board.o)     cpu/at91rm9200/start.o (start_armboot)
net/libnet.a(net.o)           lib_arm/libarm.a(board.o) (getenv_IPaddr)
net/libnet.a(tftp.o)          net/libnet.a(net.o) (TftpStart)
net/libnet.a(bootp.o)         net/libnet.a(net.o) (BootpRequest)
net/libnet.a(rarp.o)          net/libnet.a(net.o) (RarpRequest)
drivers/libdrivers.a(dataflash.o)
                              lib_arm/libarm.a(board.o) (AT91F_DataflashInit)
common/libcommon.a(main.o)    lib_arm/libarm.a(board.o) (main_loop)
common/libcommon.a(cmd_bootm.o)
                              lib_arm/libarm.a(board.o) (load_addr)
common/libcommon.a(cmd_nvedit.o)
                              net/libnet.a(net.o) (setenv)
common/libcommon.a(env_common.o)
                              common/libcommon.a(cmd_nvedit.o) (env_get_char)
common/libcommon.a(env_flash.o)
                              common/libcommon.a(cmd_nvedit.o) (env_name_spec)
common/libcommon.a(command.o)
                              common/libcommon.a(main.o) (find_cmd)
common/libcommon.a(console.o)
                              lib_arm/libarm.a(board.o) (syscall_tbl)
common/libcommon.a(devices.o)
                              common/libcommon.a(console.o) (devlist)
common/libcommon.a(dlmalloc.o)
                              common/libcommon.a(cmd_bootm.o) (free)
common/libcommon.a(flash.o)   common/libcommon.a(env_flash.o) (flash_write)
common/libcommon.a(lists.o)   common/libcommon.a(devices.o) (ListCreate)
common/libcommon.a(cmd_boot.o)
                              common/libcommon.a(command.o) (do_go)
common/libcommon.a(cmd_console.o)
                              common/libcommon.a(command.o) (do_coninfo)
common/libcommon.a(cmd_flash.o)
                              common/libcommon.a(command.o) (do_flinfo)
common/libcommon.a(cmd_mem.o)
                              common/libcommon.a(command.o) (do_mem_md)
common/libcommon.a(cmd_net.o)
                              common/libcommon.a(command.o) (do_bootp)
common/libcommon.a(cmd_portio.o)
                              common/libcommon.a(command.o) (do_portio_out)
lib_generic/libgeneric.a(crc32.o)
                              common/libcommon.a(cmd_bootm.o) (crc32)
lib_generic/libgeneric.a(display_options.o)
                              lib_arm/libarm.a(board.o) (print_size)
lib_generic/libgeneric.a(string.o)
                              net/libnet.a(tftp.o) (strcpy)
lib_generic/libgeneric.a(vsprintf.o)
                              lib_arm/libarm.a(board.o) (simple_strtoul)
lib_generic/libgeneric.a(zlib.o)
                              common/libcommon.a(cmd_bootm.o) (inflateEnd)
lib_generic/libgeneric.a(ctype.o)
                              lib_generic/libgeneric.a(string.o) (_ctype)
board/at91rm9200dk/libat91rm9200dk.a(at91rm9200dk.o)
                              lib_arm/libarm.a(board.o) (board_init)
board/at91rm9200dk/libat91rm9200dk.a(flash.o)
                              lib_arm/libarm.a(board.o) (flash_init)
cpu/at91rm9200/libat91rm9200.a(serial.o)
                              common/libcommon.a(cmd_nvedit.o) (serial_setbrg)
cpu/at91rm9200/libat91rm9200.a(cpu.o)
                              lib_arm/libarm.a(board.o) (cpu_init)
cpu/at91rm9200/libat91rm9200.a(at91rm9200_ether.o)
                              net/libnet.a(net.o) (eth_init)
cpu/at91rm9200/libat91rm9200.a(at45.o)
                              drivers/libdrivers.a(dataflash.o) (AT91F_SpiInit)
lib_arm/libarm.a(_udivsi3.o)  common/libcommon.a(dlmalloc.o) (__udivsi3)
lib_arm/libarm.a(_umodsi3.o)  common/libcommon.a(dlmalloc.o) (__umodsi3)
lib_arm/libarm.a(armlinux.o)  common/libcommon.a(cmd_bootm.o) (do_bootm_linux)
lib_arm/libarm.a(cache.o)     common/libcommon.a(cmd_boot.o) (flush_cache)
lib_arm/libarm.a(div0.o)      lib_arm/libarm.a(_udivsi3.o) (__div0)

Memory Configuration

Name             Origin             Length             Attributes
*default*        0x00000000         0xffffffff

Linker script and memory map

                0x00000000                . = 0x0
                0x00000000                . = ALIGN (0x4)

.text           0x21f00000     0xf4a4
 cpu/at91rm9200/start.o(.text)
 .text          0x21f00000      0x360 cpu/at91rm9200/start.o
                0x21f0004c                _armboot_end
                0x21f00048                _armboot_end_data
                0x21f00050                _armboot_real_end
                0x21f00044                _armboot_start
                0x21f00000                _start
                0x21f00340                reset_cpu
 *(.text)
 .text          0x21f00360      0x3e0 cpu/at91rm9200/libat91rm9200.a(interrupts.o)
                0x21f00664                set_timer
                0x21f0064c                reset_timer
                0x21f0057c                do_fiq
                0x21f005c4                interrupt_init
                0x21f004c8                do_undefined_instruction
                0x21f00388                show_regs
                0x21f005a0                do_irq
                0x21f00650                get_timer
                0x21f00678                reset_timer_masked
                0x21f0036c                bad_mode
                0x21f006a8                get_timer_masked
                0x21f00674                udelay
                0x21f00700                udelay_masked
                0x21f00510                do_prefetch_abort
                0x21f00364                disable_interrupts
                0x21f00558                do_not_used
                0x21f00534                do_data_abort
                0x21f004ec                do_software_interrupt
                0x21f00360                enable_interrupts
 .text          0x21f00740      0x358 lib_arm/libarm.a(board.o)
                0x21f00a84                hang
                0x21f008dc                start_armboot
                0x21f0077c                sbrk
 .text          0x21f00a98      0xf44 net/libnet.a(net.o)
                0x21f019cc                getenv_IPaddr
                0x21f01668                NetCksumOk
                0x21f00fa0                NetSetTimeout
                0x21f01864                copy_filename
                0x21f018d0                ip_to_string
                0x21f00bcc                ArpTimeoutCheck
                0x21f0112c                NetReceive
                0x21f01928                string_to_ip
                0x21f00fe0                NetSendUDPPacket
                0x21f019a8                print_IPaddr
                0x21f016e0                NetSetEther
                0x21f00c54                NetLoop
                0x21f00a98                ArpRequest
                0x21f01694                NetCksum
                0x21f01728                NetSetIP
                0x21f00f68                NetStartAgain
                0x21f00f90                NetSetHandler
                0x21f00fdc                NetSendPacket
 .text          0x21f019dc      0x630 net/libnet.a(tftp.o)
                0x21f01dcc                TftpStart
 .text          0x21f0200c      0xa60 net/libnet.a(bootp.o)
                0x21f02a68                DhcpRequest
                0x21f0233c                BootpRequest
 .text          0x21f02a6c      0x144 net/libnet.a(rarp.o)
                0x21f02ab8                RarpRequest
 .text          0x21f02bb0      0x408 drivers/libdrivers.a(dataflash.o)
                0x21f02bb0                AT91F_DataflashInit
                0x21f02f10                dataflash_perror
                0x21f02d8c                AT91F_DataflashSelect
                0x21f02cdc                dataflash_print_info
                0x21f02e20                addr_dataflash
                0x21f02ebc                write_dataflash
                0x21f02e64                read_dataflash
 .text          0x21f02fb8      0x998 common/libcommon.a(main.o)
                0x21f03630                run_command
                0x21f0380c                do_run
                0x21f030a0                readline
                0x21f02fb8                main_loop
 .text          0x21f03950      0xb94 common/libcommon.a(cmd_bootm.o)
                0x21f03f80                print_image_hdr
                0x21f03f5c                do_bootd
                0x21f04358                gunzip
                0x21f03950                do_bootm
 .text          0x21f044e4      0x904 common/libcommon.a(cmd_nvedit.o)
                0x21f04c08                getenv
                0x21f046ac                _do_setenv
                0x21f04c80                getenv_r
                0x21f044e4                do_printenv
                0x21f04b88                setenv
                0x21f04d48                do_saveenv
                0x21f04bc8                do_setenv
 .text          0x21f04de8      0x128 common/libcommon.a(env_common.o)
                0x21f04e5c                env_get_addr
                0x21f04e7c                env_relocate
                0x21f04de8                env_crc_update
                0x21f04e3c                env_get_char_memory
 .text          0x21f04f10      0x150 common/libcommon.a(env_flash.o)
                0x21f05040                env_relocate_spec
                0x21f04f78                saveenv
                0x21f04f10                env_get_char_spec
                0x21f04f1c                env_init
 .text          0x21f05060      0x1a8 common/libcommon.a(command.o)
                0x21f05080                do_echo
                0x21f051c0                find_cmd
                0x21f05108                do_help
                0x21f05060                do_version
 .text          0x21f05208      0x58c common/libcommon.a(console.o)
                0x21f055f8                console_init_r
                0x21f05458                printf
                0x21f05554                console_assign
                0x21f053e4                getc
                0x21f0543c                puts
                0x21f05788                dbg
                0x21f052c0                serial_printf
                0x21f05320                ftstc
                0x21f053a4                fprintf
                0x21f053fc                tstc
                0x21f05490                vprintf
                0x21f054bc                ctrlc
                0x21f05414                putc
                0x21f05518                disable_ctrlc
                0x21f052f8                fgetc
                0x21f05530                had_ctrlc
                0x21f05348                fputc
                0x21f055e8                console_init_f
                0x21f05540                clear_ctrlc
                0x21f05378                fputs
 .text          0x21f05794      0x10c common/libcommon.a(devices.o)
                0x21f05808                device_register
                0x21f05884                devices_done
                0x21f05830                devices_init
 .text          0x21f058a0     0x10b4 common/libcommon.a(dlmalloc.o)
                0x21f05a8c                malloc
                0x21f066d4                pvalloc
                0x21f066ec                calloc
                0x21f068a4                malloc_usable_size
                0x21f06150                realloc
                0x21f067c0                malloc_trim
                0x21f058a0                malloc_bin_reloc
                0x21f068e4                mallopt
                0x21f065b8                memalign
                0x21f067bc                cfree
                0x21f066c8                valloc
                0x21f05f30                free
 .text          0x21f06954      0x3f8 common/libcommon.a(flash.o)
                0x21f06ab4                flash_write
                0x21f06954                flash_protect
                0x21f06a54                addr2info
                0x21f06c60                flash_perror
 .text          0x21f06d4c      0x42c common/libcommon.a(lists.o)
                0x21f06db4                DisposeHandle
                0x21f06f94                ListDispose
                0x21f06fa0                ListInsertItems
                0x21f06f80                ListSetAllocationPolicy
                0x21f07160                ListGetItemSize
                0x21f07154                ListGetDataPtr
                0x21f06d4c                NewHandle
                0x21f06de0                SetHandleSize
                0x21f06f98                ListInsertItem
                0x21f06dd8                GetHandleSize
                0x21f0716c                ListNumItems
                0x21f07124                ListGetPtrToItem
                0x21f06f20                ListCreate
                0x21f070d8                ListGetItems
 .text          0x21f07178      0xabc common/libcommon.a(cmd_boot.o)
                0x21f07178                do_go
                0x21f076dc                k_data_init
                0x21f07490                s1_sendpacket
                0x21f077b0                handle_send_packet
                0x21f07720                k_data_restore
                0x21f07528                send_nack
                0x21f07204                do_load_serial_bin
                0x21f0773c                k_data_char
                0x21f0745c                chk1
                0x21f07704                k_data_save
                0x21f07430                ktrans
                0x21f073f4                send_pad
                0x21f074c0                send_ack
 .text          0x21f07c34       0xd8 common/libcommon.a(cmd_console.o)
                0x21f07c34                do_coninfo
 .text          0x21f07d0c      0xa18 common/libcommon.a(cmd_flash.o)
                0x21f07e70                do_flinfo
                0x21f08140                flash_sect_erase
                0x21f08298                do_protect
                0x21f07f38                do_flerase
                0x21f08594                flash_sect_protect
 .text          0x21f08724      0xca4 common/libcommon.a(cmd_mem.o)
                0x21f08f08                do_mem_base
                0x21f08a50                do_mem_mw
                0x21f09308                do_mem_crc
                0x21f08a24                do_mem_nm
                0x21f089f8                do_mem_mm
                0x21f08cec                do_mem_cp
                0x21f09058                do_mem_mtest
                0x21f08b1c                do_mem_cmp
                0x21f08724                cmd_get_data_size
                0x21f08f50                do_mem_loop
                0x21f08784                do_mem_md
 .text          0x21f093c8      0x304 common/libcommon.a(cmd_net.o)
                0x21f093e0                do_rarpb
                0x21f093d4                do_tftpb
                0x21f093ec                do_dhcp
                0x21f093c8                do_bootp
 .text          0x21f096cc      0x12c common/libcommon.a(cmd_portio.o)
                0x21f09774                do_portio_in
                0x21f096cc                do_portio_out
 .text          0x21f097f8      0x108 lib_generic/libgeneric.a(crc32.o)
                0x21f097f8                crc32
 .text          0x21f09900       0xa8 lib_generic/libgeneric.a(display_options.o)
                0x21f09900                display_options
                0x21f09920                print_size
 .text          0x21f099a8      0x62c lib_generic/libgeneric.a(string.o)
                0x21f09a34                strcpy
                0x21f09f10                memscan
                0x21f09e78                memmove
                0x21f09e50                memcpy
                0x21f09c20                strnlen
                0x21f09bc4                strrchr
                0x21f09a80                strcat
                0x21f09fa0                memchr
                0x21f09f34                strstr
                0x21f09b48                strncmp
                0x21f09a54                strncpy
                0x21f09e24                bcopy
                0x21f09d48                strtok
                0x21f09ed8                memcmp
                0x21f09ab8                strncat
                0x21f09c60                strdup
                0x21f09e00                memset
                0x21f09b18                strcmp
                0x21f09dc8                strsep
                0x21f099a8                strnicmp
                0x21f09ca0                strspn
                0x21f09bfc                strlen
                0x21f09b90                strchr
                0x21f09d00                strpbrk
 .text          0x21f09fd4      0x8c4 lib_generic/libgeneric.a(vsprintf.o)
                0x21f0a334                vsprintf
                0x21f0a080                simple_strtol
                0x21f0a850                panic
                0x21f0a830                sprintf
                0x21f09fd4                simple_strtoul
 .text          0x21f0a898     0x2c9c lib_generic/libgeneric.a(zlib.o)
                0x21f0aa44                inflate
                0x21f0a96c                inflateInit2
                0x21f0ae08                inflateIncomp
                0x21f0d398                adler32
                0x21f0a898                inflateReset
                0x21f0ae28                inflateSync
                0x21f0aa3c                inflateInit
                0x21f0a900                inflateEnd
 .text          0x21f0d534       0x84 board/at91rm9200dk/libat91rm9200dk.a(at91rm9200dk.o)
                0x21f0d598                dram_init
                0x21f0d534                board_init
 .text          0x21f0d5b8      0x76c board/at91rm9200dk/libat91rm9200dk.a(flash.o)
                0x21f0d5b8                flash_identification
                0x21f0d96c                flash_erase
                0x21f0d678                flash_init
                0x21f0d814                flash_print_info
                0x21f0dc7c                write_buff
 .text          0x21f0dd24      0x118 cpu/at91rm9200/libat91rm9200.a(serial.o)
                0x21f0dd24                serial_setbrg
                0x21f0de24                serial_tstc
                0x21f0dda4                serial_putc
                0x21f0dd3c                serial_init
                0x21f0ddd8                serial_puts
                0x21f0de04                serial_getc
 .text          0x21f0de3c      0x154 cpu/at91rm9200/libat91rm9200.a(cpu.o)
                0x21f0dea8                cleanup_before_linux
                0x21f0df3c                dcache_enable
                0x21f0de84                cpu_init
                0x21f0dee8                icache_enable
                0x21f0deb8                do_reset
                0x21f0df08                icache_disable
                0x21f0df7c                dcache_status
                0x21f0df28                icache_status
                0x21f0df5c                dcache_disable
 .text          0x21f0df90      0x6ac cpu/at91rm9200/libat91rm9200.a(at91rm9200_ether.o)
                0x21f0e638                eth_halt
                0x21f0e344                at91rm92000_GetPhyInterface
                0x21f0e5a8                eth_rx
                0x21f0e38c                eth_init
                0x21f0e55c                eth_send
 .text          0x21f0e63c      0x814 cpu/at91rm9200/libat91rm9200.a(at45.o)
                0x21f0ea00                AT91F_DataFlashPagePgmBuf
                0x21f0e998                AT91F_DataFlashContinuousRead
                0x21f0eb78                AT91F_WriteBufferToMain
                0x21f0e950                AT91F_DataFlashWaitReady
                0x21f0ed8c                AT91F_DataFlashRead
                0x21f0e8e8                AT91F_DataFlashGetStatus
                0x21f0ea3c                AT91F_MainMemoryToBufferTransfert
                0x21f0ee28                AT91F_DataflashProbe
                0x21f0e71c                AT91F_SpiWrite
                0x21f0ea8c                AT91F_DataFlashWriteBuffer
                0x21f0ec60                AT91F_DataFlashWrite
                0x21f0e6a0                AT91F_SpiEnable
                0x21f0e7f8                AT91F_DataFlashSendCommand
                0x21f0ebc0                AT91F_PartialPageWrite
                0x21f0e63c                AT91F_SpiInit
 .text          0x21f0ee50       0x98 lib_arm/libarm.a(_udivsi3.o)
                0x21f0ee50                __udivsi3
 .text          0x21f0eee8       0xb4 lib_arm/libarm.a(_umodsi3.o)
                0x21f0eee8                __umodsi3
 .text          0x21f0ef9c      0x500 lib_arm/libarm.a(armlinux.o)
                0x21f0ef9c                do_bootm_linux
 .text          0x21f0f49c        0x4 lib_arm/libarm.a(cache.o)
                0x21f0f49c                flush_cache
 .text          0x21f0f4a0        0x4 lib_arm/libarm.a(div0.o)
                0x21f0f4a0                __div0

.glue_7         0x21f0f4a4        0x0

.glue_7t        0x21f0f4a4        0x0
                0x21f0f4a4                . = ALIGN (0x4)

.rodata         0x21f0f4a4      0x4c4
 *(.rodata)
 .rodata        0x21f0f4a4       0x80 cpu/at91rm9200/libat91rm9200.a(interrupts.o)
 .rodata        0x21f0f524       0x28 lib_arm/libarm.a(board.o)
                0x21f0f524                version_string
 .rodata        0x21f0f54c        0x8 net/libnet.a(net.o)
 .rodata        0x21f0f554       0x14 common/libcommon.a(cmd_nvedit.o)
 .rodata        0x21f0f568      0x400 lib_generic/libgeneric.a(crc32.o)

.rodata.str1.4  0x21f0f968     0x23e3
 .rodata.str1.4
                0x21f0f968      0x297 cpu/at91rm9200/libat91rm9200.a(interrupts.o)
                                0x29c (size before relaxing)
 *fill*         0x21f0fbff        0x1 00
 .rodata.str1.4
                0x21f0fc00       0xc6 lib_arm/libarm.a(board.o)
                                 0xcc (size before relaxing)
 *fill*         0x21f0fcc6        0x2 00
 .rodata.str1.4
                0x21f0fcc8      0x188 net/libnet.a(net.o)
 .rodata.str1.4
                0x21f0fe50      0x1ab net/libnet.a(tftp.o)
                                0x1b0 (size before relaxing)
 *fill*         0x21f0fffb        0x1 00
 .rodata.str1.4
                0x21f0fffc       0xd1 net/libnet.a(bootp.o)
                                0x10c (size before relaxing)
 *fill*         0x21f100cd        0x3 00
 .rodata.str1.4
                0x21f100d0       0x13 net/libnet.a(rarp.o)
                                 0x3c (size before relaxing)
 *fill*         0x21f100e3        0x1 00
 .rodata.str1.4
                0x21f100e4      0x149 drivers/libdrivers.a(dataflash.o)
                                0x14c (size before relaxing)
 *fill*         0x21f1022d        0x3 00
 .rodata.str1.4
                0x21f10230      0x104 common/libcommon.a(main.o)
 .rodata.str1.4
                0x21f10334      0x4ed common/libcommon.a(cmd_bootm.o)
                                0x500 (size before relaxing)
 *fill*         0x21f10821        0x3 00
 .rodata.str1.4
                0x21f10824      0x125 common/libcommon.a(cmd_nvedit.o)
                                0x184 (size before relaxing)
 *fill*         0x21f10949        0x3 00
 .rodata.str1.4
                0x21f1094c       0x33 common/libcommon.a(env_common.o)
                                 0x34 (size before relaxing)
 *fill*         0x21f1097f        0x1 00
 .rodata.str1.4
                0x21f10980       0x3a common/libcommon.a(env_flash.o)
                                 0x3c (size before relaxing)
 *fill*         0x21f109ba        0x2 00
 .rodata.str1.4
                0x21f109bc      0x6e4 common/libcommon.a(command.o)
                                0x6f0 (size before relaxing)
 .rodata.str1.4
                0x21f110a0       0x79 common/libcommon.a(console.o)
                                 0x7c (size before relaxing)
 *fill*         0x21f11119        0x3 00
 .rodata.str1.4
                0x21f1111c       0x30 common/libcommon.a(devices.o)
                                 0x48 (size before relaxing)
 .rodata.str1.4
                0x21f1114c       0xfd common/libcommon.a(flash.o)
                                0x120 (size before relaxing)
 *fill*         0x21f11249        0x3 00
 .rodata.str1.4
                0x21f1124c      0x133 common/libcommon.a(cmd_boot.o)
                                0x18c (size before relaxing)
 *fill*         0x21f1137f        0x1 00
 .rodata.str1.4
                0x21f11380       0x34 common/libcommon.a(cmd_console.o)
 .rodata.str1.4
                0x21f113b4      0x19c common/libcommon.a(cmd_flash.o)
                                0x1b4 (size before relaxing)
 .rodata.str1.4
                0x21f11550      0x2a5 common/libcommon.a(cmd_mem.o)
                                0x2cc (size before relaxing)
 *fill*         0x21f117f5        0x3 00
 .rodata.str1.4
                0x21f117f8       0x59 common/libcommon.a(cmd_net.o)
                                 0xa8 (size before relaxing)
 *fill*         0x21f11851        0x3 00
 .rodata.str1.4
                0x21f11854        0xc common/libcommon.a(cmd_portio.o)
 .rodata.str1.4
                0x21f11860       0x17 lib_generic/libgeneric.a(display_options.o)
                                 0x20 (size before relaxing)
 *fill*         0x21f11877        0x1 00
 .rodata.str1.4
                0x21f11878       0x57 lib_generic/libgeneric.a(vsprintf.o)
                                 0x58 (size before relaxing)
 *fill*         0x21f118cf        0x1 00
 .rodata.str1.4
                0x21f118d0      0x20f lib_generic/libgeneric.a(zlib.o)
                                0x214 (size before relaxing)
 *fill*         0x21f11adf        0x1 00
 .rodata.str1.4
                0x21f11ae0      0x1b4 board/at91rm9200dk/libat91rm9200dk.a(flash.o)
                                0x1b8 (size before relaxing)
 .rodata.str1.4
                0x21f11c94       0x4a cpu/at91rm9200/libat91rm9200.a(at91rm9200_ether.o)
                                 0x4c (size before relaxing)
 *fill*         0x21f11cde        0x2 00
 .rodata.str1.4
                0x21f11ce0       0x10 cpu/at91rm9200/libat91rm9200.a(at45.o)
 .rodata.str1.4
                0x21f11cf0       0x5b lib_arm/libarm.a(armlinux.o)
                                 0xc4 (size before relaxing)
                0x21f11d4c                . = ALIGN (0x4)

.data           0x21f11d4c      0xc40
 *(.data)
 .data          0x21f11d4c       0x2c lib_arm/libarm.a(board.o)
                0x21f11d4c                init_sequence
 .data          0x21f11d78        0x6 net/libnet.a(net.o)
                0x21f11d78                NetBcastAddr
 *fill*         0x21f11d7e        0x2 00
 .data          0x21f11d80       0x10 drivers/libdrivers.a(dataflash.o)
                0x21f11d80                cs
 .data          0x21f11d90       0x10 common/libcommon.a(main.o)
 .data          0x21f11da0        0x4 common/libcommon.a(cmd_bootm.o)
                0x21f11da0                load_addr
 .data          0x21f11da4       0xb4 common/libcommon.a(env_common.o)
                0x21f11da4                env_get_char
                0x21f11da8                default_environment
 .data          0x21f11e58        0xc common/libcommon.a(env_flash.o)
                0x21f11e58                env_name_spec
                0x21f11e5c                env_ptr
 .data          0x21f11e64      0x330 common/libcommon.a(command.o)
                0x21f11e64                cmd_tbl
 .data          0x21f12194        0xc common/libcommon.a(devices.o)
                0x21f12194                stdio_names
 .data          0x21f121a0      0x414 common/libcommon.a(dlmalloc.o)
 .data          0x21f125b4        0x4 common/libcommon.a(cmd_mem.o)
                0x21f125b4                dp_last_length
 .data          0x21f125b8      0x2a0 lib_generic/libgeneric.a(zlib.o)
                0x21f12834                zlib_version
                0x21f12838                z_errmsg
 .data          0x21f12858      0x100 lib_generic/libgeneric.a(ctype.o)
                0x21f12858                _ctype
 .data          0x21f12958       0x30 board/at91rm9200dk/libat91rm9200dk.a(flash.o)
                0x21f12958                OrgAT49BV16x4
                0x21f12980                OrgSST39VF3201
                0x21f12970                OrgAT49BV16x4A
 .data          0x21f12988        0x4 cpu/at91rm9200/libat91rm9200.a(serial.o)
                0x21f12988                us
                0x21f1298c                . = ALIGN (0x4)

.got
 *(.got)
                0x21f1298c                armboot_end_data = .
                0x21f1298c                . = ALIGN (0x4)

.bss            0x21f1298c     0xe2e4
 *(.bss)
 .bss           0x21f1298c        0xc cpu/at91rm9200/libat91rm9200.a(interrupts.o)
                0x21f1298c                tmr
 .bss           0x21f12998       0x10 lib_arm/libarm.a(board.o)
                0x21f129a4                monitor_flash_len
 .bss           0x21f129a8     0x25bc net/libnet.a(net.o)
                0x21f14f60                NetArpWaitTry
                0x21f14930                NetArpWaitPacketMAC
                0x21f12a4c                NetOurEther
                0x21f12a54                NetOurIP
                0x21f12a58                NetServerIP
                0x21f14938                NetArpWaitTxPacketSize
                0x21f1492c                NetArpWaitReplyIP
                0x21f12a5c                NetRxPackets
                0x21f14934                NetArpWaitTxPacket
                0x21f129b4                NetOurNISDomain
                0x21f14928                NetArpWaitPacketIP
                0x21f12a78                NetState
                0x21f12a7c                BootFile
                0x21f12a36                NetServerEther
                0x21f129a8                NetOurSubnetMask
                0x21f12a34                NetBootFileSize
                0x21f12a74                NetIPID
                0x21f129d4                NetOurHostName
                0x21f12a6c                NetRxPkt
                0x21f129ac                NetOurGatewayIP
                0x21f12a3c                NetEtherNullAddr
                0x21f1493c                NetArpWaitPacketBuf
                0x21f12a70                NetRxPktLen
                0x21f12a44                NetTxPacket
                0x21f12a48                NetBootFileXferSize
                0x21f129b0                NetOurDNSIP
                0x21f12afc                PktBuf
                0x21f129f4                NetOurRootPath
                0x21f14f5c                NetArpWaitTimerStart
 .bss           0x21f14f64       0x2c net/libnet.a(tftp.o)
 .bss           0x21f14f90       0x14 net/libnet.a(bootp.o)
                0x21f14f98                NetDHCPServerIP
                0x21f14f90                dhcp_state
                0x21f14fa0                BootpTry
                0x21f14f9c                BootpID
                0x21f14f94                dhcp_leasetime
 .bss           0x21f14fa4        0x4 net/libnet.a(rarp.o)
                0x21f14fa4                RarpTry
 .bss           0x21f14fa8     0x8098 drivers/libdrivers.a(dataflash.o)
                0x21f14fa8                dataflash_info
 .bss           0x21f1d040      0x200 common/libcommon.a(main.o)
                0x21f1d140                console_buffer
 .bss           0x21f1d240       0x40 common/libcommon.a(cmd_bootm.o)
                0x21f1d240                header
 .bss           0x21f1d280        0xc common/libcommon.a(console.o)
                0x21f1d288                syscall_tbl
 .bss           0x21f1d28c       0x10 common/libcommon.a(devices.o)
                0x21f1d28c                devlist
                0x21f1d290                stdio_devices
 .bss           0x21f1d29c       0x3c common/libcommon.a(dlmalloc.o)
 .bss           0x21f1d2d8       0x88 common/libcommon.a(cmd_boot.o)
                0x21f1d304                his_pad_char
                0x21f1d2d8                os_data_count
                0x21f1d320                os_data_init
                0x21f1d35c                send_ptr
                0x21f1d2dc                os_data_header
                0x21f1d324                os_data_char
                0x21f1d2fc                his_eol
                0x21f1d305                his_quote
                0x21f1d348                send_parms
                0x21f1d300                his_pad_count
 .bss           0x21f1d360       0x14 common/libcommon.a(cmd_mem.o)
                0x21f1d368                dp_last_size
                0x21f1d364                dp_last_addr
                0x21f1d370                mm_last_size
                0x21f1d36c                mm_last_addr
 .bss           0x21f1d374       0x14 common/libcommon.a(cmd_portio.o)
 .bss           0x21f1d388        0x4 lib_generic/libgeneric.a(string.o)
                0x21f1d388                ___strtok
 .bss           0x21f1d38c     0x10a8 lib_generic/libgeneric.a(zlib.o)
 .bss           0x21f1e434     0x2818 board/at91rm9200dk/libat91rm9200dk.a(flash.o)
                0x21f1e434                flash_info
 .bss           0x21f20c4c       0x20 cpu/at91rm9200/libat91rm9200.a(at91rm9200_ether.o)
                0x21f20c68                rbfp
                0x21f20c4c                AT91S_Dm9161Ops
                0x21f20c64                rbfdt
                0x21f20c5c                pPhyOps
                0x21f20c60                p_mac
 .bss           0x21f20c6c        0x4 lib_arm/libarm.a(armlinux.o)
                0x21f20c70                armboot_end = .
Address of section .text set to 0x21f00000
LOAD cpu/at91rm9200/start.o
START GROUP
LOAD board/at91rm9200dk/libat91rm9200dk.a
LOAD cpu/at91rm9200/libat91rm9200.a
LOAD lib_arm/libarm.a
LOAD fs/jffs2/libjffs2.a
LOAD fs/fdos/libfdos.a
LOAD fs/fat/libfat.a
LOAD net/libnet.a
LOAD disk/libdisk.a
LOAD rtc/librtc.a
LOAD dtt/libdtt.a
LOAD drivers/libdrivers.a
LOAD post/libpost.a
LOAD post/cpu/libcpu.a
LOAD common/libcommon.a
LOAD lib_generic/libgeneric.a
END GROUP
OUTPUT(u-boot elf32-littlearm)

.stab           0x00000000      0x6c0
 .stab          0x00000000      0x24c cpu/at91rm9200/start.o
 .stab          0x0000024c      0x210 lib_arm/libarm.a(_udivsi3.o)
                                0x21c (size before relaxing)
 .stab          0x0000045c      0x264 lib_arm/libarm.a(_umodsi3.o)
                                0x270 (size before relaxing)

.stabstr        0x00000000       0xd9
 .stabstr       0x00000000       0xd9 cpu/at91rm9200/start.o
                                  0x0 (size before relaxing)

.debug_abbrev   0x00000000     0x49b5
 .debug_abbrev  0x00000000      0x1da cpu/at91rm9200/libat91rm9200.a(interrupts.o)
 .debug_abbrev  0x000001da      0x28d lib_arm/libarm.a(board.o)
 .debug_abbrev  0x00000467      0x364 net/libnet.a(net.o)
 .debug_abbrev  0x000007cb      0x2a2 net/libnet.a(tftp.o)
 .debug_abbrev  0x00000a6d      0x34f net/libnet.a(bootp.o)
 .debug_abbrev  0x00000dbc      0x1e4 net/libnet.a(rarp.o)
 .debug_abbrev  0x00000fa0      0x1da drivers/libdrivers.a(dataflash.o)
 .debug_abbrev  0x0000117a      0x23d common/libcommon.a(main.o)
 .debug_abbrev  0x000013b7      0x27d common/libcommon.a(cmd_bootm.o)
 .debug_abbrev  0x00001634      0x290 common/libcommon.a(cmd_nvedit.o)
 .debug_abbrev  0x000018c4      0x1a1 common/libcommon.a(env_common.o)
 .debug_abbrev  0x00001a65      0x1cb common/libcommon.a(env_flash.o)
 .debug_abbrev  0x00001c30      0x16d common/libcommon.a(command.o)
 .debug_abbrev  0x00001d9d      0x289 common/libcommon.a(console.o)
 .debug_abbrev  0x00002026      0x183 common/libcommon.a(devices.o)
 .debug_abbrev  0x000021a9      0x1d3 common/libcommon.a(dlmalloc.o)
 .debug_abbrev  0x0000237c      0x179 common/libcommon.a(flash.o)
 .debug_abbrev  0x000024f5      0x1d6 common/libcommon.a(lists.o)
 .debug_abbrev  0x000026cb      0x298 common/libcommon.a(cmd_boot.o)
 .debug_abbrev  0x00002963      0x156 common/libcommon.a(cmd_console.o)
 .debug_abbrev  0x00002ab9      0x224 common/libcommon.a(cmd_flash.o)
 .debug_abbrev  0x00002cdd      0x22d common/libcommon.a(cmd_mem.o)
 .debug_abbrev  0x00002f0a      0x1e6 common/libcommon.a(cmd_net.o)
 .debug_abbrev  0x000030f0      0x118 common/libcommon.a(cmd_portio.o)
 .debug_abbrev  0x00003208      0x12e lib_generic/libgeneric.a(crc32.o)
 .debug_abbrev  0x00003336      0x168 lib_generic/libgeneric.a(display_options.o)
 .debug_abbrev  0x0000349e      0x1ec lib_generic/libgeneric.a(string.o)
 .debug_abbrev  0x0000368a      0x235 lib_generic/libgeneric.a(vsprintf.o)
 .debug_abbrev  0x000038bf      0x214 lib_generic/libgeneric.a(zlib.o)
 .debug_abbrev  0x00003ad3       0x42 lib_generic/libgeneric.a(ctype.o)
 .debug_abbrev  0x00003b15      0x169 board/at91rm9200dk/libat91rm9200dk.a(at91rm9200dk.o)
 .debug_abbrev  0x00003c7e      0x1e9 board/at91rm9200dk/libat91rm9200dk.a(flash.o)
 .debug_abbrev  0x00003e67      0x19b cpu/at91rm9200/libat91rm9200.a(serial.o)
 .debug_abbrev  0x00004002      0x1db cpu/at91rm9200/libat91rm9200.a(cpu.o)
 .debug_abbrev  0x000041dd      0x28e cpu/at91rm9200/libat91rm9200.a(at91rm9200_ether.o)
 .debug_abbrev  0x0000446b      0x215 cpu/at91rm9200/libat91rm9200.a(at45.o)
 .debug_abbrev  0x00004680      0x2b6 lib_arm/libarm.a(armlinux.o)
 .debug_abbrev  0x00004936       0x45 lib_arm/libarm.a(cache.o)
 .debug_abbrev  0x0000497b       0x3a lib_arm/libarm.a(div0.o)

.debug_info     0x00000000    0x2ed32
 .debug_info    0x00000000     0x19fb cpu/at91rm9200/libat91rm9200.a(interrupts.o)
 .debug_info    0x000019fb     0x158f lib_arm/libarm.a(board.o)
 .debug_info    0x00002f8a     0x1cea net/libnet.a(net.o)
 .debug_info    0x00004c74     0x13d9 net/libnet.a(tftp.o)
 .debug_info    0x0000604d     0x193b net/libnet.a(bootp.o)
 .debug_info    0x00007988     0x1187 net/libnet.a(rarp.o)
 .debug_info    0x00008b0f     0x1be9 drivers/libdrivers.a(dataflash.o)
 .debug_info    0x0000a6f8      0xfd4 common/libcommon.a(main.o)
 .debug_info    0x0000b6cc     0x23e9 common/libcommon.a(cmd_bootm.o)
 .debug_info    0x0000dab5     0x1455 common/libcommon.a(cmd_nvedit.o)
 .debug_info    0x0000ef0a      0xcd5 common/libcommon.a(env_common.o)
 .debug_info    0x0000fbdf      0xccc common/libcommon.a(env_flash.o)
 .debug_info    0x000108ab      0xc63 common/libcommon.a(command.o)
 .debug_info    0x0001150e     0x1277 common/libcommon.a(console.o)
 .debug_info    0x00012785      0xe3e common/libcommon.a(devices.o)
 .debug_info    0x000135c3     0x12e3 common/libcommon.a(dlmalloc.o)
 .debug_info    0x000148a6      0xbc8 common/libcommon.a(flash.o)
 .debug_info    0x0001546e      0xf35 common/libcommon.a(lists.o)
 .debug_info    0x000163a3     0x1558 common/libcommon.a(cmd_boot.o)
 .debug_info    0x000178fb      0xe39 common/libcommon.a(cmd_console.o)
 .debug_info    0x00018734     0x1ebd common/libcommon.a(cmd_flash.o)
 .debug_info    0x0001a5f1     0x2270 common/libcommon.a(cmd_mem.o)
 .debug_info    0x0001c861     0x11e1 common/libcommon.a(cmd_net.o)
 .debug_info    0x0001da42      0xbde common/libcommon.a(cmd_portio.o)
 .debug_info    0x0001e620      0xc30 lib_generic/libgeneric.a(crc32.o)
 .debug_info    0x0001f250      0xa76 lib_generic/libgeneric.a(display_options.o)
 .debug_info    0x0001fcc6      0xd6f lib_generic/libgeneric.a(string.o)
 .debug_info    0x00020a35      0xe0b lib_generic/libgeneric.a(vsprintf.o)
 .debug_info    0x00021840     0x1928 lib_generic/libgeneric.a(zlib.o)
 .debug_info    0x00023168       0x56 lib_generic/libgeneric.a(ctype.o)
 .debug_info    0x000231be     0x176f board/at91rm9200dk/libat91rm9200dk.a(at91rm9200dk.o)
 .debug_info    0x0002492d      0xdd8 board/at91rm9200dk/libat91rm9200dk.a(flash.o)
 .debug_info    0x00025705     0x17f9 cpu/at91rm9200/libat91rm9200.a(serial.o)
 .debug_info    0x00026efe     0x19cd cpu/at91rm9200/libat91rm9200.a(cpu.o)
 .debug_info    0x000288cb     0x1fc1 cpu/at91rm9200/libat91rm9200.a(at91rm9200_ether.o)
 .debug_info    0x0002a88c     0x1dc0 cpu/at91rm9200/libat91rm9200.a(at45.o)
 .debug_info    0x0002c64c     0x2643 lib_arm/libarm.a(armlinux.o)
 .debug_info    0x0002ec8f       0x5f lib_arm/libarm.a(cache.o)
 .debug_info    0x0002ecee       0x44 lib_arm/libarm.a(div0.o)

.debug_line     0x00000000     0x8074
 .debug_line    0x00000000      0x327 cpu/at91rm9200/libat91rm9200.a(interrupts.o)
 .debug_line    0x00000327      0x325 lib_arm/libarm.a(board.o)
 .debug_line    0x0000064c      0x608 net/libnet.a(net.o)
 .debug_line    0x00000c54      0x3eb net/libnet.a(tftp.o)
 .debug_line    0x0000103f      0x53b net/libnet.a(bootp.o)
 .debug_line    0x0000157a      0x2ae net/libnet.a(rarp.o)
 .debug_line    0x00001828      0x34d drivers/libdrivers.a(dataflash.o)
 .debug_line    0x00001b75      0x3d3 common/libcommon.a(main.o)
 .debug_line    0x00001f48      0x52e common/libcommon.a(cmd_bootm.o)
 .debug_line    0x00002476      0x3fe common/libcommon.a(cmd_nvedit.o)
 .debug_line    0x00002874      0x2ce common/libcommon.a(env_common.o)
 .debug_line    0x00002b42      0x2cd common/libcommon.a(env_flash.o)
 .debug_line    0x00002e0f      0x2c2 common/libcommon.a(command.o)
 .debug_line    0x000030d1      0x371 common/libcommon.a(console.o)
 .debug_line    0x00003442      0x2bb common/libcommon.a(devices.o)
 .debug_line    0x000036fd      0x4e1 common/libcommon.a(dlmalloc.o)
 .debug_line    0x00003bde      0x2d4 common/libcommon.a(flash.o)
 .debug_line    0x00003eb2      0x308 common/libcommon.a(lists.o)
 .debug_line    0x000041ba      0x437 common/libcommon.a(cmd_boot.o)
 .debug_line    0x000045f1      0x2a7 common/libcommon.a(cmd_console.o)
 .debug_line    0x00004898      0x3ef common/libcommon.a(cmd_flash.o)
 .debug_line    0x00004c87      0x4ba common/libcommon.a(cmd_mem.o)
 .debug_line    0x00005141      0x2d3 common/libcommon.a(cmd_net.o)
 .debug_line    0x00005414      0x2b3 common/libcommon.a(cmd_portio.o)
 .debug_line    0x000056c7      0x28a lib_generic/libgeneric.a(crc32.o)
 .debug_line    0x00005951      0x28f lib_generic/libgeneric.a(display_options.o)
 .debug_line    0x00005be0      0x230 lib_generic/libgeneric.a(string.o)
 .debug_line    0x00005e10      0x376 lib_generic/libgeneric.a(vsprintf.o)
 .debug_line    0x00006186      0x67a lib_generic/libgeneric.a(zlib.o)
 .debug_line    0x00006800       0x25 lib_generic/libgeneric.a(ctype.o)
 .debug_line    0x00006825      0x2d0 board/at91rm9200dk/libat91rm9200dk.a(at91rm9200dk.o)
 .debug_line    0x00006af5      0x388 board/at91rm9200dk/libat91rm9200dk.a(flash.o)
 .debug_line    0x00006e7d      0x2d0 cpu/at91rm9200/libat91rm9200.a(serial.o)
 .debug_line    0x0000714d      0x306 cpu/at91rm9200/libat91rm9200.a(cpu.o)
 .debug_line    0x00007453      0x3bb cpu/at91rm9200/libat91rm9200.a(at91rm9200_ether.o)
 .debug_line    0x0000780e      0x3c9 cpu/at91rm9200/libat91rm9200.a(at45.o)
 .debug_line    0x00007bd7      0x436 lib_arm/libarm.a(armlinux.o)
 .debug_line    0x0000800d       0x34 lib_arm/libarm.a(cache.o)
 .debug_line    0x00008041       0x33 lib_arm/libarm.a(div0.o)

.debug_frame    0x00000000     0x2408
 .debug_frame   0x00000000      0x1a0 cpu/at91rm9200/libat91rm9200.a(interrupts.o)
 .debug_frame   0x000001a0       0xd4 lib_arm/libarm.a(board.o)
 .debug_frame   0x00000274      0x228 net/libnet.a(net.o)
 .debug_frame   0x0000049c       0x88 net/libnet.a(tftp.o)
 .debug_frame   0x00000524      0x148 net/libnet.a(bootp.o)
 .debug_frame   0x0000066c       0x58 net/libnet.a(rarp.o)
 .debug_frame   0x000006c4       0xcc drivers/libdrivers.a(dataflash.o)
 .debug_frame   0x00000790      0x110 common/libcommon.a(main.o)
 .debug_frame   0x000008a0      0x108 common/libcommon.a(cmd_bootm.o)
 .debug_frame   0x000009a8      0x10c common/libcommon.a(cmd_nvedit.o)
 .debug_frame   0x00000ab4       0x7c common/libcommon.a(env_common.o)
 .debug_frame   0x00000b30       0x68 common/libcommon.a(env_flash.o)
 .debug_frame   0x00000b98       0x84 common/libcommon.a(command.o)
 .debug_frame   0x00000c1c      0x214 common/libcommon.a(console.o)
 .debug_frame   0x00000e30       0x74 common/libcommon.a(devices.o)
 .debug_frame   0x00000ea4      0x15c common/libcommon.a(dlmalloc.o)
 .debug_frame   0x00001000       0x84 common/libcommon.a(flash.o)
 .debug_frame   0x00001084      0x150 common/libcommon.a(lists.o)
 .debug_frame   0x000011d4      0x1e4 common/libcommon.a(cmd_boot.o)
 .debug_frame   0x000013b8       0x30 common/libcommon.a(cmd_console.o)
 .debug_frame   0x000013e8       0xe8 common/libcommon.a(cmd_flash.o)
 .debug_frame   0x000014d0      0x188 common/libcommon.a(cmd_mem.o)
 .debug_frame   0x00001658       0x90 common/libcommon.a(cmd_net.o)
 .debug_frame   0x000016e8       0x54 common/libcommon.a(cmd_portio.o)
 .debug_frame   0x0000173c       0x28 lib_generic/libgeneric.a(crc32.o)
 .debug_frame   0x00001764       0x48 lib_generic/libgeneric.a(display_options.o)
 .debug_frame   0x000017ac      0x1f0 lib_generic/libgeneric.a(string.o)
 .debug_frame   0x0000199c       0xe4 lib_generic/libgeneric.a(vsprintf.o)
 .debug_frame   0x00001a80      0x324 lib_generic/libgeneric.a(zlib.o)
 .debug_frame   0x00001da4       0x38 board/at91rm9200dk/libat91rm9200dk.a(at91rm9200dk.o)
 .debug_frame   0x00001ddc       0xdc board/at91rm9200dk/libat91rm9200dk.a(flash.o)
 .debug_frame   0x00001eb8       0x88 cpu/at91rm9200/libat91rm9200.a(serial.o)
 .debug_frame   0x00001f40      0x10c cpu/at91rm9200/libat91rm9200.a(cpu.o)
 .debug_frame   0x0000204c      0x140 cpu/at91rm9200/libat91rm9200.a(at91rm9200_ether.o)
 .debug_frame   0x0000218c      0x1a8 cpu/at91rm9200/libat91rm9200.a(at45.o)
 .debug_frame   0x00002334       0x94 lib_arm/libarm.a(armlinux.o)
 .debug_frame   0x000023c8       0x20 lib_arm/libarm.a(cache.o)
 .debug_frame   0x000023e8       0x20 lib_arm/libarm.a(div0.o)

.debug_pubnames
                0x00000000     0x1809
 .debug_pubnames
                0x00000000      0x16f cpu/at91rm9200/libat91rm9200.a(interrupts.o)
 .debug_pubnames
                0x0000016f       0x71 lib_arm/libarm.a(board.o)
 .debug_pubnames
                0x000001e0      0x36b net/libnet.a(net.o)
 .debug_pubnames
                0x0000054b       0x20 net/libnet.a(tftp.o)
 .debug_pubnames
                0x0000056b       0x82 net/libnet.a(bootp.o)
 .debug_pubnames
                0x000005ed       0x2e net/libnet.a(rarp.o)
 .debug_pubnames
                0x0000061b       0xc6 drivers/libdrivers.a(dataflash.o)
 .debug_pubnames
                0x000006e1       0x5b common/libcommon.a(main.o)
 .debug_pubnames
                0x0000073c       0x64 common/libcommon.a(cmd_bootm.o)
 .debug_pubnames
                0x000007a0       0x71 common/libcommon.a(cmd_nvedit.o)
 .debug_pubnames
                0x00000811       0x88 common/libcommon.a(env_common.o)
 .debug_pubnames
                0x00000899       0x75 common/libcommon.a(env_flash.o)
 .debug_pubnames
                0x0000090e       0x52 common/libcommon.a(command.o)
 .debug_pubnames
                0x00000960      0x11e common/libcommon.a(console.o)
 .debug_pubnames
                0x00000a7e       0x76 common/libcommon.a(devices.o)
 .debug_pubnames
                0x00000af4       0xb3 common/libcommon.a(dlmalloc.o)
 .debug_pubnames
                0x00000ba7       0x53 common/libcommon.a(flash.o)
 .debug_pubnames
                0x00000bfa      0x116 common/libcommon.a(lists.o)
 .debug_pubnames
                0x00000d10      0x17b common/libcommon.a(cmd_boot.o)
 .debug_pubnames
                0x00000e8b       0x21 common/libcommon.a(cmd_console.o)
 .debug_pubnames
                0x00000eac       0x6a common/libcommon.a(cmd_flash.o)
 .debug_pubnames
                0x00000f16      0x114 common/libcommon.a(cmd_mem.o)
 .debug_pubnames
                0x0000102a       0x45 common/libcommon.a(cmd_net.o)
 .debug_pubnames
                0x0000106f       0x35 common/libcommon.a(cmd_portio.o)
 .debug_pubnames
                0x000010a4       0x1c lib_generic/libgeneric.a(crc32.o)
 .debug_pubnames
                0x000010c0       0x35 lib_generic/libgeneric.a(display_options.o)
 .debug_pubnames
                0x000010f5      0x131 lib_generic/libgeneric.a(string.o)
 .debug_pubnames
                0x00001226       0x5a lib_generic/libgeneric.a(vsprintf.o)
 .debug_pubnames
                0x00001280       0xab lib_generic/libgeneric.a(zlib.o)
 .debug_pubnames
                0x0000132b       0x1d lib_generic/libgeneric.a(ctype.o)
 .debug_pubnames
                0x00001348       0x2f board/at91rm9200dk/libat91rm9200dk.a(at91rm9200dk.o)
 .debug_pubnames
                0x00001377       0xb5 board/at91rm9200dk/libat91rm9200dk.a(flash.o)
 .debug_pubnames
                0x0000142c       0x7b cpu/at91rm9200/libat91rm9200.a(serial.o)
 .debug_pubnames
                0x000014a7       0xb3 cpu/at91rm9200/libat91rm9200.a(cpu.o)
 .debug_pubnames
                0x0000155a       0xa1 cpu/at91rm9200/libat91rm9200.a(at91rm9200_ether.o)
 .debug_pubnames
                0x000015fb      0x1aa cpu/at91rm9200/libat91rm9200.a(at45.o)
 .debug_pubnames
                0x000017a5       0x25 lib_arm/libarm.a(armlinux.o)
 .debug_pubnames
                0x000017ca       0x22 lib_arm/libarm.a(cache.o)
 .debug_pubnames
                0x000017ec       0x1d lib_arm/libarm.a(div0.o)

.debug_aranges  0x00000000      0x4c0
 .debug_aranges
                0x00000000       0x20 cpu/at91rm9200/libat91rm9200.a(interrupts.o)
 .debug_aranges
                0x00000020       0x20 lib_arm/libarm.a(board.o)
 .debug_aranges
                0x00000040       0x20 net/libnet.a(net.o)
 .debug_aranges
                0x00000060       0x20 net/libnet.a(tftp.o)
 .debug_aranges
                0x00000080       0x20 net/libnet.a(bootp.o)
 .debug_aranges
                0x000000a0       0x20 net/libnet.a(rarp.o)
 .debug_aranges
                0x000000c0       0x20 drivers/libdrivers.a(dataflash.o)
 .debug_aranges
                0x000000e0       0x20 common/libcommon.a(main.o)
 .debug_aranges
                0x00000100       0x20 common/libcommon.a(cmd_bootm.o)
 .debug_aranges
                0x00000120       0x20 common/libcommon.a(cmd_nvedit.o)
 .debug_aranges
                0x00000140       0x20 common/libcommon.a(env_common.o)
 .debug_aranges
                0x00000160       0x20 common/libcommon.a(env_flash.o)
 .debug_aranges
                0x00000180       0x20 common/libcommon.a(command.o)
 .debug_aranges
                0x000001a0       0x20 common/libcommon.a(console.o)
 .debug_aranges
                0x000001c0       0x20 common/libcommon.a(devices.o)
 .debug_aranges
                0x000001e0       0x20 common/libcommon.a(dlmalloc.o)
 .debug_aranges
                0x00000200       0x20 common/libcommon.a(flash.o)
 .debug_aranges
                0x00000220       0x20 common/libcommon.a(lists.o)
 .debug_aranges
                0x00000240       0x20 common/libcommon.a(cmd_boot.o)
 .debug_aranges
                0x00000260       0x20 common/libcommon.a(cmd_console.o)
 .debug_aranges
                0x00000280       0x20 common/libcommon.a(cmd_flash.o)
 .debug_aranges
                0x000002a0       0x20 common/libcommon.a(cmd_mem.o)
 .debug_aranges
                0x000002c0       0x20 common/libcommon.a(cmd_net.o)
 .debug_aranges
                0x000002e0       0x20 common/libcommon.a(cmd_portio.o)
 .debug_aranges
                0x00000300       0x20 lib_generic/libgeneric.a(crc32.o)
 .debug_aranges
                0x00000320       0x20 lib_generic/libgeneric.a(display_options.o)
 .debug_aranges
                0x00000340       0x20 lib_generic/libgeneric.a(string.o)
 .debug_aranges
                0x00000360       0x20 lib_generic/libgeneric.a(vsprintf.o)
 .debug_aranges
                0x00000380       0x20 lib_generic/libgeneric.a(zlib.o)
 .debug_aranges
                0x000003a0       0x20 board/at91rm9200dk/libat91rm9200dk.a(at91rm9200dk.o)
 .debug_aranges
                0x000003c0       0x20 board/at91rm9200dk/libat91rm9200dk.a(flash.o)
 .debug_aranges
                0x000003e0       0x20 cpu/at91rm9200/libat91rm9200.a(serial.o)
 .debug_aranges
                0x00000400       0x20 cpu/at91rm9200/libat91rm9200.a(cpu.o)
 .debug_aranges
                0x00000420       0x20 cpu/at91rm9200/libat91rm9200.a(at91rm9200_ether.o)
 .debug_aranges
                0x00000440       0x20 cpu/at91rm9200/libat91rm9200.a(at45.o)
 .debug_aranges
                0x00000460       0x20 lib_arm/libarm.a(armlinux.o)
 .debug_aranges
                0x00000480       0x20 lib_arm/libarm.a(cache.o)
 .debug_aranges
                0x000004a0       0x20 lib_arm/libarm.a(div0.o)

.debug_str      0x00000000     0x3aa6
 .debug_str     0x00000000      0xd50 cpu/at91rm9200/libat91rm9200.a(interrupts.o)
                                0xf17 (size before relaxing)
 .debug_str     0x00000d50      0x4bb lib_arm/libarm.a(board.o)
                                0xbc5 (size before relaxing)
 .debug_str     0x0000120b      0x468 net/libnet.a(net.o)
                                0xd4b (size before relaxing)
 .debug_str     0x00001673       0xca net/libnet.a(tftp.o)
                                0xb54 (size before relaxing)
 .debug_str     0x0000173d      0x16b net/libnet.a(bootp.o)
                                0xc23 (size before relaxing)
 .debug_str     0x000018a8       0x4c net/libnet.a(rarp.o)
                                0xa4f (size before relaxing)
 .debug_str     0x000018f4      0x2f3 drivers/libdrivers.a(dataflash.o)
                               0x10e3 (size before relaxing)
 .debug_str     0x00001be7      0x14f common/libcommon.a(main.o)
                                0x895 (size before relaxing)
 .debug_str     0x00001d36      0x19e common/libcommon.a(cmd_bootm.o)
                               0x1261 (size before relaxing)
 .debug_str     0x00001ed4       0x93 common/libcommon.a(cmd_nvedit.o)
                                0x9e4 (size before relaxing)
 .debug_str     0x00001f67       0x78 common/libcommon.a(env_common.o)
                                0x7e9 (size before relaxing)
 .debug_str     0x00001fdf       0x68 common/libcommon.a(env_flash.o)
                                0x804 (size before relaxing)
 .debug_str     0x00002047       0x3c common/libcommon.a(command.o)
                                0x763 (size before relaxing)
 .debug_str     0x00002083      0x101 common/libcommon.a(console.o)
                                0x977 (size before relaxing)
 .debug_str     0x00002184       0x44 common/libcommon.a(devices.o)
                                0x891 (size before relaxing)
 .debug_str     0x000021c8      0x26e common/libcommon.a(dlmalloc.o)
                                0x9be (size before relaxing)
 .debug_str     0x00002436       0x4c common/libcommon.a(flash.o)
                                0x741 (size before relaxing)
 .debug_str     0x00002482      0x1cf common/libcommon.a(lists.o)
                                0x995 (size before relaxing)
 .debug_str     0x00002651      0x260 common/libcommon.a(cmd_boot.o)
                                0xbb7 (size before relaxing)
 .debug_str     0x000028b1       0x19 common/libcommon.a(cmd_console.o)
                                0x85b (size before relaxing)
 .debug_str     0x000028ca       0xb1 common/libcommon.a(cmd_flash.o)
                               0x110b (size before relaxing)
 .debug_str     0x0000297b      0x172 common/libcommon.a(cmd_mem.o)
                               0x11d2 (size before relaxing)
 .debug_str     0x00002aed       0x5a common/libcommon.a(cmd_net.o)
                                0x9ee (size before relaxing)
 .debug_str     0x00002b47       0x6d common/libcommon.a(cmd_portio.o)
                                0x78a (size before relaxing)
 .debug_str     0x00002bb4       0x52 lib_generic/libgeneric.a(crc32.o)
                                0x7c0 (size before relaxing)
 .debug_str     0x00002c06       0x2d lib_generic/libgeneric.a(display_options.o)
                                0x702 (size before relaxing)
 .debug_str     0x00002c33       0xe2 lib_generic/libgeneric.a(string.o)
                                0x5ab (size before relaxing)
 .debug_str     0x00002d15       0x79 lib_generic/libgeneric.a(vsprintf.o)
                                0x7b8 (size before relaxing)
 .debug_str     0x00002d8e      0x3d0 lib_generic/libgeneric.a(zlib.o)
                                0x956 (size before relaxing)
 .debug_str     0x0000315e        0x8 lib_generic/libgeneric.a(ctype.o)
                                 0x70 (size before relaxing)
 .debug_str     0x00003166       0x65 board/at91rm9200dk/libat91rm9200dk.a(at91rm9200dk.o)
                                0xdf8 (size before relaxing)
 .debug_str     0x000031cb       0xe7 board/at91rm9200dk/libat91rm9200dk.a(flash.o)
                                0x833 (size before relaxing)
 .debug_str     0x000032b2       0x53 cpu/at91rm9200/libat91rm9200.a(serial.o)
                                0xe23 (size before relaxing)
 .debug_str     0x00003305       0xa5 cpu/at91rm9200/libat91rm9200.a(cpu.o)
                                0xeeb (size before relaxing)
 .debug_str     0x000033aa      0x19b cpu/at91rm9200/libat91rm9200.a(at91rm9200_ether.o)
                               0x11ba (size before relaxing)
 .debug_str     0x00003545      0x1da cpu/at91rm9200/libat91rm9200.a(at45.o)
                               0x11f2 (size before relaxing)
 .debug_str     0x0000371f      0x357 lib_arm/libarm.a(armlinux.o)
                               0x1509 (size before relaxing)
 .debug_str     0x00003a76       0x22 lib_arm/libarm.a(cache.o)
                                 0x76 (size before relaxing)
 .debug_str     0x00003a98        0xe lib_arm/libarm.a(div0.o)
                                 0x55 (size before relaxing)

.comment        0x00000000      0x2be
 .comment       0x00000000       0x12 cpu/at91rm9200/libat91rm9200.a(interrupts.o)
 .comment       0x00000012       0x12 lib_arm/libarm.a(board.o)
 .comment       0x00000024       0x12 net/libnet.a(net.o)
 .comment       0x00000036       0x12 net/libnet.a(tftp.o)
 .comment       0x00000048       0x12 net/libnet.a(bootp.o)
 .comment       0x0000005a       0x12 net/libnet.a(rarp.o)
 .comment       0x0000006c       0x12 drivers/libdrivers.a(dataflash.o)
 .comment       0x0000007e       0x12 common/libcommon.a(main.o)
 .comment       0x00000090       0x12 common/libcommon.a(cmd_bootm.o)
 .comment       0x000000a2       0x12 common/libcommon.a(cmd_nvedit.o)
 .comment       0x000000b4       0x12 common/libcommon.a(env_common.o)
 .comment       0x000000c6       0x12 common/libcommon.a(env_flash.o)
 .comment       0x000000d8       0x12 common/libcommon.a(command.o)
 .comment       0x000000ea       0x12 common/libcommon.a(console.o)
 .comment       0x000000fc       0x12 common/libcommon.a(devices.o)
 .comment       0x0000010e       0x12 common/libcommon.a(dlmalloc.o)
 .comment       0x00000120       0x12 common/libcommon.a(flash.o)
 .comment       0x00000132       0x12 common/libcommon.a(lists.o)
 .comment       0x00000144       0x12 common/libcommon.a(cmd_boot.o)
 .comment       0x00000156       0x12 common/libcommon.a(cmd_console.o)
 .comment       0x00000168       0x12 common/libcommon.a(cmd_flash.o)
 .comment       0x0000017a       0x12 common/libcommon.a(cmd_mem.o)
 .comment       0x0000018c       0x12 common/libcommon.a(cmd_net.o)
 .comment       0x0000019e       0x12 common/libcommon.a(cmd_portio.o)
 .comment       0x000001b0       0x12 lib_generic/libgeneric.a(crc32.o)
 .comment       0x000001c2       0x12 lib_generic/libgeneric.a(display_options.o)
 .comment       0x000001d4       0x12 lib_generic/libgeneric.a(string.o)
 .comment       0x000001e6       0x12 lib_generic/libgeneric.a(vsprintf.o)
 .comment       0x000001f8       0x12 lib_generic/libgeneric.a(zlib.o)
 .comment       0x0000020a       0x12 lib_generic/libgeneric.a(ctype.o)
 .comment       0x0000021c       0x12 board/at91rm9200dk/libat91rm9200dk.a(at91rm9200dk.o)
 .comment       0x0000022e       0x12 board/at91rm9200dk/libat91rm9200dk.a(flash.o)
 .comment       0x00000240       0x12 cpu/at91rm9200/libat91rm9200.a(serial.o)
 .comment       0x00000252       0x12 cpu/at91rm9200/libat91rm9200.a(cpu.o)
 .comment       0x00000264       0x12 cpu/at91rm9200/libat91rm9200.a(at91rm9200_ether.o)
 .comment       0x00000276       0x12 cpu/at91rm9200/libat91rm9200.a(at45.o)
 .comment       0x00000288       0x12 lib_arm/libarm.a(armlinux.o)
 .comment       0x0000029a       0x12 lib_arm/libarm.a(cache.o)
 .comment       0x000002ac       0x12 lib_arm/libarm.a(div0.o)

.debug_ranges   0x00000000      0x1c8
 .debug_ranges  0x00000000       0x20 lib_arm/libarm.a(board.o)
 .debug_ranges  0x00000020       0x18 net/libnet.a(net.o)
 .debug_ranges  0x00000038       0x20 common/libcommon.a(main.o)
 .debug_ranges  0x00000058       0x18 common/libcommon.a(cmd_nvedit.o)
 .debug_ranges  0x00000070       0x30 common/libcommon.a(console.o)
 .debug_ranges  0x000000a0       0x50 common/libcommon.a(dlmalloc.o)
 .debug_ranges  0x000000f0       0x38 common/libcommon.a(flash.o)
 .debug_ranges  0x00000128       0x18 common/libcommon.a(cmd_mem.o)
 .debug_ranges  0x00000140       0x20 lib_generic/libgeneric.a(vsprintf.o)
 .debug_ranges  0x00000160       0x50 lib_generic/libgeneric.a(zlib.o)
 .debug_ranges  0x000001b0       0x18 board/at91rm9200dk/libat91rm9200dk.a(flash.o)
