Archive member included because of file (symbol)

cpu/arm920t/libarm920t.a(interrupts.o)
                              cpu/arm920t/start.o (do_undefined_instruction)
cpu/arm920t/at91rm9200/libat91rm9200.a(interrupts.o)
                              cpu/arm920t/libarm920t.a(interrupts.o) (reset_cpu)
lib_arm/libarm.a(board.o)     cpu/arm920t/start.o (start_armboot)
net/libnet.a(net.o)           lib_arm/libarm.a(board.o) (getenv_IPaddr)
net/libnet.a(tftp.o)          net/libnet.a(net.o) (TftpStart)
net/libnet.a(bootp.o)         net/libnet.a(net.o) (BootpRequest)
net/libnet.a(rarp.o)          net/libnet.a(net.o) (RarpRequest)
net/libnet.a(eth.o)           lib_arm/libarm.a(board.o) (eth_initialize)
net/libnet.a(nfs.o)           net/libnet.a(net.o) (NfsStart)
drivers/libdrivers.a(cfi_flash.o)
                              lib_arm/libarm.a(board.o) (flash_init)
common/libcommon.a(main.o)    lib_arm/libarm.a(board.o) (main_loop)
common/libcommon.a(cmd_boot.o)
                              (__u_boot_cmd_go)
common/libcommon.a(cmd_bootm.o)
                              lib_arm/libarm.a(board.o) (load_addr)
common/libcommon.a(cmd_console.o)
                              (__u_boot_cmd_coninfo)
common/libcommon.a(cmd_flash.o)
                              (__u_boot_cmd_flinfo)
common/libcommon.a(cmd_itest.o)
                              (__u_boot_cmd_itest)
common/libcommon.a(cmd_load.o)
                              (__u_boot_cmd_loadb)
common/libcommon.a(cmd_mem.o)
                              common/libcommon.a(cmd_itest.o) (cmd_get_data_size)
common/libcommon.a(cmd_mii.o)
                              (__u_boot_cmd_mii)
common/libcommon.a(cmd_net.o)
                              (__u_boot_cmd_bootp)
common/libcommon.a(cmd_nvedit.o)
                              net/libnet.a(net.o) (setenv)
common/libcommon.a(command.o)
                              (__u_boot_cmd_version)
common/libcommon.a(console.o)
                              cpu/arm920t/libarm920t.a(interrupts.o) (printf)
common/libcommon.a(devices.o)
                              common/libcommon.a(cmd_console.o) (devlist)
common/libcommon.a(dlmalloc.o)
                              common/libcommon.a(cmd_bootm.o) (free)
common/libcommon.a(env_common.o)
                              common/libcommon.a(cmd_nvedit.o) (env_get_char)
common/libcommon.a(env_flash.o)
                              common/libcommon.a(cmd_nvedit.o) (env_name_spec)
common/libcommon.a(exports.o)
                              lib_arm/libarm.a(board.o) (jumptable_init)
common/libcommon.a(flash.o)   drivers/libdrivers.a(cfi_flash.o) (flash_protect)
common/libcommon.a(lists.o)   common/libcommon.a(devices.o) (ListCreate)
common/libcommon.a(miiphyutil.o)
                              common/libcommon.a(cmd_mii.o) (miiphy_set_current_dev)
lib_generic/libgeneric.a(crc32.o)
                              common/libcommon.a(cmd_bootm.o) (crc32)
lib_generic/libgeneric.a(display_options.o)
                              lib_arm/libarm.a(board.o) (print_size)
lib_generic/libgeneric.a(string.o)
                              net/libnet.a(net.o) (strcpy)
lib_generic/libgeneric.a(vsprintf.o)
                              lib_arm/libarm.a(board.o) (simple_strtoul)
lib_generic/libgeneric.a(zlib.o)
                              common/libcommon.a(cmd_bootm.o) (inflateEnd)
lib_generic/libgeneric.a(ctype.o)
                              lib_generic/libgeneric.a(string.o) (_ctype)
board/at91rm9200dk/libat91rm9200dk.a(at91rm9200dk.o)
                              lib_arm/libarm.a(board.o) (board_init)
cpu/arm920t/libarm920t.a(cpu.o)
                              lib_arm/libarm.a(board.o) (cpu_init)
cpu/arm920t/at91rm9200/libat91rm9200.a(dm9161.o)
                              board/at91rm9200dk/libat91rm9200dk.a(at91rm9200dk.o) (dm9161_IsPhyConnected)
cpu/arm920t/at91rm9200/libat91rm9200.a(ether.o)
                              cpu/arm920t/at91rm9200/libat91rm9200.a(dm9161.o) (at91rm9200_EmacEnableMDIO)
cpu/arm920t/at91rm9200/libat91rm9200.a(serial.o)
                              common/libcommon.a(cmd_load.o) (serial_setbrg)
lib_arm/libarm.a(_udivsi3.o)  drivers/libdrivers.a(cfi_flash.o) (__udivsi3)
lib_arm/libarm.a(_umodsi3.o)  common/libcommon.a(dlmalloc.o) (__umodsi3)
lib_arm/libarm.a(armlinux.o)  common/libcommon.a(cmd_bootm.o) (do_bootm_linux)
lib_arm/libarm.a(cache.o)     common/libcommon.a(cmd_load.o) (flush_cache)
lib_arm/libarm.a(div0.o)      lib_arm/libarm.a(_udivsi3.o) (__div0)

Memory Configuration

Name             Origin             Length             Attributes
*default*        0x00000000         0xffffffff

Linker script and memory map

                0x00000000                . = 0x0
                0x00000000                . = ALIGN (0x4)

.text           0x21f00000    0x1269c
 cpu/arm920t/start.o(.text)
 .text          0x21f00000      0x380 cpu/arm920t/start.o
                0x21f00048                _bss_start
                0x21f0004c                _bss_end
                0x21f00044                _armboot_start
                0x21f00000                _start
 *(.text)
 .text          0x21f00380      0x264 cpu/arm920t/libarm920t.a(interrupts.o)
                0x21f0059c                do_fiq
                0x21f004e8                do_undefined_instruction
                0x21f003a8                show_regs
                0x21f005c0                do_irq
                0x21f0038c                bad_mode
                0x21f00530                do_prefetch_abort
                0x21f00384                disable_interrupts
                0x21f00578                do_not_used
                0x21f00554                do_data_abort
                0x21f0050c                do_software_interrupt
                0x21f00380                enable_interrupts
 .text          0x21f005e4      0x208 cpu/arm920t/at91rm9200/libat91rm9200.a(interrupts.o)
                0x21f00684                set_timer
                0x21f0066c                reset_timer
                0x21f005e4                interrupt_init
                0x21f00794                get_tbclk
                0x21f00670                get_timer
                0x21f00698                reset_timer_masked
                0x21f0072c                get_timer_masked
                0x21f00694                udelay
                0x21f00748                udelay_masked
                0x21f0079c                reset_cpu
                0x21f00780                get_ticks
                0x21f006d0                get_timer_raw
 .text          0x21f007ec      0x37c lib_arm/libarm.a(board.o)
                0x21f00b54                hang
                0x21f009a8                start_armboot
                0x21f00828                sbrk
 .text          0x21f00b68     0x1398 net/libnet.a(net.o)
                0x21f01ed8                getenv_IPaddr
                0x21f01a08                NetCksumOk
                0x21f01208                NetSetTimeout
                0x21f01cbc                copy_filename
                0x21f01a80                NetEthHdrSize
                0x21f01d28                ip_to_string
                0x21f00ca4                ArpTimeoutCheck
                0x21f013bc                NetReceive
                0x21f01d80                string_to_ip
                0x21f0124c                NetSendUDPPacket
                0x21f01eb4                print_IPaddr
                0x21f01ac4                NetSetEther
                0x21f00d2c                NetLoop
                0x21f00b68                ArpRequest
                0x21f01e00                VLAN_to_string
                0x21f01ee8                getenv_VLAN
                0x21f01a34                NetCksum
                0x21f01b80                NetSetIP
                0x21f01e5c                string_to_VLAN
                0x21f0116c                NetStartAgain
                0x21f011f8                NetSetHandler
                0x21f01248                NetSendPacket
 .text          0x21f01f00      0x6f0 net/libnet.a(tftp.o)
                0x21f023c0                TftpStart
 .text          0x21f025f0      0xaa4 net/libnet.a(bootp.o)
                0x21f03090                DhcpRequest
                0x21f02948                BootpRequest
 .text          0x21f03094      0x1a0 net/libnet.a(rarp.o)
                0x21f03134                RarpRequest
 .text          0x21f03234       0x10 net/libnet.a(eth.o)
                0x21f03234                eth_initialize
 .text          0x21f03244     0x1084 net/libnet.a(nfs.o)
                0x21f0402c                NfsStart
 .text          0x21f042c8     0x1834 drivers/libdrivers.a(cfi_flash.o)
                0x21f0538c                flash_get_size
                0x21f042c8                flash_read_ushort
                0x21f04418                flash_erase
                0x21f04a14                flash_read_user_serial
                0x21f04340                flash_init
                0x21f045d0                flash_print_info
                0x21f042f8                flash_read_long
                0x21f04974                flash_real_protect
                0x21f05ae0                flash_read_uchar
                0x21f05ac4                flash_make_addr
                0x21f04a88                flash_read_factory_serial
                0x21f04704                write_buff
 .text          0x21f05afc      0x9a0 common/libcommon.a(main.o)
                0x21f06234                run_command
                0x21f0641c                do_run
                0x21f05c7c                readline
                0x21f05afc                main_loop
 .text          0x21f0649c       0x8c common/libcommon.a(cmd_boot.o)
                0x21f0649c                do_go
 .text          0x21f06528      0xd64 common/libcommon.a(cmd_bootm.o)
                0x21f06cfc                print_image_hdr
                0x21f06b50                do_bootd
                0x21f07100                gunzip
                0x21f06528                do_bootm
 .text          0x21f0728c       0xd8 common/libcommon.a(cmd_console.o)
                0x21f0728c                do_coninfo
 .text          0x21f07364      0xcdc common/libcommon.a(cmd_flash.o)
                0x21f0785c                do_flinfo
                0x21f07ac8                flash_sect_erase
                0x21f07bc0                do_protect
                0x21f078fc                do_flerase
                0x21f07f0c                flash_sect_protect
 .text          0x21f08040      0x34c common/libcommon.a(cmd_itest.o)
                0x21f08230                binary_test
                0x21f082d8                do_itest
 .text          0x21f0838c      0xa30 common/libcommon.a(cmd_load.o)
                0x21f08864                k_data_init
                0x21f08618                s1_sendpacket
                0x21f08938                handle_send_packet
                0x21f088a8                k_data_restore
                0x21f086b0                send_nack
                0x21f0838c                do_load_serial_bin
                0x21f088c4                k_data_char
                0x21f085e4                chk1
                0x21f0888c                k_data_save
                0x21f085b8                ktrans
                0x21f0857c                send_pad
                0x21f08648                send_ack
 .text          0x21f08dbc      0xbac common/libcommon.a(cmd_mem.o)
                0x21f094b0                do_mem_base
                0x21f090e8                do_mem_mw
                0x21f098a8                do_mem_crc
                0x21f090bc                do_mem_nm
                0x21f09090                do_mem_mm
                0x21f0936c                do_mem_cp
                0x21f0960c                do_mem_mtest
                0x21f091c0                do_mem_cmp
                0x21f08dbc                cmd_get_data_size
                0x21f094f8                do_mem_loop
                0x21f08e80                do_mem_md
 .text          0x21f09968      0x854 common/libcommon.a(cmd_mii.o)
                0x21f09968                MII_dump_0_to_5
                0x21f09cd0                do_mii
 .text          0x21f0a1bc      0x310 common/libcommon.a(cmd_net.o)
                0x21f0a1d4                do_rarpb
                0x21f0a1c8                do_tftpb
                0x21f0a1e0                do_dhcp
                0x21f0a1bc                do_bootp
                0x21f0a1ec                do_nfs
 .text          0x21f0a4cc      0x8c8 common/libcommon.a(cmd_nvedit.o)
                0x21f0abb8                getenv
                0x21f0a694                _do_setenv
                0x21f0ac30                getenv_r
                0x21f0a4cc                do_printenv
                0x21f0ab38                setenv
                0x21f0acf4                do_saveenv
                0x21f0ab78                do_setenv
 .text          0x21f0ad94      0x2d8 common/libcommon.a(command.o)
                0x21f0adb4                do_echo
                0x21f0afcc                find_cmd
                0x21f0ae3c                do_help
                0x21f0ad94                do_version
 .text          0x21f0b06c      0x58c common/libcommon.a(console.o)
                0x21f0b450                console_init_r
                0x21f0b2b0                printf
                0x21f0b3ac                console_assign
                0x21f0b23c                getc
                0x21f0b294                puts
                0x21f0b5ec                dbg
                0x21f0b118                serial_printf
                0x21f0b178                ftstc
                0x21f0b1fc                fprintf
                0x21f0b254                tstc
                0x21f0b2e8                vprintf
                0x21f0b314                ctrlc
                0x21f0b26c                putc
                0x21f0b370                disable_ctrlc
                0x21f0b150                fgetc
                0x21f0b388                had_ctrlc
                0x21f0b1a0                fputc
                0x21f0b440                console_init_f
                0x21f0b398                clear_ctrlc
                0x21f0b1d0                fputs
 .text          0x21f0b5f8      0x100 common/libcommon.a(devices.o)
                0x21f0b66c                device_register
                0x21f0b6dc                devices_done
                0x21f0b694                devices_init
 .text          0x21f0b6f8     0x10b4 common/libcommon.a(dlmalloc.o)
                0x21f0b8e4                malloc
                0x21f0c52c                pvalloc
                0x21f0c544                calloc
                0x21f0c6fc                malloc_usable_size
                0x21f0bfa8                realloc
                0x21f0c618                malloc_trim
                0x21f0b6f8                malloc_bin_reloc
                0x21f0c73c                mallopt
                0x21f0c410                memalign
                0x21f0c614                cfree
                0x21f0c520                valloc
                0x21f0bd88                free
 .text          0x21f0c7ac      0x128 common/libcommon.a(env_common.o)
                0x21f0c820                env_get_addr
                0x21f0c840                env_relocate
                0x21f0c7ac                env_crc_update
                0x21f0c800                env_get_char_memory
 .text          0x21f0c8d4      0x150 common/libcommon.a(env_flash.o)
                0x21f0ca04                env_relocate_spec
                0x21f0c938                saveenv
                0x21f0c8d4                env_get_char_spec
                0x21f0c8e0                env_init
 .text          0x21f0ca24       0x90 common/libcommon.a(exports.o)
                0x21f0ca30                jumptable_init
                0x21f0ca28                get_version
 .text          0x21f0cab4      0x3fc common/libcommon.a(flash.o)
                0x21f0cc18                flash_write
                0x21f0cab4                flash_protect
                0x21f0cbcc                addr2info
                0x21f0cdc4                flash_perror
 .text          0x21f0ceb0      0x42c common/libcommon.a(lists.o)
                0x21f0cf18                DisposeHandle
                0x21f0d0f8                ListDispose
                0x21f0d104                ListInsertItems
                0x21f0d0e4                ListSetAllocationPolicy
                0x21f0d2c4                ListGetItemSize
                0x21f0d2b8                ListGetDataPtr
                0x21f0ceb0                NewHandle
                0x21f0cf44                SetHandleSize
                0x21f0d0fc                ListInsertItem
                0x21f0cf3c                GetHandleSize
                0x21f0d2d0                ListNumItems
                0x21f0d288                ListGetPtrToItem
                0x21f0d084                ListCreate
                0x21f0d23c                ListGetItems
 .text          0x21f0d2dc      0x60c common/libcommon.a(miiphyutil.o)
                0x21f0d7b8                miiphy_speed
                0x21f0d660                miiphy_info
                0x21f0d708                miiphy_reset
                0x21f0d400                miiphy_set_current_dev
                0x21f0d5ec                miiphy_listdev
                0x21f0d478                miiphy_read
                0x21f0d460                miiphy_get_current_dev
                0x21f0d850                miiphy_duplex
                0x21f0d530                miiphy_write
                0x21f0d2dc                miiphy_register
 .text          0x21f0d8e8       0xfc lib_generic/libgeneric.a(crc32.o)
                0x21f0d8e8                crc32
 .text          0x21f0d9e4       0xb4 lib_generic/libgeneric.a(display_options.o)
                0x21f0d9e4                display_options
                0x21f0da04                print_size
 .text          0x21f0da98      0x68c lib_generic/libgeneric.a(string.o)
                0x21f0db24                strcpy
                0x21f0e060                memscan
                0x21f0dfc8                memmove
                0x21f0dfa0                memcpy
                0x21f0def0                strswab
                0x21f0dd10                strnlen
                0x21f0dcb4                strrchr
                0x21f0db70                strcat
                0x21f0e0f0                memchr
                0x21f0e084                strstr
                0x21f0dc38                strncmp
                0x21f0db44                strncpy
                0x21f0df74                bcopy
                0x21f0de38                strtok
                0x21f0e028                memcmp
                0x21f0dba8                strncat
                0x21f0dd50                strdup
                0x21f0df50                memset
                0x21f0dc08                strcmp
                0x21f0deb8                strsep
                0x21f0da98                strnicmp
                0x21f0dd90                strspn
                0x21f0dcec                strlen
                0x21f0dc80                strchr
                0x21f0ddf0                strpbrk
 .text          0x21f0e124      0x8c4 lib_generic/libgeneric.a(vsprintf.o)
                0x21f0e484                vsprintf
                0x21f0e1d0                simple_strtol
                0x21f0e9a0                panic
                0x21f0e980                sprintf
                0x21f0e124                simple_strtoul
 .text          0x21f0e9e8     0x2c9c lib_generic/libgeneric.a(zlib.o)
                0x21f0eb94                inflate
                0x21f0eabc                inflateInit2
                0x21f0ef58                inflateIncomp
                0x21f114e8                adler32
                0x21f0e9e8                inflateReset
                0x21f0ef78                inflateSync
                0x21f0eb8c                inflateInit
                0x21f0ea50                inflateEnd
 .text          0x21f11684       0x90 board/at91rm9200dk/libat91rm9200dk.a(at91rm9200dk.o)
                0x21f116c0                dram_init
                0x21f11684                board_init
                0x21f116e0                at91rm9200_GetPhyInterface
 .text          0x21f11714      0x14c cpu/arm920t/libarm920t.a(cpu.o)
                0x21f11764                cleanup_before_linux
                0x21f11810                dcache_enable
                0x21f1175c                cpu_init
                0x21f117bc                icache_enable
                0x21f1178c                do_reset
                0x21f117dc                icache_disable
                0x21f1184c                dcache_status
                0x21f117fc                icache_status
                0x21f11830                dcache_disable
 .text          0x21f11860      0x338 cpu/arm920t/at91rm9200/libat91rm9200.a(dm9161.o)
                0x21f118cc                dm9161_GetLinkSpeed
                0x21f11a1c                dm9161_AutoNegotiate
                0x21f119a4                dm9161_InitPhy
                0x21f11860                dm9161_IsPhyConnected
 .text          0x21f11b98      0x3b4 cpu/arm920t/at91rm9200/libat91rm9200.a(ether.o)
                0x21f11e98                eth_halt
                0x21f11ed8                at91rm9200_miiphy_write
                0x21f11b98                at91rm9200_EmacEnableMDIO
                0x21f11f24                at91rm9200_miiphy_initialize
                0x21f11bf4                at91rm9200_EmacWritePhy
                0x21f11bb8                at91rm9200_EmacReadPhy
                0x21f11e0c                eth_rx
                0x21f11ba8                at91rm9200_EmacDisableMDIO
                0x21f11c24                eth_init
                0x21f11e9c                at91rm9200_miiphy_read
                0x21f11dc0                eth_send
 .text          0x21f11f4c      0x138 cpu/arm920t/at91rm9200/libat91rm9200.a(serial.o)
                0x21f11f4c                serial_setbrg
                0x21f1206c                serial_tstc
                0x21f11fec                serial_putc
                0x21f11f84                serial_init
                0x21f12020                serial_puts
                0x21f1204c                serial_getc
 .text          0x21f12084       0x98 lib_arm/libarm.a(_udivsi3.o)
                0x21f12084                __udivsi3
 .text          0x21f1211c       0xb4 lib_arm/libarm.a(_umodsi3.o)
                0x21f1211c                __umodsi3
 .text          0x21f121d0      0x4c4 lib_arm/libarm.a(armlinux.o)
                0x21f121d0                do_bootm_linux
 .text          0x21f12694        0x4 lib_arm/libarm.a(cache.o)
                0x21f12694                flush_cache
 .text          0x21f12698        0x4 lib_arm/libarm.a(div0.o)
                0x21f12698                __div0

.glue_7         0x21f1269c        0x0

.glue_7t        0x21f1269c        0x0
                0x21f1269c                . = ALIGN (0x4)

.rodata         0x21f1269c      0x4c4
 *(.rodata)
 .rodata        0x21f1269c       0x80 cpu/arm920t/libarm920t.a(interrupts.o)
 .rodata        0x21f1271c       0x28 lib_arm/libarm.a(board.o)
                0x21f1271c                version_string
 .rodata        0x21f12744        0x8 net/libnet.a(net.o)
 .rodata        0x21f1274c       0x14 common/libcommon.a(cmd_nvedit.o)
 .rodata        0x21f12760      0x400 lib_generic/libgeneric.a(crc32.o)

.rodata.str1.4  0x21f12b60     0x2e0f
 .rodata.str1.4
                0x21f12b60      0x297 cpu/arm920t/libarm920t.a(interrupts.o)
                                0x29c (size before relaxing)
 *fill*         0x21f12df7        0x1 00
 .rodata.str1.4
                0x21f12df8       0xda lib_arm/libarm.a(board.o)
                                 0xe0 (size before relaxing)
 *fill*         0x21f12ed2        0x2 00
 .rodata.str1.4
                0x21f12ed4      0x1cb net/libnet.a(net.o)
                                0x1cc (size before relaxing)
 *fill*         0x21f1309f        0x1 00
 .rodata.str1.4
                0x21f130a0      0x1cb net/libnet.a(tftp.o)
                                0x1d4 (size before relaxing)
 *fill*         0x21f1326b        0x1 00
 .rodata.str1.4
                0x21f1326c       0xd5 net/libnet.a(bootp.o)
                                0x10c (size before relaxing)
 *fill*         0x21f13341        0x3 00
 .rodata.str1.4
                0x21f13344       0x13 net/libnet.a(rarp.o)
                                 0x4c (size before relaxing)
 *fill*         0x21f13357        0x1 00
 .rodata.str1.4
                0x21f13358      0x125 net/libnet.a(nfs.o)
                                0x1b0 (size before relaxing)
 *fill*         0x21f1347d        0x3 00
 .rodata.str1.4
                0x21f13480      0x2d0 drivers/libdrivers.a(cfi_flash.o)
 .rodata.str1.4
                0x21f13750      0x100 common/libcommon.a(main.o)
 .rodata.str1.4
                0x21f13850       0xb0 common/libcommon.a(cmd_boot.o)
                                 0xbc (size before relaxing)
 .rodata.str1.4
                0x21f13900      0x609 common/libcommon.a(cmd_bootm.o)
                                0x638 (size before relaxing)
 *fill*         0x21f13f09        0x3 00
 .rodata.str1.4
                0x21f13f0c       0x6d common/libcommon.a(cmd_console.o)
                                 0x70 (size before relaxing)
 *fill*         0x21f13f79        0x3 00
 .rodata.str1.4
                0x21f13f7c      0x2ec common/libcommon.a(cmd_flash.o)
                                0x33c (size before relaxing)
 .rodata.str1.4
                0x21f14268       0xa2 common/libcommon.a(cmd_itest.o)
                                 0xb0 (size before relaxing)
 *fill*         0x21f1430a        0x2 00
 .rodata.str1.4
                0x21f1430c      0x15b common/libcommon.a(cmd_load.o)
                                0x174 (size before relaxing)
 *fill*         0x21f14467        0x1 00
 .rodata.str1.4
                0x21f14468      0x387 common/libcommon.a(cmd_mem.o)
                                0x3a4 (size before relaxing)
 *fill*         0x21f147ef        0x1 00
 .rodata.str1.4
                0x21f147f0      0x65c common/libcommon.a(cmd_mii.o)
                                0x674 (size before relaxing)
 .rodata.str1.4
                0x21f14e4c      0x19d common/libcommon.a(cmd_net.o)
                                0x1ec (size before relaxing)
 *fill*         0x21f14fe9        0x3 00
 .rodata.str1.4
                0x21f14fec      0x1ab common/libcommon.a(cmd_nvedit.o)
                                0x23c (size before relaxing)
 *fill*         0x21f15197        0x1 00
 .rodata.str1.4
                0x21f15198       0xfc common/libcommon.a(command.o)
 .rodata.str1.4
                0x21f15294       0x75 common/libcommon.a(console.o)
                                 0x7c (size before relaxing)
 *fill*         0x21f15309        0x3 00
 .rodata.str1.4
                0x21f1530c       0x30 common/libcommon.a(devices.o)
                                 0x48 (size before relaxing)
 .rodata.str1.4
                0x21f1533c       0x33 common/libcommon.a(env_common.o)
                                 0x34 (size before relaxing)
 *fill*         0x21f1536f        0x1 00
 .rodata.str1.4
                0x21f15370       0x31 common/libcommon.a(env_flash.o)
                                 0x3c (size before relaxing)
 *fill*         0x21f153a1        0x3 00
 .rodata.str1.4
                0x21f153a4      0x11d common/libcommon.a(flash.o)
                                0x120 (size before relaxing)
 *fill*         0x21f154c1        0x3 00
 .rodata.str1.4
                0x21f154c4      0x189 common/libcommon.a(miiphyutil.o)
                                0x190 (size before relaxing)
 *fill*         0x21f1564d        0x3 00
 .rodata.str1.4
                0x21f15650       0x17 lib_generic/libgeneric.a(display_options.o)
                                 0x20 (size before relaxing)
 *fill*         0x21f15667        0x1 00
 .rodata.str1.4
                0x21f15668       0x57 lib_generic/libgeneric.a(vsprintf.o)
                                 0x58 (size before relaxing)
 *fill*         0x21f156bf        0x1 00
 .rodata.str1.4
                0x21f156c0      0x20f lib_generic/libgeneric.a(zlib.o)
                                0x214 (size before relaxing)
 *fill*         0x21f158cf        0x1 00
 .rodata.str1.4
                0x21f158d0       0x42 cpu/arm920t/at91rm9200/libat91rm9200.a(ether.o)
                                 0x44 (size before relaxing)
 *fill*         0x21f15912        0x2 00
 .rodata.str1.4
                0x21f15914       0x5b lib_arm/libarm.a(armlinux.o)
                                 0xc4 (size before relaxing)
                0x21f15970                . = ALIGN (0x4)

.data           0x21f15970      0xe60
 *(.data)
 .data          0x21f15970       0x2c lib_arm/libarm.a(board.o)
                0x21f15970                init_sequence
 .data          0x21f1599c        0xa net/libnet.a(net.o)
                0x21f1599c                NetBcastAddr
                0x21f159a4                NetOurNativeVLAN
                0x21f159a2                NetOurVLAN
 *fill*         0x21f159a6        0x2 00
 .data          0x21f159a8        0x4 net/libnet.a(nfs.o)
 .data          0x21f159ac        0x4 drivers/libdrivers.a(cfi_flash.o)
 .data          0x21f159b0       0x10 common/libcommon.a(main.o)
 .data          0x21f159c0        0x4 common/libcommon.a(cmd_bootm.o)
                0x21f159c0                load_addr
 .data          0x21f159c4       0x68 common/libcommon.a(cmd_itest.o)
                0x21f159c4                op_table
 .data          0x21f15a2c        0x4 common/libcommon.a(cmd_mem.o)
                0x21f15a2c                dp_last_length
 .data          0x21f15a30      0x2e8 common/libcommon.a(cmd_mii.o)
                0x21f15ba4                reg_3_desc_tbl
                0x21f15a60                reg_0_desc_tbl
                0x21f15bc8                reg_4_desc_tbl
                0x21f15ce8                desc_and_len_tbl
                0x21f15a30                reg_0_5_desc_tbl
                0x21f15c58                reg_5_desc_tbl
                0x21f15ad8                reg_1_desc_tbl
                0x21f15b98                reg_2_desc_tbl
 .data          0x21f15d18        0xc common/libcommon.a(devices.o)
                0x21f15d18                stdio_names
 .data          0x21f15d24      0x414 common/libcommon.a(dlmalloc.o)
 .data          0x21f16138      0x2e8 common/libcommon.a(env_common.o)
                0x21f16138                env_get_char
                0x21f1613c                default_environment
 .data          0x21f16420        0xc common/libcommon.a(env_flash.o)
                0x21f16420                env_name_spec
                0x21f16424                env_ptr
 .data          0x21f1642c      0x2a0 lib_generic/libgeneric.a(zlib.o)
                0x21f166a8                zlib_version
                0x21f166ac                z_errmsg
 .data          0x21f166cc      0x100 lib_generic/libgeneric.a(ctype.o)
                0x21f166cc                _ctype
 .data          0x21f167cc        0x4 cpu/arm920t/at91rm9200/libat91rm9200.a(serial.o)
                0x21f167cc                us
                0x21f167d0                . = ALIGN (0x4)

.got
 *(.got)
                0x21f167d0                . = .
                0x21f167d0                __u_boot_cmd_start = .

.u_boot_cmd     0x21f167d0      0x2d0
 *(.u_boot_cmd)
 .u_boot_cmd    0x21f167d0       0x28 common/libcommon.a(cmd_boot.o)
                0x21f167e4                __u_boot_cmd_reset
                0x21f167d0                __u_boot_cmd_go
 .u_boot_cmd    0x21f167f8       0x50 common/libcommon.a(cmd_bootm.o)
                0x21f167f8                __u_boot_cmd_bootm
                0x21f16820                __u_boot_cmd_bootd
                0x21f1680c                __u_boot_cmd_boot
                0x21f16834                __u_boot_cmd_imls
 .u_boot_cmd    0x21f16848       0x14 common/libcommon.a(cmd_console.o)
                0x21f16848                __u_boot_cmd_coninfo
 .u_boot_cmd    0x21f1685c       0x3c common/libcommon.a(cmd_flash.o)
                0x21f1685c                __u_boot_cmd_flinfo
                0x21f16870                __u_boot_cmd_erase
                0x21f16884                __u_boot_cmd_protect
 .u_boot_cmd    0x21f16898       0x14 common/libcommon.a(cmd_itest.o)
                0x21f16898                __u_boot_cmd_itest
 .u_boot_cmd    0x21f168ac       0x14 common/libcommon.a(cmd_load.o)
                0x21f168ac                __u_boot_cmd_loadb
 .u_boot_cmd    0x21f168c0       0xc8 common/libcommon.a(cmd_mem.o)
                0x21f168c0                __u_boot_cmd_md
                0x21f16924                __u_boot_cmd_cmp
                0x21f168fc                __u_boot_cmd_mw
                0x21f16960                __u_boot_cmd_loop
                0x21f1694c                __u_boot_cmd_base
                0x21f168d4                __u_boot_cmd_mm
                0x21f16938                __u_boot_cmd_crc32
                0x21f168e8                __u_boot_cmd_nm
                0x21f16974                __u_boot_cmd_mtest
                0x21f16910                __u_boot_cmd_cp
 .u_boot_cmd    0x21f16988       0x14 common/libcommon.a(cmd_mii.o)
                0x21f16988                __u_boot_cmd_mii
 .u_boot_cmd    0x21f1699c       0x64 common/libcommon.a(cmd_net.o)
                0x21f169ec                __u_boot_cmd_nfs
                0x21f169c4                __u_boot_cmd_rarpboot
                0x21f169b0                __u_boot_cmd_tftpboot
                0x21f1699c                __u_boot_cmd_bootp
                0x21f169d8                __u_boot_cmd_dhcp
 .u_boot_cmd    0x21f16a00       0x50 common/libcommon.a(cmd_nvedit.o)
                0x21f16a3c                __u_boot_cmd_run
                0x21f16a28                __u_boot_cmd_saveenv
                0x21f16a00                __u_boot_cmd_printenv
                0x21f16a14                __u_boot_cmd_setenv
 .u_boot_cmd    0x21f16a50       0x50 common/libcommon.a(command.o)
                0x21f16a64                __u_boot_cmd_echo
                0x21f16a8c                __u_boot_cmd_question_mark
                0x21f16a50                __u_boot_cmd_version
                0x21f16a78                __u_boot_cmd_help
                0x21f16aa0                __u_boot_cmd_end = .
                0x21f16aa0                . = ALIGN (0x4)
                0x21f16aa0                __bss_start = .

.bss            0x21f16c00    0x1ce04
 *(.bss)
 .bss           0x21f16c00        0xc cpu/arm920t/at91rm9200/libat91rm9200.a(interrupts.o)
                0x21f16c00                tmr
 .bss           0x21f16c0c       0x10 lib_arm/libarm.a(board.o)
                0x21f16c18                monitor_flash_len
 .bss           0x21f16c1c     0x25c0 net/libnet.a(net.o)
                0x21f191d8                NetArpWaitTry
                0x21f18ba8                NetArpWaitPacketMAC
                0x21f16cc0                NetOurEther
                0x21f16cc8                NetOurIP
                0x21f16ccc                NetServerIP
                0x21f18bb0                NetArpWaitTxPacketSize
                0x21f18ba4                NetArpWaitReplyIP
                0x21f16cd0                NetRxPackets
                0x21f18bac                NetArpWaitTxPacket
                0x21f16c28                NetOurNISDomain
                0x21f18ba0                NetArpWaitPacketIP
                0x21f16cec                NetState
                0x21f16cf0                BootFile
                0x21f16caa                NetServerEther
                0x21f16c1c                NetOurSubnetMask
                0x21f16ca8                NetBootFileSize
                0x21f16ce8                NetIPID
                0x21f16c48                NetOurHostName
                0x21f16ce0                NetRxPkt
                0x21f16c20                NetOurGatewayIP
                0x21f16cb0                NetEtherNullAddr
                0x21f18bb4                NetArpWaitPacketBuf
                0x21f16ce4                NetRxPktLen
                0x21f16cb8                NetTxPacket
                0x21f16cbc                NetBootFileXferSize
                0x21f16c24                NetOurDNSIP
                0x21f16d70                PktBuf
                0x21f16c68                NetOurRootPath
                0x21f191d4                NetArpWaitTimerStart
 .bss           0x21f191dc       0x34 net/libnet.a(tftp.o)
 .bss           0x21f19210       0x14 net/libnet.a(bootp.o)
                0x21f19218                NetDHCPServerIP
                0x21f19210                dhcp_state
                0x21f19220                BootpTry
                0x21f1921c                BootpID
                0x21f19214                dhcp_leasetime
 .bss           0x21f19224        0x4 net/libnet.a(rarp.o)
                0x21f19224                RarpTry
 .bss           0x21f19228      0x8b0 net/libnet.a(nfs.o)
 .bss           0x21f19ad8      0x524 drivers/libdrivers.a(cfi_flash.o)
                0x21f19ad8                flash_info
 .bss           0x21f19ffc      0x400 common/libcommon.a(main.o)
                0x21f1a1fc                console_buffer
 .bss           0x21f1a3fc       0x40 common/libcommon.a(cmd_bootm.o)
                0x21f1a3fc                header
 .bss           0x21f1a43c       0x88 common/libcommon.a(cmd_load.o)
                0x21f1a468                his_pad_char
                0x21f1a43c                os_data_count
                0x21f1a484                os_data_init
                0x21f1a4c0                send_ptr
                0x21f1a440                os_data_header
                0x21f1a488                os_data_char
                0x21f1a460                his_eol
                0x21f1a469                his_quote
                0x21f1a4ac                send_parms
                0x21f1a464                his_pad_count
 .bss           0x21f1a4c4       0x14 common/libcommon.a(cmd_mem.o)
                0x21f1a4cc                dp_last_size
                0x21f1a4c8                dp_last_addr
                0x21f1a4d4                mm_last_size
                0x21f1a4d0                mm_last_addr
 .bss           0x21f1a4d8       0x18 common/libcommon.a(cmd_mii.o)
                0x21f1a4ec                last_reg_hi
                0x21f1a4dc                last_data
                0x21f1a4e4                last_addr_hi
                0x21f1a4e8                last_reg_lo
                0x21f1a4d8                last_op
                0x21f1a4e0                last_addr_lo
 .bss           0x21f1a4f0        0x8 common/libcommon.a(console.o)
 .bss           0x21f1a4f8       0x10 common/libcommon.a(devices.o)
                0x21f1a4f8                devlist
                0x21f1a4fc                stdio_devices
 .bss           0x21f1a508       0x3c common/libcommon.a(dlmalloc.o)
 .bss           0x21f1a544       0x10 common/libcommon.a(miiphyutil.o)
 .bss           0x21f1a554        0x4 lib_generic/libgeneric.a(string.o)
                0x21f1a554                ___strtok
 .bss           0x21f1a558     0x10a8 lib_generic/libgeneric.a(zlib.o)
 .bss           0x21f1b600    0x18400 cpu/arm920t/at91rm9200/libat91rm9200.a(ether.o)
                0x21f1b800                rbfp
                0x21f1b600                rbfdt
                0x21f33804                PhyOps
                0x21f1b804                rbf_framebuf
                0x21f33814                p_mac
 .bss           0x21f33a00        0x4 lib_arm/libarm.a(armlinux.o)
                0x21f33a04                _end = .
Address of section .text set to 0x21f00000
LOAD cpu/arm920t/start.o
START GROUP
LOAD lib_generic/libgeneric.a
LOAD board/at91rm9200dk/libat91rm9200dk.a
LOAD cpu/arm920t/libarm920t.a
LOAD cpu/arm920t/at91rm9200/libat91rm9200.a
LOAD lib_arm/libarm.a
LOAD fs/cramfs/libcramfs.a
LOAD fs/fat/libfat.a
LOAD fs/fdos/libfdos.a
LOAD fs/jffs2/libjffs2.a
LOAD fs/reiserfs/libreiserfs.a
LOAD fs/ext2/libext2fs.a
LOAD net/libnet.a
LOAD disk/libdisk.a
LOAD rtc/librtc.a
LOAD dtt/libdtt.a
LOAD drivers/libdrivers.a
LOAD drivers/sk98lin/libsk98lin.a
LOAD post/libpost.a
LOAD post/cpu/libcpu.a
LOAD common/libcommon.a
END GROUP
LOAD /home/github/handheld4tagmaster/u-boot/../toolchain_arm/bin/../lib/gcc-lib/arm-linux-uclibc/3.3.2/libgcc.a
OUTPUT(u-boot elf32-littlearm)

.stab           0x00000000      0x744
 .stab          0x00000000      0x2d0 cpu/arm920t/start.o
 .stab          0x000002d0      0x210 lib_arm/libarm.a(_udivsi3.o)
                                0x21c (size before relaxing)
 .stab          0x000004e0      0x264 lib_arm/libarm.a(_umodsi3.o)
                                0x270 (size before relaxing)

.stabstr        0x00000000       0xc1
 .stabstr       0x00000000       0xc1 cpu/arm920t/start.o
                                  0x0 (size before relaxing)

.debug_abbrev   0x00000000     0x68d7
 .debug_abbrev  0x00000000      0x1ea cpu/arm920t/libarm920t.a(interrupts.o)
 .debug_abbrev  0x000001ea      0x242 cpu/arm920t/at91rm9200/libat91rm9200.a(interrupts.o)
 .debug_abbrev  0x0000042c      0x2f2 lib_arm/libarm.a(board.o)
 .debug_abbrev  0x0000071e      0x3b1 net/libnet.a(net.o)
 .debug_abbrev  0x00000acf      0x30d net/libnet.a(tftp.o)
 .debug_abbrev  0x00000ddc      0x3bf net/libnet.a(bootp.o)
 .debug_abbrev  0x0000119b      0x25b net/libnet.a(rarp.o)
 .debug_abbrev  0x000013f6      0x1e8 net/libnet.a(eth.o)
 .debug_abbrev  0x000015de      0x384 net/libnet.a(nfs.o)
 .debug_abbrev  0x00001962      0x2f8 drivers/libdrivers.a(cfi_flash.o)
 .debug_abbrev  0x00001c5a      0x298 common/libcommon.a(main.o)
 .debug_abbrev  0x00001ef2      0x219 common/libcommon.a(cmd_boot.o)
 .debug_abbrev  0x0000210b      0x322 common/libcommon.a(cmd_bootm.o)
 .debug_abbrev  0x0000242d      0x1f3 common/libcommon.a(cmd_console.o)
 .debug_abbrev  0x00002620      0x26d common/libcommon.a(cmd_flash.o)
 .debug_abbrev  0x0000288d      0x207 common/libcommon.a(cmd_itest.o)
 .debug_abbrev  0x00002a94      0x2d8 common/libcommon.a(cmd_load.o)
 .debug_abbrev  0x00002d6c      0x288 common/libcommon.a(cmd_mem.o)
 .debug_abbrev  0x00002ff4      0x290 common/libcommon.a(cmd_mii.o)
 .debug_abbrev  0x00003284      0x270 common/libcommon.a(cmd_net.o)
 .debug_abbrev  0x000034f4      0x323 common/libcommon.a(cmd_nvedit.o)
 .debug_abbrev  0x00003817      0x258 common/libcommon.a(command.o)
 .debug_abbrev  0x00003a6f      0x2fc common/libcommon.a(console.o)
 .debug_abbrev  0x00003d6b      0x1f8 common/libcommon.a(devices.o)
 .debug_abbrev  0x00003f63      0x239 common/libcommon.a(dlmalloc.o)
 .debug_abbrev  0x0000419c      0x21f common/libcommon.a(env_common.o)
 .debug_abbrev  0x000043bb      0x249 common/libcommon.a(env_flash.o)
 .debug_abbrev  0x00004604      0x1da common/libcommon.a(exports.o)
 .debug_abbrev  0x000047de      0x21e common/libcommon.a(flash.o)
 .debug_abbrev  0x000049fc      0x24b common/libcommon.a(lists.o)
 .debug_abbrev  0x00004c47      0x2eb common/libcommon.a(miiphyutil.o)
 .debug_abbrev  0x00004f32      0x1ab lib_generic/libgeneric.a(crc32.o)
 .debug_abbrev  0x000050dd      0x1e7 lib_generic/libgeneric.a(display_options.o)
 .debug_abbrev  0x000052c4      0x1f5 lib_generic/libgeneric.a(string.o)
 .debug_abbrev  0x000054b9      0x2c1 lib_generic/libgeneric.a(vsprintf.o)
 .debug_abbrev  0x0000577a      0x214 lib_generic/libgeneric.a(zlib.o)
 .debug_abbrev  0x0000598e       0x42 lib_generic/libgeneric.a(ctype.o)
 .debug_abbrev  0x000059d0      0x1dc board/at91rm9200dk/libat91rm9200dk.a(at91rm9200dk.o)
 .debug_abbrev  0x00005bac      0x214 cpu/arm920t/libarm920t.a(cpu.o)
 .debug_abbrev  0x00005dc0      0x22e cpu/arm920t/at91rm9200/libat91rm9200.a(dm9161.o)
 .debug_abbrev  0x00005fee      0x2a7 cpu/arm920t/at91rm9200/libat91rm9200.a(ether.o)
 .debug_abbrev  0x00006295      0x1fc cpu/arm920t/at91rm9200/libat91rm9200.a(serial.o)
 .debug_abbrev  0x00006491      0x274 lib_arm/libarm.a(armlinux.o)
 .debug_abbrev  0x00006705      0x198 lib_arm/libarm.a(cache.o)
 .debug_abbrev  0x0000689d       0x3a lib_arm/libarm.a(div0.o)

.debug_info     0x00000000    0x48404
 .debug_info    0x00000000     0x12e1 cpu/arm920t/libarm920t.a(interrupts.o)
 .debug_info    0x000012e1     0x2104 cpu/arm920t/at91rm9200/libat91rm9200.a(interrupts.o)
 .debug_info    0x000033e5     0x490b lib_arm/libarm.a(board.o)
 .debug_info    0x00007cf0     0x28a5 net/libnet.a(net.o)
 .debug_info    0x0000a595     0x1b95 net/libnet.a(tftp.o)
 .debug_info    0x0000c12a     0x226c net/libnet.a(bootp.o)
 .debug_info    0x0000e396     0x1ab1 net/libnet.a(rarp.o)
 .debug_info    0x0000fe47     0x1716 net/libnet.a(eth.o)
 .debug_info    0x0001155d     0x2494 net/libnet.a(nfs.o)
 .debug_info    0x000139f1     0x22f4 drivers/libdrivers.a(cfi_flash.o)
 .debug_info    0x00015ce5     0x168a common/libcommon.a(main.o)
 .debug_info    0x0001736f     0x1789 common/libcommon.a(cmd_boot.o)
 .debug_info    0x00018af8     0x1e65 common/libcommon.a(cmd_bootm.o)
 .debug_info    0x0001a95d     0x159c common/libcommon.a(cmd_console.o)
 .debug_info    0x0001bef9     0x17fd common/libcommon.a(cmd_flash.o)
 .debug_info    0x0001d6f6     0x14a2 common/libcommon.a(cmd_itest.o)
 .debug_info    0x0001eb98     0x1d27 common/libcommon.a(cmd_load.o)
 .debug_info    0x000208bf     0x1ac8 common/libcommon.a(cmd_mem.o)
 .debug_info    0x00022387     0x1c8c common/libcommon.a(cmd_mii.o)
 .debug_info    0x00024013     0x1a65 common/libcommon.a(cmd_net.o)
 .debug_info    0x00025a78     0x1d50 common/libcommon.a(cmd_nvedit.o)
 .debug_info    0x000277c8     0x14b8 common/libcommon.a(command.o)
 .debug_info    0x00028c80     0x1a49 common/libcommon.a(console.o)
 .debug_info    0x0002a6c9     0x162f common/libcommon.a(devices.o)
 .debug_info    0x0002bcf8     0x1a4d common/libcommon.a(dlmalloc.o)
 .debug_info    0x0002d745     0x1436 common/libcommon.a(env_common.o)
 .debug_info    0x0002eb7b     0x142c common/libcommon.a(env_flash.o)
 .debug_info    0x0002ffa7     0x120a common/libcommon.a(exports.o)
 .debug_info    0x000311b1     0x1321 common/libcommon.a(flash.o)
 .debug_info    0x000324d2     0x1694 common/libcommon.a(lists.o)
 .debug_info    0x00033b66     0x1bd0 common/libcommon.a(miiphyutil.o)
 .debug_info    0x00035736     0x1395 lib_generic/libgeneric.a(crc32.o)
 .debug_info    0x00036acb     0x11df lib_generic/libgeneric.a(display_options.o)
 .debug_info    0x00037caa      0xdc8 lib_generic/libgeneric.a(string.o)
 .debug_info    0x00038a72     0x1562 lib_generic/libgeneric.a(vsprintf.o)
 .debug_info    0x00039fd4     0x1928 lib_generic/libgeneric.a(zlib.o)
 .debug_info    0x0003b8fc       0x56 lib_generic/libgeneric.a(ctype.o)
 .debug_info    0x0003b952     0x204e board/at91rm9200dk/libat91rm9200dk.a(at91rm9200dk.o)
 .debug_info    0x0003d9a0     0x13c3 cpu/arm920t/libarm920t.a(cpu.o)
 .debug_info    0x0003ed63     0x25ec cpu/arm920t/at91rm9200/libat91rm9200.a(dm9161.o)
 .debug_info    0x0004134f     0x27d6 cpu/arm920t/at91rm9200/libat91rm9200.a(ether.o)
 .debug_info    0x00043b25     0x1ff6 cpu/arm920t/at91rm9200/libat91rm9200.a(serial.o)
 .debug_info    0x00045b1b     0x1733 lib_arm/libarm.a(armlinux.o)
 .debug_info    0x0004724e     0x1172 lib_arm/libarm.a(cache.o)
 .debug_info    0x000483c0       0x44 lib_arm/libarm.a(div0.o)

.debug_line     0x00000000     0x9592
 .debug_line    0x00000000      0x28e cpu/arm920t/libarm920t.a(interrupts.o)
 .debug_line    0x0000028e      0x2fb cpu/arm920t/at91rm9200/libat91rm9200.a(interrupts.o)
 .debug_line    0x00000589      0x31c lib_arm/libarm.a(board.o)
 .debug_line    0x000008a5      0x6e1 net/libnet.a(net.o)
 .debug_line    0x00000f86      0x3f3 net/libnet.a(tftp.o)
 .debug_line    0x00001379      0x525 net/libnet.a(bootp.o)
 .debug_line    0x0000189e      0x2ab net/libnet.a(rarp.o)
 .debug_line    0x00001b49      0x26b net/libnet.a(eth.o)
 .debug_line    0x00001db4      0x672 net/libnet.a(nfs.o)
 .debug_line    0x00002426      0x5b6 drivers/libdrivers.a(cfi_flash.o)
 .debug_line    0x000029dc      0x3b4 common/libcommon.a(main.o)
 .debug_line    0x00002d90      0x284 common/libcommon.a(cmd_boot.o)
 .debug_line    0x00003014      0x561 common/libcommon.a(cmd_bootm.o)
 .debug_line    0x00003575      0x291 common/libcommon.a(cmd_console.o)
 .debug_line    0x00003806      0x3d4 common/libcommon.a(cmd_flash.o)
 .debug_line    0x00003bda      0x2c8 common/libcommon.a(cmd_itest.o)
 .debug_line    0x00003ea2      0x415 common/libcommon.a(cmd_load.o)
 .debug_line    0x000042b7      0x436 common/libcommon.a(cmd_mem.o)
 .debug_line    0x000046ed      0x355 common/libcommon.a(cmd_mii.o)
 .debug_line    0x00004a42      0x2cc common/libcommon.a(cmd_net.o)
 .debug_line    0x00004d0e      0x3ec common/libcommon.a(cmd_nvedit.o)
 .debug_line    0x000050fa      0x2ee common/libcommon.a(command.o)
 .debug_line    0x000053e8      0x376 common/libcommon.a(console.o)
 .debug_line    0x0000575e      0x2b3 common/libcommon.a(devices.o)
 .debug_line    0x00005a11      0x4cb common/libcommon.a(dlmalloc.o)
 .debug_line    0x00005edc      0x2b8 common/libcommon.a(env_common.o)
 .debug_line    0x00006194      0x2bc common/libcommon.a(env_flash.o)
 .debug_line    0x00006450      0x26b common/libcommon.a(exports.o)
 .debug_line    0x000066bb      0x2bb common/libcommon.a(flash.o)
 .debug_line    0x00006976      0x2f2 common/libcommon.a(lists.o)
 .debug_line    0x00006c68      0x388 common/libcommon.a(miiphyutil.o)
 .debug_line    0x00006ff0      0x26f lib_generic/libgeneric.a(crc32.o)
 .debug_line    0x0000725f      0x27b lib_generic/libgeneric.a(display_options.o)
 .debug_line    0x000074da      0x22d lib_generic/libgeneric.a(string.o)
 .debug_line    0x00007707      0x362 lib_generic/libgeneric.a(vsprintf.o)
 .debug_line    0x00007a69      0x665 lib_generic/libgeneric.a(zlib.o)
 .debug_line    0x000080ce       0x25 lib_generic/libgeneric.a(ctype.o)
 .debug_line    0x000080f3      0x2c8 board/at91rm9200dk/libat91rm9200dk.a(at91rm9200dk.o)
 .debug_line    0x000083bb      0x291 cpu/arm920t/libarm920t.a(cpu.o)
 .debug_line    0x0000864c      0x318 cpu/arm920t/at91rm9200/libat91rm9200.a(dm9161.o)
 .debug_line    0x00008964      0x337 cpu/arm920t/at91rm9200/libat91rm9200.a(ether.o)
 .debug_line    0x00008c9b      0x2b7 cpu/arm920t/at91rm9200/libat91rm9200.a(serial.o)
 .debug_line    0x00008f52      0x3bb lib_arm/libarm.a(armlinux.o)
 .debug_line    0x0000930d      0x252 lib_arm/libarm.a(cache.o)
 .debug_line    0x0000955f       0x33 lib_arm/libarm.a(div0.o)

.debug_frame    0x00000000     0x2b1c
 .debug_frame   0x00000000      0x110 cpu/arm920t/libarm920t.a(interrupts.o)
 .debug_frame   0x00000110       0xf0 cpu/arm920t/at91rm9200/libat91rm9200.a(interrupts.o)
 .debug_frame   0x00000200       0xd4 lib_arm/libarm.a(board.o)
 .debug_frame   0x000002d4      0x280 net/libnet.a(net.o)
 .debug_frame   0x00000554       0x88 net/libnet.a(tftp.o)
 .debug_frame   0x000005dc      0x148 net/libnet.a(bootp.o)
 .debug_frame   0x00000724       0x60 net/libnet.a(rarp.o)
 .debug_frame   0x00000784       0x28 net/libnet.a(eth.o)
 .debug_frame   0x000007ac      0x26c net/libnet.a(nfs.o)
 .debug_frame   0x00000a18      0x34c drivers/libdrivers.a(cfi_flash.o)
 .debug_frame   0x00000d64       0xfc common/libcommon.a(main.o)
 .debug_frame   0x00000e60       0x2c common/libcommon.a(cmd_boot.o)
 .debug_frame   0x00000e8c      0x130 common/libcommon.a(cmd_bootm.o)
 .debug_frame   0x00000fbc       0x30 common/libcommon.a(cmd_console.o)
 .debug_frame   0x00000fec      0x130 common/libcommon.a(cmd_flash.o)
 .debug_frame   0x0000111c       0xb4 common/libcommon.a(cmd_itest.o)
 .debug_frame   0x000011d0      0x1c8 common/libcommon.a(cmd_load.o)
 .debug_frame   0x00001398      0x188 common/libcommon.a(cmd_mem.o)
 .debug_frame   0x00001520       0xb8 common/libcommon.a(cmd_mii.o)
 .debug_frame   0x000015d8       0xa0 common/libcommon.a(cmd_net.o)
 .debug_frame   0x00001678      0x10c common/libcommon.a(cmd_nvedit.o)
 .debug_frame   0x00001784       0x98 common/libcommon.a(command.o)
 .debug_frame   0x0000181c      0x214 common/libcommon.a(console.o)
 .debug_frame   0x00001a30       0x74 common/libcommon.a(devices.o)
 .debug_frame   0x00001aa4      0x15c common/libcommon.a(dlmalloc.o)
 .debug_frame   0x00001c00       0x7c common/libcommon.a(env_common.o)
 .debug_frame   0x00001c7c       0x68 common/libcommon.a(env_flash.o)
 .debug_frame   0x00001ce4       0x48 common/libcommon.a(exports.o)
 .debug_frame   0x00001d2c       0x88 common/libcommon.a(flash.o)
 .debug_frame   0x00001db4      0x150 common/libcommon.a(lists.o)
 .debug_frame   0x00001f04      0x14c common/libcommon.a(miiphyutil.o)
 .debug_frame   0x00002050       0x28 lib_generic/libgeneric.a(crc32.o)
 .debug_frame   0x00002078       0x48 lib_generic/libgeneric.a(display_options.o)
 .debug_frame   0x000020c0      0x200 lib_generic/libgeneric.a(string.o)
 .debug_frame   0x000022c0       0xe4 lib_generic/libgeneric.a(vsprintf.o)
 .debug_frame   0x000023a4      0x324 lib_generic/libgeneric.a(zlib.o)
 .debug_frame   0x000026c8       0x48 board/at91rm9200dk/libat91rm9200dk.a(at91rm9200dk.o)
 .debug_frame   0x00002710      0x114 cpu/arm920t/libarm920t.a(cpu.o)
 .debug_frame   0x00002824       0x84 cpu/arm920t/at91rm9200/libat91rm9200.a(dm9161.o)
 .debug_frame   0x000028a8      0x110 cpu/arm920t/at91rm9200/libat91rm9200.a(ether.o)
 .debug_frame   0x000029b8       0x90 cpu/arm920t/at91rm9200/libat91rm9200.a(serial.o)
 .debug_frame   0x00002a48       0x94 lib_arm/libarm.a(armlinux.o)
 .debug_frame   0x00002adc       0x20 lib_arm/libarm.a(cache.o)
 .debug_frame   0x00002afc       0x20 lib_arm/libarm.a(div0.o)

.debug_pubnames
                0x00000000     0x1daf
 .debug_pubnames
                0x00000000       0xdf cpu/arm920t/libarm920t.a(interrupts.o)
 .debug_pubnames
                0x000000df       0xde cpu/arm920t/at91rm9200/libat91rm9200.a(interrupts.o)
 .debug_pubnames
                0x000001bd       0x71 lib_arm/libarm.a(board.o)
 .debug_pubnames
                0x0000022e      0x3d7 net/libnet.a(net.o)
 .debug_pubnames
                0x00000605       0x20 net/libnet.a(tftp.o)
 .debug_pubnames
                0x00000625       0x82 net/libnet.a(bootp.o)
 .debug_pubnames
                0x000006a7       0x2e net/libnet.a(rarp.o)
 .debug_pubnames
                0x000006d5       0x25 net/libnet.a(eth.o)
 .debug_pubnames
                0x000006fa       0x1f net/libnet.a(nfs.o)
 .debug_pubnames
                0x00000719      0x11a drivers/libdrivers.a(cfi_flash.o)
 .debug_pubnames
                0x00000833       0x5b common/libcommon.a(main.o)
 .debug_pubnames
                0x0000088e       0x47 common/libcommon.a(cmd_boot.o)
 .debug_pubnames
                0x000008d5       0xbe common/libcommon.a(cmd_bootm.o)
 .debug_pubnames
                0x00000993       0x3a common/libcommon.a(cmd_console.o)
 .debug_pubnames
                0x000009cd       0xb2 common/libcommon.a(cmd_flash.o)
 .debug_pubnames
                0x00000a7f       0x53 common/libcommon.a(cmd_itest.o)
 .debug_pubnames
                0x00000ad2      0x188 common/libcommon.a(cmd_load.o)
 .debug_pubnames
                0x00000c5a      0x1e7 common/libcommon.a(cmd_mem.o)
 .debug_pubnames
                0x00000e41      0x13e common/libcommon.a(cmd_mii.o)
 .debug_pubnames
                0x00000f7f       0xc6 common/libcommon.a(cmd_net.o)
 .debug_pubnames
                0x00001045       0xd1 common/libcommon.a(cmd_nvedit.o)
 .debug_pubnames
                0x00001116       0xaa common/libcommon.a(command.o)
 .debug_pubnames
                0x000011c0      0x10e common/libcommon.a(console.o)
 .debug_pubnames
                0x000012ce       0x76 common/libcommon.a(devices.o)
 .debug_pubnames
                0x00001344       0xb3 common/libcommon.a(dlmalloc.o)
 .debug_pubnames
                0x000013f7       0x88 common/libcommon.a(env_common.o)
 .debug_pubnames
                0x0000147f       0x75 common/libcommon.a(env_flash.o)
 .debug_pubnames
                0x000014f4       0x35 common/libcommon.a(exports.o)
 .debug_pubnames
                0x00001529       0x53 common/libcommon.a(flash.o)
 .debug_pubnames
                0x0000157c      0x116 common/libcommon.a(lists.o)
 .debug_pubnames
                0x00001692       0xd4 common/libcommon.a(miiphyutil.o)
 .debug_pubnames
                0x00001766       0x1c lib_generic/libgeneric.a(crc32.o)
 .debug_pubnames
                0x00001782       0x35 lib_generic/libgeneric.a(display_options.o)
 .debug_pubnames
                0x000017b7      0x13d lib_generic/libgeneric.a(string.o)
 .debug_pubnames
                0x000018f4       0x5a lib_generic/libgeneric.a(vsprintf.o)
 .debug_pubnames
                0x0000194e       0xab lib_generic/libgeneric.a(zlib.o)
 .debug_pubnames
                0x000019f9       0x1d lib_generic/libgeneric.a(ctype.o)
 .debug_pubnames
                0x00001a16       0x4e board/at91rm9200dk/libat91rm9200dk.a(at91rm9200dk.o)
 .debug_pubnames
                0x00001a64       0xb3 cpu/arm920t/libarm920t.a(cpu.o)
 .debug_pubnames
                0x00001b17       0x70 cpu/arm920t/at91rm9200/libat91rm9200.a(dm9161.o)
 .debug_pubnames
                0x00001b87      0x149 cpu/arm920t/at91rm9200/libat91rm9200.a(ether.o)
 .debug_pubnames
                0x00001cd0       0x7b cpu/arm920t/at91rm9200/libat91rm9200.a(serial.o)
 .debug_pubnames
                0x00001d4b       0x25 lib_arm/libarm.a(armlinux.o)
 .debug_pubnames
                0x00001d70       0x22 lib_arm/libarm.a(cache.o)
 .debug_pubnames
                0x00001d92       0x1d lib_arm/libarm.a(div0.o)

.debug_aranges  0x00000000      0x580
 .debug_aranges
                0x00000000       0x20 cpu/arm920t/libarm920t.a(interrupts.o)
 .debug_aranges
                0x00000020       0x20 cpu/arm920t/at91rm9200/libat91rm9200.a(interrupts.o)
 .debug_aranges
                0x00000040       0x20 lib_arm/libarm.a(board.o)
 .debug_aranges
                0x00000060       0x20 net/libnet.a(net.o)
 .debug_aranges
                0x00000080       0x20 net/libnet.a(tftp.o)
 .debug_aranges
                0x000000a0       0x20 net/libnet.a(bootp.o)
 .debug_aranges
                0x000000c0       0x20 net/libnet.a(rarp.o)
 .debug_aranges
                0x000000e0       0x20 net/libnet.a(eth.o)
 .debug_aranges
                0x00000100       0x20 net/libnet.a(nfs.o)
 .debug_aranges
                0x00000120       0x20 drivers/libdrivers.a(cfi_flash.o)
 .debug_aranges
                0x00000140       0x20 common/libcommon.a(main.o)
 .debug_aranges
                0x00000160       0x20 common/libcommon.a(cmd_boot.o)
 .debug_aranges
                0x00000180       0x20 common/libcommon.a(cmd_bootm.o)
 .debug_aranges
                0x000001a0       0x20 common/libcommon.a(cmd_console.o)
 .debug_aranges
                0x000001c0       0x20 common/libcommon.a(cmd_flash.o)
 .debug_aranges
                0x000001e0       0x20 common/libcommon.a(cmd_itest.o)
 .debug_aranges
                0x00000200       0x20 common/libcommon.a(cmd_load.o)
 .debug_aranges
                0x00000220       0x20 common/libcommon.a(cmd_mem.o)
 .debug_aranges
                0x00000240       0x20 common/libcommon.a(cmd_mii.o)
 .debug_aranges
                0x00000260       0x20 common/libcommon.a(cmd_net.o)
 .debug_aranges
                0x00000280       0x20 common/libcommon.a(cmd_nvedit.o)
 .debug_aranges
                0x000002a0       0x20 common/libcommon.a(command.o)
 .debug_aranges
                0x000002c0       0x20 common/libcommon.a(console.o)
 .debug_aranges
                0x000002e0       0x20 common/libcommon.a(devices.o)
 .debug_aranges
                0x00000300       0x20 common/libcommon.a(dlmalloc.o)
 .debug_aranges
                0x00000320       0x20 common/libcommon.a(env_common.o)
 .debug_aranges
                0x00000340       0x20 common/libcommon.a(env_flash.o)
 .debug_aranges
                0x00000360       0x20 common/libcommon.a(exports.o)
 .debug_aranges
                0x00000380       0x20 common/libcommon.a(flash.o)
 .debug_aranges
                0x000003a0       0x20 common/libcommon.a(lists.o)
 .debug_aranges
                0x000003c0       0x20 common/libcommon.a(miiphyutil.o)
 .debug_aranges
                0x000003e0       0x20 lib_generic/libgeneric.a(crc32.o)
 .debug_aranges
                0x00000400       0x20 lib_generic/libgeneric.a(display_options.o)
 .debug_aranges
                0x00000420       0x20 lib_generic/libgeneric.a(string.o)
 .debug_aranges
                0x00000440       0x20 lib_generic/libgeneric.a(vsprintf.o)
 .debug_aranges
                0x00000460       0x20 lib_generic/libgeneric.a(zlib.o)
 .debug_aranges
                0x00000480       0x20 board/at91rm9200dk/libat91rm9200dk.a(at91rm9200dk.o)
 .debug_aranges
                0x000004a0       0x20 cpu/arm920t/libarm920t.a(cpu.o)
 .debug_aranges
                0x000004c0       0x20 cpu/arm920t/at91rm9200/libat91rm9200.a(dm9161.o)
 .debug_aranges
                0x000004e0       0x20 cpu/arm920t/at91rm9200/libat91rm9200.a(ether.o)
 .debug_aranges
                0x00000500       0x20 cpu/arm920t/at91rm9200/libat91rm9200.a(serial.o)
 .debug_aranges
                0x00000520       0x20 lib_arm/libarm.a(armlinux.o)
 .debug_aranges
                0x00000540       0x20 lib_arm/libarm.a(cache.o)
 .debug_aranges
                0x00000560       0x20 lib_arm/libarm.a(div0.o)

.debug_str      0x00000000     0x5127
 .debug_str     0x00000000      0x94d cpu/arm920t/libarm920t.a(interrupts.o)
                                0xb2f (size before relaxing)
 .debug_str     0x0000094d      0x7a9 cpu/arm920t/at91rm9200/libat91rm9200.a(interrupts.o)
                               0x129c (size before relaxing)
 .debug_str     0x000010f6     0x1205 lib_arm/libarm.a(board.o)
                               0x2509 (size before relaxing)
 .debug_str     0x000022fb      0x518 net/libnet.a(net.o)
                               0x121b (size before relaxing)
 .debug_str     0x00002813       0xec net/libnet.a(tftp.o)
                                0xf54 (size before relaxing)
 .debug_str     0x000028ff      0x172 net/libnet.a(bootp.o)
                               0x105e (size before relaxing)
 .debug_str     0x00002a71       0x4c net/libnet.a(rarp.o)
                                0xe8c (size before relaxing)
 .debug_str     0x00002abd       0x15 net/libnet.a(eth.o)
                                0xcf0 (size before relaxing)
 .debug_str     0x00002ad2      0x223 net/libnet.a(nfs.o)
                               0x1174 (size before relaxing)
 .debug_str     0x00002cf5      0x3e7 drivers/libdrivers.a(cfi_flash.o)
                                0xe7d (size before relaxing)
 .debug_str     0x000030dc      0x13a common/libcommon.a(main.o)
                                0xbe0 (size before relaxing)
 .debug_str     0x00003216       0x34 common/libcommon.a(cmd_boot.o)
                                0xd32 (size before relaxing)
 .debug_str     0x0000324a      0x239 common/libcommon.a(cmd_bootm.o)
                                0xdbd (size before relaxing)
 .debug_str     0x00003483       0x50 common/libcommon.a(cmd_console.o)
                                0xc11 (size before relaxing)
 .debug_str     0x000034d3      0x133 common/libcommon.a(cmd_flash.o)
                                0xc27 (size before relaxing)
 .debug_str     0x00003606       0x80 common/libcommon.a(cmd_itest.o)
                                0xb43 (size before relaxing)
 .debug_str     0x00003686      0x30a common/libcommon.a(cmd_load.o)
                               0x104f (size before relaxing)
 .debug_str     0x00003990      0x21d common/libcommon.a(cmd_mem.o)
                                0xd08 (size before relaxing)
 .debug_str     0x00003bad      0x1b8 common/libcommon.a(cmd_mii.o)
                                0xf04 (size before relaxing)
 .debug_str     0x00003d65       0xc3 common/libcommon.a(cmd_net.o)
                                0xe45 (size before relaxing)
 .debug_str     0x00003e28       0xf6 common/libcommon.a(cmd_nvedit.o)
                                0xe50 (size before relaxing)
 .debug_str     0x00003f1e       0xd9 common/libcommon.a(command.o)
                                0xba1 (size before relaxing)
 .debug_str     0x00003ff7       0xcf common/libcommon.a(console.o)
                                0xdae (size before relaxing)
 .debug_str     0x000040c6       0x44 common/libcommon.a(devices.o)
                                0xc5b (size before relaxing)
 .debug_str     0x0000410a      0x25e common/libcommon.a(dlmalloc.o)
                                0xd5b (size before relaxing)
 .debug_str     0x00004368       0x78 common/libcommon.a(env_common.o)
                                0xb8a (size before relaxing)
 .debug_str     0x000043e0       0x5f common/libcommon.a(env_flash.o)
                                0xba5 (size before relaxing)
 .debug_str     0x0000443f       0x19 common/libcommon.a(exports.o)
                                0xb2f (size before relaxing)
 .debug_str     0x00004458       0x46 common/libcommon.a(flash.o)
                                0xae7 (size before relaxing)
 .debug_str     0x0000449e      0x1cf common/libcommon.a(lists.o)
                                0xd3b (size before relaxing)
 .debug_str     0x0000466d      0x122 common/libcommon.a(miiphyutil.o)
                                0xe6c (size before relaxing)
 .debug_str     0x0000478f       0x45 lib_generic/libgeneric.a(crc32.o)
                                0xb66 (size before relaxing)
 .debug_str     0x000047d4       0x2d lib_generic/libgeneric.a(display_options.o)
                                0xaa8 (size before relaxing)
 .debug_str     0x00004801       0xea lib_generic/libgeneric.a(string.o)
                                0x5ac (size before relaxing)
 .debug_str     0x000048eb       0x80 lib_generic/libgeneric.a(vsprintf.o)
                                0xb59 (size before relaxing)
 .debug_str     0x0000496b      0x3ca lib_generic/libgeneric.a(zlib.o)
                                0x94f (size before relaxing)
 .debug_str     0x00004d35        0x8 lib_generic/libgeneric.a(ctype.o)
                                 0x69 (size before relaxing)
 .debug_str     0x00004d3d       0xa4 board/at91rm9200dk/libat91rm9200dk.a(at91rm9200dk.o)
                               0x126c (size before relaxing)
 .debug_str     0x00004de1       0x9c cpu/arm920t/libarm920t.a(cpu.o)
                                0xb63 (size before relaxing)
 .debug_str     0x00004e7d       0x85 cpu/arm920t/at91rm9200/libat91rm9200.a(dm9161.o)
                               0x14fa (size before relaxing)
 .debug_str     0x00004f02      0x117 cpu/arm920t/at91rm9200/libat91rm9200.a(ether.o)
                               0x15ad (size before relaxing)
 .debug_str     0x00005019       0x53 cpu/arm920t/at91rm9200/libat91rm9200.a(serial.o)
                               0x121d (size before relaxing)
 .debug_str     0x0000506c       0x8b lib_arm/libarm.a(armlinux.o)
                                0xc60 (size before relaxing)
 .debug_str     0x000050f7       0x22 lib_arm/libarm.a(cache.o)
                                0xa8a (size before relaxing)
 .debug_str     0x00005119        0xe lib_arm/libarm.a(div0.o)
                                 0x4e (size before relaxing)

.comment        0x00000000      0x32a
 .comment       0x00000000       0x12 cpu/arm920t/libarm920t.a(interrupts.o)
 .comment       0x00000012       0x12 cpu/arm920t/at91rm9200/libat91rm9200.a(interrupts.o)
 .comment       0x00000024       0x12 lib_arm/libarm.a(board.o)
 .comment       0x00000036       0x12 net/libnet.a(net.o)
 .comment       0x00000048       0x12 net/libnet.a(tftp.o)
 .comment       0x0000005a       0x12 net/libnet.a(bootp.o)
 .comment       0x0000006c       0x12 net/libnet.a(rarp.o)
 .comment       0x0000007e       0x12 net/libnet.a(eth.o)
 .comment       0x00000090       0x12 net/libnet.a(nfs.o)
 .comment       0x000000a2       0x12 drivers/libdrivers.a(cfi_flash.o)
 .comment       0x000000b4       0x12 common/libcommon.a(main.o)
 .comment       0x000000c6       0x12 common/libcommon.a(cmd_boot.o)
 .comment       0x000000d8       0x12 common/libcommon.a(cmd_bootm.o)
 .comment       0x000000ea       0x12 common/libcommon.a(cmd_console.o)
 .comment       0x000000fc       0x12 common/libcommon.a(cmd_flash.o)
 .comment       0x0000010e       0x12 common/libcommon.a(cmd_itest.o)
 .comment       0x00000120       0x12 common/libcommon.a(cmd_load.o)
 .comment       0x00000132       0x12 common/libcommon.a(cmd_mem.o)
 .comment       0x00000144       0x12 common/libcommon.a(cmd_mii.o)
 .comment       0x00000156       0x12 common/libcommon.a(cmd_net.o)
 .comment       0x00000168       0x12 common/libcommon.a(cmd_nvedit.o)
 .comment       0x0000017a       0x12 common/libcommon.a(command.o)
 .comment       0x0000018c       0x12 common/libcommon.a(console.o)
 .comment       0x0000019e       0x12 common/libcommon.a(devices.o)
 .comment       0x000001b0       0x12 common/libcommon.a(dlmalloc.o)
 .comment       0x000001c2       0x12 common/libcommon.a(env_common.o)
 .comment       0x000001d4       0x12 common/libcommon.a(env_flash.o)
 .comment       0x000001e6       0x12 common/libcommon.a(exports.o)
 .comment       0x000001f8       0x12 common/libcommon.a(flash.o)
 .comment       0x0000020a       0x12 common/libcommon.a(lists.o)
 .comment       0x0000021c       0x12 common/libcommon.a(miiphyutil.o)
 .comment       0x0000022e       0x12 lib_generic/libgeneric.a(crc32.o)
 .comment       0x00000240       0x12 lib_generic/libgeneric.a(display_options.o)
 .comment       0x00000252       0x12 lib_generic/libgeneric.a(string.o)
 .comment       0x00000264       0x12 lib_generic/libgeneric.a(vsprintf.o)
 .comment       0x00000276       0x12 lib_generic/libgeneric.a(zlib.o)
 .comment       0x00000288       0x12 lib_generic/libgeneric.a(ctype.o)
 .comment       0x0000029a       0x12 board/at91rm9200dk/libat91rm9200dk.a(at91rm9200dk.o)
 .comment       0x000002ac       0x12 cpu/arm920t/libarm920t.a(cpu.o)
 .comment       0x000002be       0x12 cpu/arm920t/at91rm9200/libat91rm9200.a(dm9161.o)
 .comment       0x000002d0       0x12 cpu/arm920t/at91rm9200/libat91rm9200.a(ether.o)
 .comment       0x000002e2       0x12 cpu/arm920t/at91rm9200/libat91rm9200.a(serial.o)
 .comment       0x000002f4       0x12 lib_arm/libarm.a(armlinux.o)
 .comment       0x00000306       0x12 lib_arm/libarm.a(cache.o)
 .comment       0x00000318       0x12 lib_arm/libarm.a(div0.o)

.debug_ranges   0x00000000      0x208
 .debug_ranges  0x00000000       0x40 net/libnet.a(net.o)
 .debug_ranges  0x00000040       0x20 common/libcommon.a(main.o)
 .debug_ranges  0x00000060       0x18 common/libcommon.a(cmd_flash.o)
 .debug_ranges  0x00000078       0x18 common/libcommon.a(cmd_mem.o)
 .debug_ranges  0x00000090       0x18 common/libcommon.a(cmd_nvedit.o)
 .debug_ranges  0x000000a8       0x38 common/libcommon.a(command.o)
 .debug_ranges  0x000000e0       0x30 common/libcommon.a(console.o)
 .debug_ranges  0x00000110       0x50 common/libcommon.a(dlmalloc.o)
 .debug_ranges  0x00000160       0x38 common/libcommon.a(flash.o)
 .debug_ranges  0x00000198       0x20 lib_generic/libgeneric.a(vsprintf.o)
 .debug_ranges  0x000001b8       0x50 lib_generic/libgeneric.a(zlib.o)
