21f00000 T _start
21f00020 t _undefined_instruction
21f00024 t _software_interrupt
21f00028 t _prefetch_abort
21f0002c t _data_abort
21f00030 t _not_used
21f00034 t _irq
21f00038 t _fiq
21f00040 t _TEXT_BASE
21f00044 T _armboot_start
21f00048 T _bss_start
21f0004c T _bss_end
21f00050 t reset
21f00064 t relocate
21f00084 t copy_loop
21f00094 t stack_setup
21f000a4 t clear_bss
21f000b0 t clbss_l
21f000c4 t _start_armboot
21f000c8 t cpu_init_crit
21f00100 t undefined_instruction
21f00160 t software_interrupt
21f001c0 t prefetch_abort
21f00220 t data_abort
21f00280 t not_used
21f002e0 t irq
21f00340 t fiq
21f003a0 T enable_interrupts
21f003a4 T disable_interrupts
21f003ac T bad_mode
21f003c8 T show_regs
21f00508 T do_undefined_instruction
21f0052c T do_software_interrupt
21f00550 T do_prefetch_abort
21f00574 T do_data_abort
21f00598 T do_not_used
21f005bc T do_fiq
21f005e0 T do_irq
21f00604 t _MTEXT_BASE
21f00608 T lowlevel_init
21f00618 t LoopOsc
21f00694 t SMRDATA
21f006e4 t SMRDATA1
21f00794 T interrupt_init
21f0081c T reset_timer
21f00820 T get_timer
21f00834 T set_timer
21f00844 T udelay
21f00848 T reset_timer_masked
21f00880 T get_timer_raw
21f008dc T get_timer_masked
21f008f8 T udelay_masked
21f00930 T get_ticks
21f00944 T get_tbclk
21f0094c T reset_cpu
21f0099c t mem_malloc_init
21f009d8 T sbrk
21f00a1c t init_baudrate
21f00a74 t display_banner
21f00a94 t display_dram_config
21f00ac4 t display_flash_config
21f00aec T start_armboot
21f00c9c T hang
21f00cb0 T ArpRequest
21f00df0 T ArpTimeoutCheck
21f00e78 T NetLoop
21f012a0 t startAgainTimeout
21f012b4 t startAgainHandler
21f012b8 T NetStartAgain
21f01344 T NetSetHandler
21f01354 T NetSetTimeout
21f01394 T NetSendPacket
21f01398 T NetSendUDPPacket
21f01508 T NetReceive
21f01a9c t net_check_prereq
21f01b50 T NetCksumOk
21f01b7c T NetCksum
21f01bc8 T NetEthHdrSize
21f01c0c T NetSetEther
21f01cc8 T NetSetIP
21f01e04 T copy_filename
21f01e70 T ip_to_string
21f01ec8 T string_to_ip
21f01f48 T VLAN_to_string
21f01fa4 T string_to_VLAN
21f01ffc T print_IPaddr
21f02020 T getenv_IPaddr
21f02030 T getenv_VLAN
21f02048 t TftpSend
21f021fc t TftpHandler
21f024ac t TftpTimeout
21f02508 T TftpStart
21f02738 t BootpCheckPkt
21f027d4 t BootpCopyNetParams
21f02888 t truncate_sz
21f028bc t BootpTimeout
21f02904 t DhcpExtended
21f02a90 T BootpRequest
21f02cac t DhcpOptionsProcess
21f02f28 t DhcpMessageType
21f02f98 t DhcpSendRequestPkt
21f03108 t DhcpHandler
21f03274 T DhcpRequest
21f03278 t RarpHandler
21f032d0 t RarpTimeout
21f03318 T RarpRequest
21f03418 T eth_initialize
21f03434 t basename
21f03470 t dirname
21f0348c t rpc_add_credentials
21f03558 t rpc_req
21f036a0 t rpc_lookup_req
21f03720 t nfs_mount_req
21f037c4 t nfs_umountall_req
21f03820 t nfs_readlink_req
21f0386c t nfs_lookup_req
21f03924 t nfs_read_req
21f039c8 t NfsSend
21f03a68 t rpc_lookup_reply
21f03b50 t nfs_mount_reply
21f03c08 t nfs_umountall_reply
21f03cac t nfs_lookup_reply
21f03d54 t nfs_readlink_reply
21f03e80 t nfs_read_reply
21f0400c t NfsTimeout
21f04030 t NfsHandler
21f0421c T NfsStart
21f044b8 T AT91F_DataflashInit
21f0463c T dataflash_print_info
21f04764 T AT91F_DataflashSelect
21f047e8 T addr_dataflash
21f04828 T size_dataflash
21f04858 T prot_dataflash
21f048bc T dataflash_real_protect
21f049f8 T read_dataflash
21f04a78 T write_dataflash
21f04b20 T dataflash_perror
21f04bcc T main_loop
21f04d4c T readline
21f04f68 t delete_char
21f05058 t parse_line
21f05100 t process_macros
21f052fc T run_command
21f054e0 T do_run
21f05560 T do_go
21f055ec T do_bootm
21f05b70 t do_bootm_netbsd
21f05c98 T do_bootd
21f05cbc t do_imls
21f05e44 T print_image_hdr
21f05f78 t print_type
21f06254 t zalloc
21f06268 t zfree
21f06270 T gunzip
21f063cc t do_bootm_rtems
21f06414 T do_coninfo
21f064ec t abbrev_spec
21f06650 t addr_spec
21f067fc t flash_fill_sect_ranges
21f069e4 T do_flinfo
21f06a90 T do_flerase
21f06c60 T flash_sect_erase
21f06d58 T do_protect
21f07114 T flash_sect_protect
21f07218 t evalexp
21f07270 t evalstr
21f07290 t stringcomp
21f07358 t arithcomp
21f07408 T binary_test
21f074b0 T do_itest
21f07564 T do_load_serial_bin
21f07700 t load_serial_bin
21f0778c T send_pad
21f077c8 T ktrans
21f077f4 T chk1
21f07828 T s1_sendpacket
21f07858 T send_ack
21f078c0 T send_nack
21f07928 t bin_data_init
21f07960 t os_data_save
21f079ac t os_data_restore
21f079f8 t bin_data_char
21f07a3c t set_kerm_bin_mode
21f07a74 T k_data_init
21f07a9c T k_data_save
21f07ab8 T k_data_restore
21f07ad4 T k_data_char
21f07b48 T handle_send_packet
21f07d60 t k_recv
21f07fcc t getcxmodem
21f07fe8 t load_serial_ymodem
21f08120 T cmd_get_data_size
21f081e4 T do_mem_md
21f0844c T do_mem_mm
21f08478 T do_mem_nm
21f084a4 T do_mem_mw
21f0857c T do_mem_cmp
21f08758 T do_mem_cp
21f0897c T do_mem_base
21f089c4 T do_mem_loop
21f08ad8 T do_mem_mtest
21f08bfc t mod_mem
21f08d94 T do_mem_crc
21f08e54 T MII_dump_0_to_5
21f08eb0 t dump_reg
21f08fc8 t special_field
21f09160 t extract_range
21f091bc T do_mii
21f09698 T do_bootp
21f096a4 T do_tftpb
21f096b0 T do_rarpb
21f096bc T do_dhcp
21f096c8 T do_nfs
21f096d4 t netboot_update_env
21f09828 t netboot_common
21f099a8 T do_printenv
21f09b70 T _do_setenv
21f0a06c T setenv
21f0a0ac T do_setenv
21f0a0ec T getenv
21f0a164 T getenv_r
21f0a228 T do_saveenv
21f0a254 t envmatch
21f0a2c8 T do_version
21f0a2e8 T do_echo
21f0a370 T do_help
21f0a500 T find_cmd
21f0a5a0 t console_setfile
21f0a64c T serial_printf
21f0a684 T fgetc
21f0a6ac T ftstc
21f0a6d4 T fputc
21f0a704 T fputs
21f0a730 T fprintf
21f0a770 T getc
21f0a788 T tstc
21f0a7a0 T putc
21f0a7c8 T puts
21f0a7e4 T printf
21f0a81c T vprintf
21f0a848 T ctrlc
21f0a8a4 T disable_ctrlc
21f0a8bc T had_ctrlc
21f0a8cc T clear_ctrlc
21f0a8e0 T console_assign
21f0a974 T console_init_f
21f0a984 T console_init_r
21f0ab20 T dbg
21f0ab2c t drv_system_init
21f0aba0 T device_register
21f0abc8 T devices_init
21f0ac10 T devices_done
21f0ac2c T malloc_bin_reloc
21f0ac60 t malloc_extend_top
21f0ae18 T malloc
21f0b2bc T free
21f0b4dc T realloc
21f0b944 T memalign
21f0ba54 T valloc
21f0ba60 T pvalloc
21f0ba78 T calloc
21f0bb48 T cfree
21f0bb4c T malloc_trim
21f0bc30 T malloc_usable_size
21f0bc70 T mallopt
21f0bce0 T env_crc_update
21f0bd0c t env_get_char_init
21f0bd34 T env_get_char_memory
21f0bd54 T env_get_addr
21f0bd74 T env_relocate
21f0be08 T env_get_char_spec
21f0be14 T env_init
21f0be6c T saveenv
21f0bf34 T env_relocate_spec
21f0bf54 t dummy
21f0bf58 T get_version
21f0bf60 T jumptable_init
21f0c014 T flash_protect
21f0c114 T addr2info
21f0c160 T flash_write
21f0c30c T flash_perror
21f0c3f8 T NewHandle
21f0c460 T DisposeHandle
21f0c484 T GetHandleSize
21f0c48c T SetHandleSize
21f0c500 t ExpandListSpace
21f0c5cc T ListCreate
21f0c62c T ListSetAllocationPolicy
21f0c640 T ListDispose
21f0c644 T ListInsertItem
21f0c64c T ListInsertItems
21f0c784 T ListGetItems
21f0c7d0 T ListGetPtrToItem
21f0c800 T ListGetDataPtr
21f0c80c T ListGetItemSize
21f0c818 T ListNumItems
21f0c824 T miiphy_init
21f0c848 T miiphy_register
21f0c93c T miiphy_set_current_dev
21f0c99c T miiphy_get_current_dev
21f0c9b4 T miiphy_read
21f0ca6c T miiphy_write
21f0cb28 T miiphy_listdev
21f0cb9c T miiphy_info
21f0cc44 T miiphy_reset
21f0ccf4 T miiphy_speed
21f0cd8c T miiphy_duplex
21f0ce24 T CYGACC_COMM_IF_GETC_TIMEOUT
21f0ce84 T CYGACC_COMM_IF_PUTC
21f0ce90 T parse_num
21f0cfd0 t xyzModem_flush
21f0d000 t xyzModem_get_hdr
21f0d318 T xyzModem_stream_open
21f0d494 T xyzModem_stream_read
21f0d750 T xyzModem_stream_close
21f0d7a4 T xyzModem_stream_terminate
21f0d87c T xyzModem_error
21f0d918 T cyg_crc16
21f0d958 T crc32
21f0da54 T display_options
21f0da74 T print_size
21f0db08 T strcpy
21f0db28 T strncpy
21f0db54 T strcat
21f0db8c T strncat
21f0dbec T strcmp
21f0dc1c T strncmp
21f0dc64 T strchr
21f0dc98 T strrchr
21f0dcd0 T strlen
21f0dcf4 T strnlen
21f0dd34 T strdup
21f0dd74 T strspn
21f0ddd4 T strpbrk
21f0de1c T strtok
21f0de9c T strsep
21f0ded4 T strswab
21f0df34 T memset
21f0df58 T bcopy
21f0df84 T memcpy
21f0dfac T memmove
21f0e00c T memcmp
21f0e044 T memscan
21f0e068 T strstr
21f0e0d4 T memchr
21f0e108 T simple_strtoul
21f0e1b4 T simple_strtol
21f0e1e0 t skip_atoi
21f0e228 t number
21f0e468 T vsprintf
21f0e964 T sprintf
21f0e984 T panic
21f0e9cc T inflateReset
21f0ea34 T inflateEnd
21f0eaa0 T inflateInit2
21f0eb70 T inflateInit
21f0eb78 T inflate
21f0ef3c T inflateIncomp
21f0ef5c T inflateSync
21f0f06c t inflate_blocks_reset
21f0f13c t inflate_blocks_new
21f0f1dc t inflate_blocks
21f0fd60 t inflate_blocks_free
21f0fda8 t inflate_addhistory
21f0fecc t inflate_packet_flush
21f0feec t huft_build
21f104fc t inflate_trees_bits
21f10574 t inflate_trees_dynamic
21f10694 t falloc
21f106b8 t ffree
21f106bc t inflate_trees_fixed
21f108e4 t inflate_trees_free
21f10924 t inflate_codes_new
21f10978 t inflate_codes
21f10fdc t inflate_codes_free
21f11000 t inflate_flush
21f11184 t inflate_fast
21f114cc T adler32
21f11668 T board_init
21f116a4 T dram_init
21f116c4 T at91rm9200_GetPhyInterface
21f116f8 T AT91F_SpiInit
21f1175c T AT91F_SpiEnable
21f117d8 T AT91F_SpiWrite
21f118b4 T AT91F_DataFlashSendCommand
21f119f0 T AT91F_DataFlashGetStatus
21f11a58 T AT91F_DataFlashWaitReady
21f11aa0 T AT91F_DataFlashContinuousRead
21f11b08 T AT91F_DataFlashPagePgmBuf
21f11b58 T AT91F_MainMemoryToBufferTransfert
21f11bb4 T AT91F_DataFlashWriteBuffer
21f11cd8 T AT91F_PageErase
21f11d08 T AT91F_BlockErase
21f11d3c T AT91F_WriteBufferToMain
21f11d94 T AT91F_PartialPageWrite
21f11e60 T AT91F_DataFlashWrite
21f11ff4 T AT91F_DataFlashRead
21f12094 T AT91F_DataflashProbe
21f120bc T flash_identification
21f121a8 T flash_number_sector
21f121d8 T flash_unlock_sector
21f121fc T flash_init
21f12410 T flash_print_info
21f12550 T flash_erase
21f1275c t write_word
21f12838 T write_buff
21f128e0 t read_p15_c1
21f128e8 t write_p15_c1
21f128f0 t cp_delay
21f12928 T cpu_init
21f12930 T cleanup_before_linux
21f12958 T do_reset
21f12970 T icache_enable
21f12990 T icache_disable
21f129b0 T icache_status
21f129c4 T dcache_enable
21f129e4 T dcache_disable
21f12a00 T dcache_status
21f12a14 T dm9161_IsPhyConnected
21f12a80 T dm9161_GetLinkSpeed
21f12b58 T dm9161_InitPhy
21f12bd0 T dm9161_AutoNegotiate
21f12d4c T at91rm9200_EmacEnableMDIO
21f12d5c T at91rm9200_EmacDisableMDIO
21f12d6c T at91rm9200_EmacReadPhy
21f12da8 T at91rm9200_EmacWritePhy
21f12dd8 T eth_init
21f12f98 T eth_send
21f12fe4 T eth_rx
21f13070 T eth_halt
21f13074 T at91rm9200_miiphy_read
21f130b0 T at91rm9200_miiphy_write
21f130fc T at91rm9200_miiphy_initialize
21f13124 T serial_setbrg
21f1315c T serial_init
21f131c4 T serial_putc
21f131f8 T serial_puts
21f13224 T serial_getc
21f13244 T serial_tstc
21f1325c T __udivsi3
21f13274 t Loop1
21f13288 t Lbignum
21f1329c t Loop3
21f132dc t Lgot_result
21f132e4 t Ldiv0
21f132f4 T __umodsi3
21f13308 t Loop1
21f1331c t Lbignum
21f13330 t Loop3
21f13398 t Ldiv0
21f133a8 T do_bootm_linux
21f1371c t setup_start_tag
21f13774 t setup_memory_tags
21f137c4 t setup_commandline_tag
21f1384c t setup_initrd_tag
21f13898 t setup_end_tag
21f138b8 T flush_cache
21f138bc T __div0
21f13940 R version_string
21f13980 r baudrate_table
21f13994 r crc16_tab
21f13b94 r crc_table
21f170a4 D init_sequence
21f170d0 D NetBcastAddr
21f170d6 D NetOurVLAN
21f170d8 D NetOurNativeVLAN
21f170dc d nfs_offset
21f170e0 D cs
21f170f0 D area_list
21f17120 d erase_seq
21f17124 d tab_seq
21f17130 D load_addr
21f17134 D op_table
21f1719c D dp_last_length
21f171a0 D reg_0_5_desc_tbl
21f171d0 D reg_0_desc_tbl
21f17248 D reg_1_desc_tbl
21f17308 D reg_2_desc_tbl
21f17314 D reg_3_desc_tbl
21f17338 D reg_4_desc_tbl
21f173c8 D reg_5_desc_tbl
21f17458 D desc_and_len_tbl
21f17488 D stdio_names
21f17494 d av_
21f1789c d trim_threshold
21f178a0 d mmap_threshold
21f178a4 d sbrk_base
21f178a8 D env_get_char
21f178ac D default_environment
21f178cc D env_name_spec
21f178d0 D env_ptr
21f178d4 d flash_addr
21f178d8 d inflate_mask
21f1791c d border
21f17968 d cplens
21f179e4 d cplext
21f17a60 d cpdist
21f17ad8 d cpdext
21f17b50 d fixed_left
21f17b54 D zlib_version
21f17b58 D z_errmsg
21f17b78 D _ctype
21f17c78 D OrgAT49BV16x4
21f17c90 D OrgAT49BV16x4A
21f17ca0 D OrgAT49BV6416
21f17cb0 D us
21f17cb4 A __u_boot_cmd_start
21f17cb4 D __u_boot_cmd_go
21f17cc8 D __u_boot_cmd_reset
21f17cdc D __u_boot_cmd_bootm
21f17cf0 D __u_boot_cmd_boot
21f17d04 D __u_boot_cmd_bootd
21f17d18 D __u_boot_cmd_imls
21f17d2c D __u_boot_cmd_coninfo
21f17d40 D __u_boot_cmd_flinfo
21f17d54 D __u_boot_cmd_erase
21f17d68 D __u_boot_cmd_protect
21f17d7c D __u_boot_cmd_itest
21f17d90 D __u_boot_cmd_loadb
21f17da4 D __u_boot_cmd_loady
21f17db8 D __u_boot_cmd_md
21f17dcc D __u_boot_cmd_mm
21f17de0 D __u_boot_cmd_nm
21f17df4 D __u_boot_cmd_mw
21f17e08 D __u_boot_cmd_cp
21f17e1c D __u_boot_cmd_cmp
21f17e30 D __u_boot_cmd_crc32
21f17e44 D __u_boot_cmd_base
21f17e58 D __u_boot_cmd_loop
21f17e6c D __u_boot_cmd_mtest
21f17e80 D __u_boot_cmd_mii
21f17e94 D __u_boot_cmd_bootp
21f17ea8 D __u_boot_cmd_tftpboot
21f17ebc D __u_boot_cmd_rarpboot
21f17ed0 D __u_boot_cmd_dhcp
21f17ee4 D __u_boot_cmd_nfs
21f17ef8 D __u_boot_cmd_printenv
21f17f0c D __u_boot_cmd_setenv
21f17f20 D __u_boot_cmd_saveenv
21f17f34 D __u_boot_cmd_run
21f17f48 D __u_boot_cmd_version
21f17f5c D __u_boot_cmd_echo
21f17f70 D __u_boot_cmd_help
21f17f84 D __u_boot_cmd_question_mark
21f17f98 A __bss_start
21f17f98 A __u_boot_cmd_end
21f18000 B tmr
21f18004 b timestamp
21f18008 b lastinc
21f1800c b mem_malloc_start
21f18010 b mem_malloc_end
21f18014 b mem_malloc_brk
21f18018 B monitor_flash_len
21f1801c B NetOurSubnetMask
21f18020 B NetOurGatewayIP
21f18024 B NetOurDNSIP
21f18028 B NetOurNISDomain
21f18048 B NetOurHostName
21f18068 B NetOurRootPath
21f180a8 B NetBootFileSize
21f180aa B NetServerEther
21f180b0 B NetEtherNullAddr
21f180b8 B NetTxPacket
21f180bc B NetBootFileXferSize
21f180c0 B NetOurEther
21f180c8 B NetOurIP
21f180cc B NetServerIP
21f180d0 B NetRxPackets
21f180e0 B NetRxPkt
21f180e4 B NetRxPktLen
21f180e8 B NetIPID
21f180ec B NetState
21f180f0 B BootFile
21f18170 B PktBuf
21f19f90 b packetHandler
21f19f94 b timeHandler
21f19f98 b timeStart
21f19f9c b timeDelta
21f19fa0 B NetArpWaitPacketIP
21f19fa4 B NetArpWaitReplyIP
21f19fa8 B NetArpWaitPacketMAC
21f19fac B NetArpWaitTxPacket
21f19fb0 B NetArpWaitTxPacketSize
21f19fb4 B NetArpWaitPacketBuf
21f1a5d4 B NetArpWaitTimerStart
21f1a5d8 B NetArpWaitTry
21f1a5dc b TftpServerPort
21f1a5e0 b TftpOurPort
21f1a5e4 b TftpTimeoutCount
21f1a5e8 b TftpBlock
21f1a5ec b TftpLastBlock
21f1a5f0 b TftpBlockWrap
21f1a5f4 b TftpBlockWrapOffset
21f1a5f8 b TftpState
21f1a5fc b default_filename
21f1a60c b tftp_filename
21f1a610 B dhcp_state
21f1a614 B dhcp_leasetime
21f1a618 B NetDHCPServerIP
21f1a61c B BootpID
21f1a620 B BootpTry
21f1a624 B RarpTry
21f1a628 b fs_mounted
21f1a62c b rpc_id
21f1a630 b nfs_len
21f1a634 b dirfh
21f1a654 b filefh
21f1a674 b NfsDownloadState
21f1a678 b NfsServerIP
21f1a67c b NfsSrvMountPort
21f1a680 b NfsSrvNfsPort
21f1a684 b NfsOurPort
21f1a688 b NfsTimeoutCount
21f1a68c b NfsState
21f1a690 b default_filename
21f1a6d0 b nfs_filename
21f1a6d4 b nfs_path
21f1a6d8 b nfs_path_buff
21f1aed8 B dataflash_info
21f1afc8 b DataFlashInst
21f1afd0 b lastcommand.0
21f1b0d0 B console_buffer
21f1b1d0 B header
21f1b210 B os_data_count
21f1b214 B os_data_header
21f1b234 B his_eol
21f1b238 B his_pad_count
21f1b23c B his_pad_char
21f1b23d B his_quote
21f1b23e b a_b
21f1b258 B os_data_init
21f1b25c B os_data_char
21f1b260 b os_data_state
21f1b264 b os_data_state_saved
21f1b268 b os_data_count_saved
21f1b26c b os_data_addr
21f1b270 b os_data_addr_saved
21f1b274 b bin_start_address
21f1b278 b k_data_escape
21f1b27c b k_data_escape_saved
21f1b280 B send_parms
21f1b294 B send_ptr
21f1b298 b base_address
21f1b29c B dp_last_addr
21f1b2a0 B dp_last_size
21f1b2a4 B mm_last_addr
21f1b2a8 B mm_last_size
21f1b2ac B last_op
21f1b2b0 B last_data
21f1b2b4 B last_addr_lo
21f1b2b8 B last_addr_hi
21f1b2bc B last_reg_lo
21f1b2c0 B last_reg_hi
21f1b2c4 b ctrlc_disabled
21f1b2c8 b ctrlc_was_pressed
21f1b2cc B devlist
21f1b2d0 B stdio_devices
21f1b2dc b top_pad
21f1b2e0 b n_mmaps_max
21f1b2e4 b max_sbrked_mem
21f1b2e8 b max_total_mem
21f1b2ec b current_mallinfo
21f1b314 b mmapped_mem
21f1b318 b mii_devs
21f1b320 b current_mii
21f1b324 b xyz
21f1b760 B ___strtok
21f1b764 b fixed_lock
21f1b768 b fixed_built
21f1b76c b fixed_mem
21f1c7fc b fixed_bl
21f1c800 b fixed_bd
21f1c804 b fixed_tl
21f1c808 b fixed_td
21f1c80c B flash_info
21f1ce00 B rbfdt
21f1d000 B rbfp
21f1d004 B rbf_framebuf
21f35004 B PhyOps
21f35014 B p_mac
21f35200 b params
21f35204 A _end
