21f00000 T _start
21f00020 t _undefined_instruction
21f00024 t _software_interrupt
21f00028 t _prefetch_abort
21f0002c t _data_abort
21f00030 t _not_used
21f00034 t _irq
21f00038 t _fiq
21f00040 t _TEXT_BASE
21f00044 T _armboot_start
21f00048 T _bss_start
21f0004c T _bss_end
21f00050 t reset
21f00060 t relocate
21f00080 t copy_loop
21f00090 t stack_setup
21f000a0 t clear_bss
21f000ac t clbss_l
21f000c0 t _start_armboot
21f000e0 t undefined_instruction
21f00140 t software_interrupt
21f001a0 t prefetch_abort
21f00200 t data_abort
21f00260 t not_used
21f002c0 t irq
21f00320 t fiq
21f00380 T enable_interrupts
21f00384 T disable_interrupts
21f0038c T bad_mode
21f003a8 T show_regs
21f004e8 T do_undefined_instruction
21f0050c T do_software_interrupt
21f00530 T do_prefetch_abort
21f00554 T do_data_abort
21f00578 T do_not_used
21f0059c T do_fiq
21f005c0 T do_irq
21f005e4 T interrupt_init
21f0066c T reset_timer
21f00670 T get_timer
21f00684 T set_timer
21f00694 T udelay
21f00698 T reset_timer_masked
21f006d0 T get_timer_raw
21f0072c T get_timer_masked
21f00748 T udelay_masked
21f00780 T get_ticks
21f00794 T get_tbclk
21f0079c T reset_cpu
21f007ec t mem_malloc_init
21f00828 T sbrk
21f0086c t init_baudrate
21f008c4 t display_banner
21f008e4 t display_dram_config
21f00914 t display_flash_config
21f0093c T start_armboot
21f00ae4 T hang
21f00af8 T ArpRequest
21f00c38 T ArpTimeoutCheck
21f00cc0 T NetLoop
21f010e8 t startAgainTimeout
21f010fc t startAgainHandler
21f01100 T NetStartAgain
21f0118c T NetSetHandler
21f0119c T NetSetTimeout
21f011dc T NetSendPacket
21f011e0 T NetSendUDPPacket
21f01350 T NetReceive
21f018e4 t net_check_prereq
21f01998 T NetCksumOk
21f019c4 T NetCksum
21f01a10 T NetEthHdrSize
21f01a54 T NetSetEther
21f01b10 T NetSetIP
21f01c4c T copy_filename
21f01cb8 T ip_to_string
21f01d10 T string_to_ip
21f01d90 T VLAN_to_string
21f01dec T string_to_VLAN
21f01e44 T print_IPaddr
21f01e68 T getenv_IPaddr
21f01e78 T getenv_VLAN
21f01e90 t TftpSend
21f02044 t TftpHandler
21f022f4 t TftpTimeout
21f02350 T TftpStart
21f02580 t BootpCheckPkt
21f0261c t BootpCopyNetParams
21f026d0 t truncate_sz
21f02704 t BootpTimeout
21f0274c t DhcpExtended
21f028d8 T BootpRequest
21f02af4 t DhcpOptionsProcess
21f02d70 t DhcpMessageType
21f02de0 t DhcpSendRequestPkt
21f02f50 t DhcpHandler
21f030bc T DhcpRequest
21f030c0 t RarpHandler
21f03118 t RarpTimeout
21f03160 T RarpRequest
21f03260 T eth_initialize
21f0327c t basename
21f032b8 t dirname
21f032d4 t rpc_add_credentials
21f033a0 t rpc_req
21f034e8 t rpc_lookup_req
21f03568 t nfs_mount_req
21f0360c t nfs_umountall_req
21f03668 t nfs_readlink_req
21f036b4 t nfs_lookup_req
21f0376c t nfs_read_req
21f03810 t NfsSend
21f038b0 t rpc_lookup_reply
21f03998 t nfs_mount_reply
21f03a50 t nfs_umountall_reply
21f03af4 t nfs_lookup_reply
21f03b9c t nfs_readlink_reply
21f03cc8 t nfs_read_reply
21f03e54 t NfsTimeout
21f03e78 t NfsHandler
21f04064 T NfsStart
21f04300 T main_loop
21f04480 T readline
21f0469c t delete_char
21f0478c t parse_line
21f04834 t process_macros
21f04a30 T run_command
21f04c14 T do_run
21f04c94 T do_go
21f04d20 T do_bootm
21f05238 t do_bootm_netbsd
21f05360 T do_bootd
21f05384 t do_imls
21f0550c T print_image_hdr
21f05640 t print_type
21f0591c t zalloc
21f05930 t zfree
21f05938 T gunzip
21f05a94 t do_bootm_rtems
21f05adc T do_coninfo
21f05bb4 t abbrev_spec
21f05d18 t addr_spec
21f05ec4 t flash_fill_sect_ranges
21f060ac T do_flinfo
21f0614c T do_flerase
21f06310 T flash_sect_erase
21f06408 T do_protect
21f06758 T flash_sect_protect
21f0688c t evalexp
21f068e4 t evalstr
21f06904 t stringcomp
21f069cc t arithcomp
21f06a7c T binary_test
21f06b24 T do_itest
21f06bd8 T do_load_serial_bin
21f06d74 t load_serial_bin
21f06e00 T send_pad
21f06e3c T ktrans
21f06e68 T chk1
21f06e9c T s1_sendpacket
21f06ecc T send_ack
21f06f34 T send_nack
21f06f9c t bin_data_init
21f06fd4 t os_data_save
21f07020 t os_data_restore
21f0706c t bin_data_char
21f070b0 t set_kerm_bin_mode
21f070e8 T k_data_init
21f07110 T k_data_save
21f0712c T k_data_restore
21f07148 T k_data_char
21f071bc T handle_send_packet
21f073d4 t k_recv
21f07640 t getcxmodem
21f0765c t load_serial_ymodem
21f07794 T cmd_get_data_size
21f07858 T do_mem_md
21f07a68 T do_mem_mm
21f07a94 T do_mem_nm
21f07ac0 T do_mem_mw
21f07b98 T do_mem_cmp
21f07d44 T do_mem_cp
21f07e88 T do_mem_base
21f07ed0 T do_mem_loop
21f07fe4 T do_mem_mtest
21f08108 t mod_mem
21f08280 T do_mem_crc
21f08340 T MII_dump_0_to_5
21f0839c t dump_reg
21f084b4 t special_field
21f0864c t extract_range
21f086a8 T do_mii
21f08b84 T do_bootp
21f08b90 T do_tftpb
21f08b9c T do_rarpb
21f08ba8 T do_dhcp
21f08bb4 T do_nfs
21f08bc0 t netboot_update_env
21f08d14 t netboot_common
21f08e94 T do_printenv
21f0905c T _do_setenv
21f09558 T setenv
21f09598 T do_setenv
21f095d8 T getenv
21f09650 T getenv_r
21f09714 T do_saveenv
21f09740 t envmatch
21f097b4 T do_version
21f097d4 T do_echo
21f0985c T do_help
21f099ec T find_cmd
21f09a8c t console_setfile
21f09b38 T serial_printf
21f09b70 T fgetc
21f09b98 T ftstc
21f09bc0 T fputc
21f09bf0 T fputs
21f09c1c T fprintf
21f09c5c T getc
21f09c74 T tstc
21f09c8c T putc
21f09cb4 T puts
21f09cd0 T printf
21f09d08 T vprintf
21f09d34 T ctrlc
21f09d90 T disable_ctrlc
21f09da8 T had_ctrlc
21f09db8 T clear_ctrlc
21f09dcc T console_assign
21f09e60 T console_init_f
21f09e70 T console_init_r
21f0a00c T dbg
21f0a018 t drv_system_init
21f0a08c T device_register
21f0a0b4 T devices_init
21f0a0fc T devices_done
21f0a118 T malloc_bin_reloc
21f0a14c t malloc_extend_top
21f0a304 T malloc
21f0a7a8 T free
21f0a9c8 T realloc
21f0ae30 T memalign
21f0af40 T valloc
21f0af4c T pvalloc
21f0af64 T calloc
21f0b034 T cfree
21f0b038 T malloc_trim
21f0b11c T malloc_usable_size
21f0b15c T mallopt
21f0b1cc T env_crc_update
21f0b1f8 t env_get_char_init
21f0b220 T env_get_char_memory
21f0b240 T env_get_addr
21f0b260 T env_relocate
21f0b2f4 T env_get_char_spec
21f0b300 T env_init
21f0b358 T saveenv
21f0b420 T env_relocate_spec
21f0b440 t dummy
21f0b444 T get_version
21f0b44c T jumptable_init
21f0b500 T flash_protect
21f0b618 T addr2info
21f0b664 T flash_write
21f0b810 T flash_perror
21f0b8fc T NewHandle
21f0b964 T DisposeHandle
21f0b988 T GetHandleSize
21f0b990 T SetHandleSize
21f0ba04 t ExpandListSpace
21f0bad0 T ListCreate
21f0bb30 T ListSetAllocationPolicy
21f0bb44 T ListDispose
21f0bb48 T ListInsertItem
21f0bb50 T ListInsertItems
21f0bc88 T ListGetItems
21f0bcd4 T ListGetPtrToItem
21f0bd04 T ListGetDataPtr
21f0bd10 T ListGetItemSize
21f0bd1c T ListNumItems
21f0bd28 T miiphy_init
21f0bd4c T miiphy_register
21f0be40 T miiphy_set_current_dev
21f0bea0 T miiphy_get_current_dev
21f0beb8 T miiphy_read
21f0bf70 T miiphy_write
21f0c02c T miiphy_listdev
21f0c0a0 T miiphy_info
21f0c148 T miiphy_reset
21f0c1f8 T miiphy_speed
21f0c290 T miiphy_duplex
21f0c328 T CYGACC_COMM_IF_GETC_TIMEOUT
21f0c388 T CYGACC_COMM_IF_PUTC
21f0c394 T parse_num
21f0c4d4 t xyzModem_flush
21f0c504 t xyzModem_get_hdr
21f0c81c T xyzModem_stream_open
21f0c998 T xyzModem_stream_read
21f0cc54 T xyzModem_stream_close
21f0cca8 T xyzModem_stream_terminate
21f0cd80 T xyzModem_error
21f0ce1c T cyg_crc16
21f0ce5c T crc32
21f0cf58 T display_options
21f0cf78 T print_size
21f0d00c T strcpy
21f0d02c T strncpy
21f0d058 T strcat
21f0d090 T strncat
21f0d0f0 T strcmp
21f0d120 T strncmp
21f0d168 T strchr
21f0d19c T strrchr
21f0d1d4 T strlen
21f0d1f8 T strnlen
21f0d238 T strdup
21f0d278 T strspn
21f0d2d8 T strpbrk
21f0d320 T strtok
21f0d3a0 T strsep
21f0d3d8 T strswab
21f0d438 T memset
21f0d45c T bcopy
21f0d488 T memcpy
21f0d4b0 T memmove
21f0d510 T memcmp
21f0d548 T memscan
21f0d56c T strstr
21f0d5d8 T memchr
21f0d60c T simple_strtoul
21f0d6b8 T simple_strtol
21f0d6e4 t skip_atoi
21f0d72c t number
21f0d96c T vsprintf
21f0de68 T sprintf
21f0de88 T panic
21f0ded0 T inflateReset
21f0df38 T inflateEnd
21f0dfa4 T inflateInit2
21f0e074 T inflateInit
21f0e07c T inflate
21f0e440 T inflateIncomp
21f0e460 T inflateSync
21f0e570 t inflate_blocks_reset
21f0e640 t inflate_blocks_new
21f0e6e0 t inflate_blocks
21f0f264 t inflate_blocks_free
21f0f2ac t inflate_addhistory
21f0f3d0 t inflate_packet_flush
21f0f3f0 t huft_build
21f0fa00 t inflate_trees_bits
21f0fa78 t inflate_trees_dynamic
21f0fb98 t falloc
21f0fbbc t ffree
21f0fbc0 t inflate_trees_fixed
21f0fde8 t inflate_trees_free
21f0fe28 t inflate_codes_new
21f0fe7c t inflate_codes
21f104e0 t inflate_codes_free
21f10504 t inflate_flush
21f10688 t inflate_fast
21f109d0 T adler32
21f10b6c T board_init
21f10ba8 T dram_init
21f10bc8 T at91rm9200_GetPhyInterface
21f10bfc T flash_init
21f10c90 t flash_get_offsets
21f10cd8 T flash_print_info
21f10e18 t flash_get_size
21f10f48 t flash_sync_real_protect
21f10fa8 t intel_sector_protected
21f11050 T flash_erase
21f11270 T write_buff
21f113c0 t write_data
21f11458 t write_data_block
21f11568 T spin_wheel
21f115ac T flash_real_protect
21f117b0 t read_p15_c1
21f117b8 t write_p15_c1
21f117c0 t cp_delay
21f117f8 T cpu_init
21f11800 T cleanup_before_linux
21f11828 T do_reset
21f11840 T icache_enable
21f11860 T icache_disable
21f11880 T icache_status
21f11894 T dcache_enable
21f118b4 T dcache_disable
21f118d0 T dcache_status
21f118e4 T dm9161_IsPhyConnected
21f11950 T dm9161_GetLinkSpeed
21f11a28 T dm9161_InitPhy
21f11aa0 T dm9161_AutoNegotiate
21f11c1c T at91rm9200_EmacEnableMDIO
21f11c2c T at91rm9200_EmacDisableMDIO
21f11c3c T at91rm9200_EmacReadPhy
21f11c78 T at91rm9200_EmacWritePhy
21f11ca8 T eth_init
21f11e68 T eth_send
21f11eb4 T eth_rx
21f11f40 T eth_halt
21f11f44 T at91rm9200_miiphy_read
21f11f80 T at91rm9200_miiphy_write
21f11fcc T at91rm9200_miiphy_initialize
21f11ff4 T serial_setbrg
21f1202c T serial_init
21f12094 T serial_putc
21f120c8 T serial_puts
21f120f4 T serial_getc
21f12114 T serial_tstc
21f1212c T __udivsi3
21f12144 t Loop1
21f12158 t Lbignum
21f1216c t Loop3
21f121ac t Lgot_result
21f121b4 t Ldiv0
21f121c4 T __umodsi3
21f121d8 t Loop1
21f121ec t Lbignum
21f12200 t Loop3
21f12268 t Ldiv0
21f12278 T do_bootm_linux
21f125a0 t setup_start_tag
21f125f8 t setup_memory_tags
21f12648 t setup_commandline_tag
21f126d0 t setup_initrd_tag
21f1271c t setup_end_tag
21f1273c T flush_cache
21f12740 T __div0
21f127c4 R version_string
21f12804 r baudrate_table
21f12818 r crc16_tab
21f12a18 r crc_table
21f15dd0 D init_sequence
21f15dfc D NetBcastAddr
21f15e02 D NetOurVLAN
21f15e04 D NetOurNativeVLAN
21f15e08 d nfs_offset
21f15e0c d erase_seq
21f15e10 d tab_seq
21f15e1c D load_addr
21f15e20 D op_table
21f15e88 D dp_last_length
21f15e8c D reg_0_5_desc_tbl
21f15ebc D reg_0_desc_tbl
21f15f34 D reg_1_desc_tbl
21f15ff4 D reg_2_desc_tbl
21f16000 D reg_3_desc_tbl
21f16024 D reg_4_desc_tbl
21f160b4 D reg_5_desc_tbl
21f16144 D desc_and_len_tbl
21f16174 D stdio_names
21f16180 d av_
21f16588 d trim_threshold
21f1658c d mmap_threshold
21f16590 d sbrk_base
21f16594 D env_get_char
21f16598 D default_environment
21f165b8 D env_name_spec
21f165bc D env_ptr
21f165c0 d flash_addr
21f165c4 d inflate_mask
21f16608 d border
21f16654 d cplens
21f166d0 d cplext
21f1674c d cpdist
21f167c4 d cpdext
21f1683c d fixed_left
21f16840 D zlib_version
21f16844 D z_errmsg
21f16864 D _ctype
21f16964 d w.2
21f16968 D us
21f1696c A __u_boot_cmd_start
21f1696c D __u_boot_cmd_go
21f16980 D __u_boot_cmd_reset
21f16994 D __u_boot_cmd_bootm
21f169a8 D __u_boot_cmd_boot
21f169bc D __u_boot_cmd_bootd
21f169d0 D __u_boot_cmd_imls
21f169e4 D __u_boot_cmd_coninfo
21f169f8 D __u_boot_cmd_flinfo
21f16a0c D __u_boot_cmd_erase
21f16a20 D __u_boot_cmd_protect
21f16a34 D __u_boot_cmd_itest
21f16a48 D __u_boot_cmd_loadb
21f16a5c D __u_boot_cmd_loady
21f16a70 D __u_boot_cmd_md
21f16a84 D __u_boot_cmd_mm
21f16a98 D __u_boot_cmd_nm
21f16aac D __u_boot_cmd_mw
21f16ac0 D __u_boot_cmd_cp
21f16ad4 D __u_boot_cmd_cmp
21f16ae8 D __u_boot_cmd_crc32
21f16afc D __u_boot_cmd_base
21f16b10 D __u_boot_cmd_loop
21f16b24 D __u_boot_cmd_mtest
21f16b38 D __u_boot_cmd_mii
21f16b4c D __u_boot_cmd_bootp
21f16b60 D __u_boot_cmd_tftpboot
21f16b74 D __u_boot_cmd_rarpboot
21f16b88 D __u_boot_cmd_dhcp
21f16b9c D __u_boot_cmd_nfs
21f16bb0 D __u_boot_cmd_printenv
21f16bc4 D __u_boot_cmd_setenv
21f16bd8 D __u_boot_cmd_saveenv
21f16bec D __u_boot_cmd_run
21f16c00 D __u_boot_cmd_version
21f16c14 D __u_boot_cmd_echo
21f16c28 D __u_boot_cmd_help
21f16c3c D __u_boot_cmd_question_mark
21f16c50 A __bss_start
21f16c50 A __u_boot_cmd_end
21f16e00 B tmr
21f16e04 b timestamp
21f16e08 b lastinc
21f16e0c b mem_malloc_start
21f16e10 b mem_malloc_end
21f16e14 b mem_malloc_brk
21f16e18 B monitor_flash_len
21f16e1c B NetOurSubnetMask
21f16e20 B NetOurGatewayIP
21f16e24 B NetOurDNSIP
21f16e28 B NetOurNISDomain
21f16e48 B NetOurHostName
21f16e68 B NetOurRootPath
21f16ea8 B NetBootFileSize
21f16eaa B NetServerEther
21f16eb0 B NetEtherNullAddr
21f16eb8 B NetTxPacket
21f16ebc B NetBootFileXferSize
21f16ec0 B NetOurEther
21f16ec8 B NetOurIP
21f16ecc B NetServerIP
21f16ed0 B NetRxPackets
21f16ee0 B NetRxPkt
21f16ee4 B NetRxPktLen
21f16ee8 B NetIPID
21f16eec B NetState
21f16ef0 B BootFile
21f16f70 B PktBuf
21f18d90 b packetHandler
21f18d94 b timeHandler
21f18d98 b timeStart
21f18d9c b timeDelta
21f18da0 B NetArpWaitPacketIP
21f18da4 B NetArpWaitReplyIP
21f18da8 B NetArpWaitPacketMAC
21f18dac B NetArpWaitTxPacket
21f18db0 B NetArpWaitTxPacketSize
21f18db4 B NetArpWaitPacketBuf
21f193d4 B NetArpWaitTimerStart
21f193d8 B NetArpWaitTry
21f193dc b TftpServerPort
21f193e0 b TftpOurPort
21f193e4 b TftpTimeoutCount
21f193e8 b TftpBlock
21f193ec b TftpLastBlock
21f193f0 b TftpBlockWrap
21f193f4 b TftpBlockWrapOffset
21f193f8 b TftpState
21f193fc b default_filename
21f1940c b tftp_filename
21f19410 B dhcp_state
21f19414 B dhcp_leasetime
21f19418 B NetDHCPServerIP
21f1941c B BootpID
21f19420 B BootpTry
21f19424 B RarpTry
21f19428 b fs_mounted
21f1942c b rpc_id
21f19430 b nfs_len
21f19434 b dirfh
21f19454 b filefh
21f19474 b NfsDownloadState
21f19478 b NfsServerIP
21f1947c b NfsSrvMountPort
21f19480 b NfsSrvNfsPort
21f19484 b NfsOurPort
21f19488 b NfsTimeoutCount
21f1948c b NfsState
21f19490 b default_filename
21f194d0 b nfs_filename
21f194d4 b nfs_path
21f194d8 b nfs_path_buff
21f19cd8 b lastcommand.0
21f19dd8 B console_buffer
21f19ed8 B header
21f19f18 B os_data_count
21f19f1c B os_data_header
21f19f3c B his_eol
21f19f40 B his_pad_count
21f19f44 B his_pad_char
21f19f45 B his_quote
21f19f46 b a_b
21f19f60 B os_data_init
21f19f64 B os_data_char
21f19f68 b os_data_state
21f19f6c b os_data_state_saved
21f19f70 b os_data_count_saved
21f19f74 b os_data_addr
21f19f78 b os_data_addr_saved
21f19f7c b bin_start_address
21f19f80 b k_data_escape
21f19f84 b k_data_escape_saved
21f19f88 B send_parms
21f19f9c B send_ptr
21f19fa0 b base_address
21f19fa4 B dp_last_addr
21f19fa8 B dp_last_size
21f19fac B mm_last_addr
21f19fb0 B mm_last_size
21f19fb4 B last_op
21f19fb8 B last_data
21f19fbc B last_addr_lo
21f19fc0 B last_addr_hi
21f19fc4 B last_reg_lo
21f19fc8 B last_reg_hi
21f19fcc b ctrlc_disabled
21f19fd0 b ctrlc_was_pressed
21f19fd4 B devlist
21f19fd8 B stdio_devices
21f19fe4 b top_pad
21f19fe8 b n_mmaps_max
21f19fec b max_sbrked_mem
21f19ff0 b max_total_mem
21f19ff4 b current_mallinfo
21f1a01c b mmapped_mem
21f1a020 b mii_devs
21f1a028 b current_mii
21f1a02c b xyz
21f1a468 B ___strtok
21f1a46c b fixed_lock
21f1a470 b fixed_built
21f1a474 b fixed_mem
21f1b504 b fixed_bl
21f1b508 b fixed_bd
21f1b50c b fixed_tl
21f1b510 b fixed_td
21f1b514 b amd.0
21f1b518 b p.1
21f1b51c B flash_info
21f1bc00 B rbfdt
21f1be00 B rbfp
21f1be04 B rbf_framebuf
21f33e04 B PhyOps
21f33e14 B p_mac
21f34000 b params
21f34004 A _end
