Archive member included because of file (symbol)

cpu/arm920t/libarm920t.a(interrupts.o)
                              cpu/arm920t/start.o (do_undefined_instruction)
cpu/arm920t/at91rm9200/libat91rm9200.a(interrupts.o)
                              cpu/arm920t/libarm920t.a(interrupts.o) (reset_cpu)
lib_arm/libarm.a(board.o)     cpu/arm920t/start.o (start_armboot)
net/libnet.a(net.o)           lib_arm/libarm.a(board.o) (getenv_IPaddr)
net/libnet.a(tftp.o)          net/libnet.a(net.o) (TftpStart)
net/libnet.a(bootp.o)         net/libnet.a(net.o) (BootpRequest)
net/libnet.a(rarp.o)          net/libnet.a(net.o) (RarpRequest)
net/libnet.a(eth.o)           lib_arm/libarm.a(board.o) (eth_initialize)
net/libnet.a(nfs.o)           net/libnet.a(net.o) (NfsStart)
common/libcommon.a(main.o)    lib_arm/libarm.a(board.o) (main_loop)
common/libcommon.a(cmd_boot.o)
                              (__u_boot_cmd_go)
common/libcommon.a(cmd_bootm.o)
                              lib_arm/libarm.a(board.o) (load_addr)
common/libcommon.a(cmd_console.o)
                              (__u_boot_cmd_coninfo)
common/libcommon.a(cmd_flash.o)
                              (__u_boot_cmd_flinfo)
common/libcommon.a(cmd_itest.o)
                              (__u_boot_cmd_itest)
common/libcommon.a(cmd_load.o)
                              (__u_boot_cmd_loadb)
common/libcommon.a(cmd_mem.o)
                              common/libcommon.a(cmd_itest.o) (cmd_get_data_size)
common/libcommon.a(cmd_mii.o)
                              (__u_boot_cmd_mii)
common/libcommon.a(cmd_net.o)
                              (__u_boot_cmd_bootp)
common/libcommon.a(cmd_nvedit.o)
                              net/libnet.a(net.o) (setenv)
common/libcommon.a(command.o)
                              (__u_boot_cmd_version)
common/libcommon.a(console.o)
                              cpu/arm920t/libarm920t.a(interrupts.o) (printf)
common/libcommon.a(devices.o)
                              common/libcommon.a(cmd_console.o) (devlist)
common/libcommon.a(dlmalloc.o)
                              common/libcommon.a(cmd_bootm.o) (free)
common/libcommon.a(env_common.o)
                              common/libcommon.a(cmd_nvedit.o) (env_get_char)
common/libcommon.a(env_flash.o)
                              common/libcommon.a(cmd_nvedit.o) (env_name_spec)
common/libcommon.a(exports.o)
                              lib_arm/libarm.a(board.o) (jumptable_init)
common/libcommon.a(flash.o)   common/libcommon.a(cmd_load.o) (addr2info)
common/libcommon.a(lists.o)   common/libcommon.a(devices.o) (ListCreate)
common/libcommon.a(miiphyutil.o)
                              net/libnet.a(eth.o) (miiphy_init)
common/libcommon.a(xyzModem.o)
                              common/libcommon.a(cmd_load.o) (xyzModem_stream_open)
common/libcommon.a(crc16.o)   common/libcommon.a(xyzModem.o) (cyg_crc16)
lib_generic/libgeneric.a(crc32.o)
                              common/libcommon.a(cmd_bootm.o) (crc32)
lib_generic/libgeneric.a(display_options.o)
                              lib_arm/libarm.a(board.o) (print_size)
lib_generic/libgeneric.a(string.o)
                              net/libnet.a(net.o) (strcpy)
lib_generic/libgeneric.a(vsprintf.o)
                              lib_arm/libarm.a(board.o) (simple_strtoul)
lib_generic/libgeneric.a(zlib.o)
                              common/libcommon.a(cmd_bootm.o) (inflateEnd)
lib_generic/libgeneric.a(ctype.o)
                              lib_generic/libgeneric.a(vsprintf.o) (_ctype)
board/at91rm9200dk/libat91rm9200dk.a(at91rm9200dk.o)
                              lib_arm/libarm.a(board.o) (board_init)
board/at91rm9200dk/libat91rm9200dk.a(flash.o)
                              lib_arm/libarm.a(board.o) (flash_init)
cpu/arm920t/libarm920t.a(cpu.o)
                              lib_arm/libarm.a(board.o) (cpu_init)
cpu/arm920t/at91rm9200/libat91rm9200.a(dm9161.o)
                              board/at91rm9200dk/libat91rm9200dk.a(at91rm9200dk.o) (dm9161_IsPhyConnected)
cpu/arm920t/at91rm9200/libat91rm9200.a(ether.o)
                              cpu/arm920t/at91rm9200/libat91rm9200.a(dm9161.o) (at91rm9200_EmacEnableMDIO)
cpu/arm920t/at91rm9200/libat91rm9200.a(serial.o)
                              common/libcommon.a(cmd_load.o) (serial_setbrg)
lib_arm/libarm.a(_udivsi3.o)  common/libcommon.a(dlmalloc.o) (__udivsi3)
lib_arm/libarm.a(_umodsi3.o)  common/libcommon.a(dlmalloc.o) (__umodsi3)
lib_arm/libarm.a(armlinux.o)  common/libcommon.a(cmd_bootm.o) (do_bootm_linux)
lib_arm/libarm.a(cache.o)     common/libcommon.a(cmd_load.o) (flush_cache)
lib_arm/libarm.a(div0.o)      lib_arm/libarm.a(_udivsi3.o) (__div0)

Memory Configuration

Name             Origin             Length             Attributes
*default*        0x00000000         0xffffffff

Linker script and memory map

                0x00000000                . = 0x0
                0x00000000                . = ALIGN (0x4)

.text           0x21f00000    0x12744
 cpu/arm920t/start.o(.text)
 .text          0x21f00000      0x380 cpu/arm920t/start.o
                0x21f00048                _bss_start
                0x21f0004c                _bss_end
                0x21f00044                _armboot_start
                0x21f00000                _start
 *(.text)
 .text          0x21f00380      0x264 cpu/arm920t/libarm920t.a(interrupts.o)
                0x21f0059c                do_fiq
                0x21f004e8                do_undefined_instruction
                0x21f003a8                show_regs
                0x21f005c0                do_irq
                0x21f0038c                bad_mode
                0x21f00530                do_prefetch_abort
                0x21f00384                disable_interrupts
                0x21f00578                do_not_used
                0x21f00554                do_data_abort
                0x21f0050c                do_software_interrupt
                0x21f00380                enable_interrupts
 .text          0x21f005e4      0x208 cpu/arm920t/at91rm9200/libat91rm9200.a(interrupts.o)
                0x21f00684                set_timer
                0x21f0066c                reset_timer
                0x21f005e4                interrupt_init
                0x21f00794                get_tbclk
                0x21f00670                get_timer
                0x21f00698                reset_timer_masked
                0x21f0072c                get_timer_masked
                0x21f00694                udelay
                0x21f00748                udelay_masked
                0x21f0079c                reset_cpu
                0x21f00780                get_ticks
                0x21f006d0                get_timer_raw
 .text          0x21f007ec      0x30c lib_arm/libarm.a(board.o)
                0x21f00ae4                hang
                0x21f0093c                start_armboot
                0x21f00828                sbrk
 .text          0x21f00af8     0x1398 net/libnet.a(net.o)
                0x21f01e68                getenv_IPaddr
                0x21f01998                NetCksumOk
                0x21f0119c                NetSetTimeout
                0x21f01c4c                copy_filename
                0x21f01a10                NetEthHdrSize
                0x21f01cb8                ip_to_string
                0x21f00c38                ArpTimeoutCheck
                0x21f01350                NetReceive
                0x21f01d10                string_to_ip
                0x21f011e0                NetSendUDPPacket
                0x21f01e44                print_IPaddr
                0x21f01a54                NetSetEther
                0x21f00cc0                NetLoop
                0x21f00af8                ArpRequest
                0x21f01d90                VLAN_to_string
                0x21f01e78                getenv_VLAN
                0x21f019c4                NetCksum
                0x21f01b10                NetSetIP
                0x21f01dec                string_to_VLAN
                0x21f01100                NetStartAgain
                0x21f0118c                NetSetHandler
                0x21f011dc                NetSendPacket
 .text          0x21f01e90      0x6f0 net/libnet.a(tftp.o)
                0x21f02350                TftpStart
 .text          0x21f02580      0xb40 net/libnet.a(bootp.o)
                0x21f030bc                DhcpRequest
                0x21f028d8                BootpRequest
 .text          0x21f030c0      0x1a0 net/libnet.a(rarp.o)
                0x21f03160                RarpRequest
 .text          0x21f03260       0x1c net/libnet.a(eth.o)
                0x21f03260                eth_initialize
 .text          0x21f0327c     0x1084 net/libnet.a(nfs.o)
                0x21f04064                NfsStart
 .text          0x21f04300      0x994 common/libcommon.a(main.o)
                0x21f04a30                run_command
                0x21f04c14                do_run
                0x21f04480                readline
                0x21f04300                main_loop
 .text          0x21f04c94       0x8c common/libcommon.a(cmd_boot.o)
                0x21f04c94                do_go
 .text          0x21f04d20      0xdbc common/libcommon.a(cmd_bootm.o)
                0x21f0550c                print_image_hdr
                0x21f05360                do_bootd
                0x21f05938                gunzip
                0x21f04d20                do_bootm
 .text          0x21f05adc       0xd8 common/libcommon.a(cmd_console.o)
                0x21f05adc                do_coninfo
 .text          0x21f05bb4      0xcd8 common/libcommon.a(cmd_flash.o)
                0x21f060ac                do_flinfo
                0x21f06310                flash_sect_erase
                0x21f06408                do_protect
                0x21f0614c                do_flerase
                0x21f06758                flash_sect_protect
 .text          0x21f0688c      0x34c common/libcommon.a(cmd_itest.o)
                0x21f06a7c                binary_test
                0x21f06b24                do_itest
 .text          0x21f06bd8      0xbbc common/libcommon.a(cmd_load.o)
                0x21f070e8                k_data_init
                0x21f06e9c                s1_sendpacket
                0x21f071bc                handle_send_packet
                0x21f0712c                k_data_restore
                0x21f06f34                send_nack
                0x21f06bd8                do_load_serial_bin
                0x21f07148                k_data_char
                0x21f06e68                chk1
                0x21f07110                k_data_save
                0x21f06e3c                ktrans
                0x21f06e00                send_pad
                0x21f06ecc                send_ack
 .text          0x21f07794      0xbac common/libcommon.a(cmd_mem.o)
                0x21f07e88                do_mem_base
                0x21f07ac0                do_mem_mw
                0x21f08280                do_mem_crc
                0x21f07a94                do_mem_nm
                0x21f07a68                do_mem_mm
                0x21f07d44                do_mem_cp
                0x21f07fe4                do_mem_mtest
                0x21f07b98                do_mem_cmp
                0x21f07794                cmd_get_data_size
                0x21f07ed0                do_mem_loop
                0x21f07858                do_mem_md
 .text          0x21f08340      0x844 common/libcommon.a(cmd_mii.o)
                0x21f08340                MII_dump_0_to_5
                0x21f086a8                do_mii
 .text          0x21f08b84      0x310 common/libcommon.a(cmd_net.o)
                0x21f08b9c                do_rarpb
                0x21f08b90                do_tftpb
                0x21f08ba8                do_dhcp
                0x21f08b84                do_bootp
                0x21f08bb4                do_nfs
 .text          0x21f08e94      0x920 common/libcommon.a(cmd_nvedit.o)
                0x21f095d8                getenv
                0x21f0905c                _do_setenv
                0x21f09650                getenv_r
                0x21f08e94                do_printenv
                0x21f09558                setenv
                0x21f09714                do_saveenv
                0x21f09598                do_setenv
 .text          0x21f097b4      0x2d8 common/libcommon.a(command.o)
                0x21f097d4                do_echo
                0x21f099ec                find_cmd
                0x21f0985c                do_help
                0x21f097b4                do_version
 .text          0x21f09a8c      0x58c common/libcommon.a(console.o)
                0x21f09e70                console_init_r
                0x21f09cd0                printf
                0x21f09dcc                console_assign
                0x21f09c5c                getc
                0x21f09cb4                puts
                0x21f0a00c                dbg
                0x21f09b38                serial_printf
                0x21f09b98                ftstc
                0x21f09c1c                fprintf
                0x21f09c74                tstc
                0x21f09d08                vprintf
                0x21f09d34                ctrlc
                0x21f09c8c                putc
                0x21f09d90                disable_ctrlc
                0x21f09b70                fgetc
                0x21f09da8                had_ctrlc
                0x21f09bc0                fputc
                0x21f09e60                console_init_f
                0x21f09db8                clear_ctrlc
                0x21f09bf0                fputs
 .text          0x21f0a018      0x100 common/libcommon.a(devices.o)
                0x21f0a08c                device_register
                0x21f0a0fc                devices_done
                0x21f0a0b4                devices_init
 .text          0x21f0a118     0x10b4 common/libcommon.a(dlmalloc.o)
                0x21f0a304                malloc
                0x21f0af4c                pvalloc
                0x21f0af64                calloc
                0x21f0b11c                malloc_usable_size
                0x21f0a9c8                realloc
                0x21f0b038                malloc_trim
                0x21f0a118                malloc_bin_reloc
                0x21f0b15c                mallopt
                0x21f0ae30                memalign
                0x21f0b034                cfree
                0x21f0af40                valloc
                0x21f0a7a8                free
 .text          0x21f0b1cc      0x128 common/libcommon.a(env_common.o)
                0x21f0b240                env_get_addr
                0x21f0b260                env_relocate
                0x21f0b1cc                env_crc_update
                0x21f0b220                env_get_char_memory
 .text          0x21f0b2f4      0x14c common/libcommon.a(env_flash.o)
                0x21f0b420                env_relocate_spec
                0x21f0b358                saveenv
                0x21f0b2f4                env_get_char_spec
                0x21f0b300                env_init
 .text          0x21f0b440       0xc0 common/libcommon.a(exports.o)
                0x21f0b44c                jumptable_init
                0x21f0b444                get_version
 .text          0x21f0b500      0x3fc common/libcommon.a(flash.o)
                0x21f0b664                flash_write
                0x21f0b500                flash_protect
                0x21f0b618                addr2info
                0x21f0b810                flash_perror
 .text          0x21f0b8fc      0x42c common/libcommon.a(lists.o)
                0x21f0b964                DisposeHandle
                0x21f0bb44                ListDispose
                0x21f0bb50                ListInsertItems
                0x21f0bb30                ListSetAllocationPolicy
                0x21f0bd10                ListGetItemSize
                0x21f0bd04                ListGetDataPtr
                0x21f0b8fc                NewHandle
                0x21f0b990                SetHandleSize
                0x21f0bb48                ListInsertItem
                0x21f0b988                GetHandleSize
                0x21f0bd1c                ListNumItems
                0x21f0bcd4                ListGetPtrToItem
                0x21f0bad0                ListCreate
                0x21f0bc88                ListGetItems
 .text          0x21f0bd28      0x600 common/libcommon.a(miiphyutil.o)
                0x21f0c1f8                miiphy_speed
                0x21f0c0a0                miiphy_info
                0x21f0c148                miiphy_reset
                0x21f0be40                miiphy_set_current_dev
                0x21f0c02c                miiphy_listdev
                0x21f0beb8                miiphy_read
                0x21f0bea0                miiphy_get_current_dev
                0x21f0c290                miiphy_duplex
                0x21f0bf70                miiphy_write
                0x21f0bd4c                miiphy_register
                0x21f0bd28                miiphy_init
 .text          0x21f0c328      0xaf4 common/libcommon.a(xyzModem.o)
                0x21f0cd80                xyzModem_error
                0x21f0cc54                xyzModem_stream_close
                0x21f0c328                CYGACC_COMM_IF_GETC_TIMEOUT
                0x21f0c394                parse_num
                0x21f0cca8                xyzModem_stream_terminate
                0x21f0c81c                xyzModem_stream_open
                0x21f0c388                CYGACC_COMM_IF_PUTC
                0x21f0c998                xyzModem_stream_read
 .text          0x21f0ce1c       0x40 common/libcommon.a(crc16.o)
                0x21f0ce1c                cyg_crc16
 .text          0x21f0ce5c       0xfc lib_generic/libgeneric.a(crc32.o)
                0x21f0ce5c                crc32
 .text          0x21f0cf58       0xb4 lib_generic/libgeneric.a(display_options.o)
                0x21f0cf58                display_options
                0x21f0cf78                print_size
 .text          0x21f0d00c      0x600 lib_generic/libgeneric.a(string.o)
                0x21f0d00c                strcpy
                0x21f0d548                memscan
                0x21f0d4b0                memmove
                0x21f0d488                memcpy
                0x21f0d3d8                strswab
                0x21f0d1f8                strnlen
                0x21f0d19c                strrchr
                0x21f0d058                strcat
                0x21f0d5d8                memchr
                0x21f0d56c                strstr
                0x21f0d120                strncmp
                0x21f0d02c                strncpy
                0x21f0d45c                bcopy
                0x21f0d320                strtok
                0x21f0d510                memcmp
                0x21f0d090                strncat
                0x21f0d238                strdup
                0x21f0d438                memset
                0x21f0d0f0                strcmp
                0x21f0d3a0                strsep
                0x21f0d278                strspn
                0x21f0d1d4                strlen
                0x21f0d168                strchr
                0x21f0d2d8                strpbrk
 .text          0x21f0d60c      0x8c4 lib_generic/libgeneric.a(vsprintf.o)
                0x21f0d96c                vsprintf
                0x21f0d6b8                simple_strtol
                0x21f0de88                panic
                0x21f0de68                sprintf
                0x21f0d60c                simple_strtoul
 .text          0x21f0ded0     0x2c9c lib_generic/libgeneric.a(zlib.o)
                0x21f0e07c                inflate
                0x21f0dfa4                inflateInit2
                0x21f0e440                inflateIncomp
                0x21f109d0                adler32
                0x21f0ded0                inflateReset
                0x21f0e460                inflateSync
                0x21f0e074                inflateInit
                0x21f0df38                inflateEnd
 .text          0x21f10b6c       0x90 board/at91rm9200dk/libat91rm9200dk.a(at91rm9200dk.o)
                0x21f10ba8                dram_init
                0x21f10b6c                board_init
                0x21f10bc8                at91rm9200_GetPhyInterface
 .text          0x21f10bfc      0xbb4 board/at91rm9200dk/libat91rm9200dk.a(flash.o)
                0x21f11568                spin_wheel
                0x21f11050                flash_erase
                0x21f10bfc                flash_init
                0x21f10cd8                flash_print_info
                0x21f115ac                flash_real_protect
                0x21f11270                write_buff
 .text          0x21f117b0      0x134 cpu/arm920t/libarm920t.a(cpu.o)
                0x21f11800                cleanup_before_linux
                0x21f11894                dcache_enable
                0x21f117f8                cpu_init
                0x21f11840                icache_enable
                0x21f11828                do_reset
                0x21f11860                icache_disable
                0x21f118d0                dcache_status
                0x21f11880                icache_status
                0x21f118b4                dcache_disable
 .text          0x21f118e4      0x338 cpu/arm920t/at91rm9200/libat91rm9200.a(dm9161.o)
                0x21f11950                dm9161_GetLinkSpeed
                0x21f11aa0                dm9161_AutoNegotiate
                0x21f11a28                dm9161_InitPhy
                0x21f118e4                dm9161_IsPhyConnected
 .text          0x21f11c1c      0x3d8 cpu/arm920t/at91rm9200/libat91rm9200.a(ether.o)
                0x21f11f40                eth_halt
                0x21f11f80                at91rm9200_miiphy_write
                0x21f11c1c                at91rm9200_EmacEnableMDIO
                0x21f11fcc                at91rm9200_miiphy_initialize
                0x21f11c78                at91rm9200_EmacWritePhy
                0x21f11c3c                at91rm9200_EmacReadPhy
                0x21f11eb4                eth_rx
                0x21f11c2c                at91rm9200_EmacDisableMDIO
                0x21f11ca8                eth_init
                0x21f11f44                at91rm9200_miiphy_read
                0x21f11e68                eth_send
 .text          0x21f11ff4      0x138 cpu/arm920t/at91rm9200/libat91rm9200.a(serial.o)
                0x21f11ff4                serial_setbrg
                0x21f12114                serial_tstc
                0x21f12094                serial_putc
                0x21f1202c                serial_init
                0x21f120c8                serial_puts
                0x21f120f4                serial_getc
 .text          0x21f1212c       0x98 lib_arm/libarm.a(_udivsi3.o)
                0x21f1212c                __udivsi3
 .text          0x21f121c4       0xb4 lib_arm/libarm.a(_umodsi3.o)
                0x21f121c4                __umodsi3
 .text          0x21f12278      0x4c4 lib_arm/libarm.a(armlinux.o)
                0x21f12278                do_bootm_linux
 .text          0x21f1273c        0x4 lib_arm/libarm.a(cache.o)
                0x21f1273c                flush_cache
 .text          0x21f12740        0x4 lib_arm/libarm.a(div0.o)
                0x21f12740                __div0

.glue_7         0x21f12744        0x0

.glue_7t        0x21f12744        0x0
                0x21f12744                . = ALIGN (0x4)

.rodata         0x21f12744      0x6d4
 *(.rodata)
 .rodata        0x21f12744       0x80 cpu/arm920t/libarm920t.a(interrupts.o)
 .rodata        0x21f127c4       0x38 lib_arm/libarm.a(board.o)
                0x21f127c4                version_string
 .rodata        0x21f127fc        0x8 net/libnet.a(net.o)
 .rodata        0x21f12804       0x14 common/libcommon.a(cmd_nvedit.o)
 .rodata        0x21f12818      0x200 common/libcommon.a(crc16.o)
 .rodata        0x21f12a18      0x400 lib_generic/libgeneric.a(crc32.o)

.rodata.str1.4  0x21f12e18     0x2fb7
 .rodata.str1.4
                0x21f12e18      0x297 cpu/arm920t/libarm920t.a(interrupts.o)
                                0x29c (size before relaxing)
 *fill*         0x21f130af        0x1 00
 .rodata.str1.4
                0x21f130b0       0x76 lib_arm/libarm.a(board.o)
                                 0x7c (size before relaxing)
 *fill*         0x21f13126        0x2 00
 .rodata.str1.4
                0x21f13128      0x1cb net/libnet.a(net.o)
                                0x1cc (size before relaxing)
 *fill*         0x21f132f3        0x1 00
 .rodata.str1.4
                0x21f132f4      0x1cb net/libnet.a(tftp.o)
                                0x1d4 (size before relaxing)
 *fill*         0x21f134bf        0x1 00
 .rodata.str1.4
                0x21f134c0      0x115 net/libnet.a(bootp.o)
                                0x14c (size before relaxing)
 *fill*         0x21f135d5        0x3 00
 .rodata.str1.4
                0x21f135d8       0x13 net/libnet.a(rarp.o)
                                 0x4c (size before relaxing)
 *fill*         0x21f135eb        0x1 00
 .rodata.str1.4
                0x21f135ec      0x125 net/libnet.a(nfs.o)
                                0x1b0 (size before relaxing)
 *fill*         0x21f13711        0x3 00
 .rodata.str1.4
                0x21f13714      0x100 common/libcommon.a(main.o)
 .rodata.str1.4
                0x21f13814       0xb0 common/libcommon.a(cmd_boot.o)
                                 0xbc (size before relaxing)
 .rodata.str1.4
                0x21f138c4      0x625 common/libcommon.a(cmd_bootm.o)
                                0x654 (size before relaxing)
 *fill*         0x21f13ee9        0x3 00
 .rodata.str1.4
                0x21f13eec       0x6d common/libcommon.a(cmd_console.o)
                                 0x70 (size before relaxing)
 *fill*         0x21f13f59        0x3 00
 .rodata.str1.4
                0x21f13f5c      0x324 common/libcommon.a(cmd_flash.o)
                                0x33c (size before relaxing)
 .rodata.str1.4
                0x21f14280       0xa2 common/libcommon.a(cmd_itest.o)
                                 0xb0 (size before relaxing)
 *fill*         0x21f14322        0x2 00
 .rodata.str1.4
                0x21f14324      0x1df common/libcommon.a(cmd_load.o)
                                0x1fc (size before relaxing)
 *fill*         0x21f14503        0x1 00
 .rodata.str1.4
                0x21f14504      0x387 common/libcommon.a(cmd_mem.o)
                                0x3a4 (size before relaxing)
 *fill*         0x21f1488b        0x1 00
 .rodata.str1.4
                0x21f1488c      0x638 common/libcommon.a(cmd_mii.o)
                                0x650 (size before relaxing)
 .rodata.str1.4
                0x21f14ec4      0x19d common/libcommon.a(cmd_net.o)
                                0x1ec (size before relaxing)
 *fill*         0x21f15061        0x3 00
 .rodata.str1.4
                0x21f15064      0x203 common/libcommon.a(cmd_nvedit.o)
                                0x294 (size before relaxing)
 *fill*         0x21f15267        0x1 00
 .rodata.str1.4
                0x21f15268       0xfc common/libcommon.a(command.o)
 .rodata.str1.4
                0x21f15364       0x75 common/libcommon.a(console.o)
                                 0x7c (size before relaxing)
 *fill*         0x21f153d9        0x3 00
 .rodata.str1.4
                0x21f153dc       0x30 common/libcommon.a(devices.o)
                                 0x48 (size before relaxing)
 .rodata.str1.4
                0x21f1540c       0x33 common/libcommon.a(env_common.o)
                                 0x34 (size before relaxing)
 *fill*         0x21f1543f        0x1 00
 .rodata.str1.4
                0x21f15440       0x31 common/libcommon.a(env_flash.o)
                                 0x3c (size before relaxing)
 *fill*         0x21f15471        0x3 00
 .rodata.str1.4
                0x21f15474      0x11d common/libcommon.a(flash.o)
                                0x120 (size before relaxing)
 *fill*         0x21f15591        0x3 00
 .rodata.str1.4
                0x21f15594      0x189 common/libcommon.a(miiphyutil.o)
                                0x190 (size before relaxing)
 *fill*         0x21f1571d        0x3 00
 .rodata.str1.4
                0x21f15720       0xf2 common/libcommon.a(xyzModem.o)
                                 0xf8 (size before relaxing)
 *fill*         0x21f15812        0x2 00
 .rodata.str1.4
                0x21f15814       0x17 lib_generic/libgeneric.a(display_options.o)
                                 0x20 (size before relaxing)
 *fill*         0x21f1582b        0x1 00
 .rodata.str1.4
                0x21f1582c       0x57 lib_generic/libgeneric.a(vsprintf.o)
                                 0x58 (size before relaxing)
 *fill*         0x21f15883        0x1 00
 .rodata.str1.4
                0x21f15884      0x20f lib_generic/libgeneric.a(zlib.o)
                                0x214 (size before relaxing)
 *fill*         0x21f15a93        0x1 00
 .rodata.str1.4
                0x21f15a94      0x281 board/at91rm9200dk/libat91rm9200dk.a(flash.o)
                                0x2bc (size before relaxing)
 *fill*         0x21f15d15        0x3 00
 .rodata.str1.4
                0x21f15d18       0x5a cpu/arm920t/at91rm9200/libat91rm9200.a(ether.o)
                                 0x5c (size before relaxing)
 *fill*         0x21f15d72        0x2 00
 .rodata.str1.4
                0x21f15d74       0x5b lib_arm/libarm.a(armlinux.o)
                                 0xc4 (size before relaxing)
                0x21f15dd0                . = ALIGN (0x4)

.data           0x21f15dd0      0xb9c
 *(.data)
 .data          0x21f15dd0       0x2c lib_arm/libarm.a(board.o)
                0x21f15dd0                init_sequence
 .data          0x21f15dfc        0xa net/libnet.a(net.o)
                0x21f15dfc                NetBcastAddr
                0x21f15e04                NetOurNativeVLAN
                0x21f15e02                NetOurVLAN
 *fill*         0x21f15e06        0x2 00
 .data          0x21f15e08        0x4 net/libnet.a(nfs.o)
 .data          0x21f15e0c       0x10 common/libcommon.a(main.o)
 .data          0x21f15e1c        0x4 common/libcommon.a(cmd_bootm.o)
                0x21f15e1c                load_addr
 .data          0x21f15e20       0x68 common/libcommon.a(cmd_itest.o)
                0x21f15e20                op_table
 .data          0x21f15e88        0x4 common/libcommon.a(cmd_mem.o)
                0x21f15e88                dp_last_length
 .data          0x21f15e8c      0x2e8 common/libcommon.a(cmd_mii.o)
                0x21f16000                reg_3_desc_tbl
                0x21f15ebc                reg_0_desc_tbl
                0x21f16024                reg_4_desc_tbl
                0x21f16144                desc_and_len_tbl
                0x21f15e8c                reg_0_5_desc_tbl
                0x21f160b4                reg_5_desc_tbl
                0x21f15f34                reg_1_desc_tbl
                0x21f15ff4                reg_2_desc_tbl
 .data          0x21f16174        0xc common/libcommon.a(devices.o)
                0x21f16174                stdio_names
 .data          0x21f16180      0x414 common/libcommon.a(dlmalloc.o)
 .data          0x21f16594       0x24 common/libcommon.a(env_common.o)
                0x21f16594                env_get_char
                0x21f16598                default_environment
 .data          0x21f165b8        0xc common/libcommon.a(env_flash.o)
                0x21f165b8                env_name_spec
                0x21f165bc                env_ptr
 .data          0x21f165c4      0x2a0 lib_generic/libgeneric.a(zlib.o)
                0x21f16840                zlib_version
                0x21f16844                z_errmsg
 .data          0x21f16864      0x100 lib_generic/libgeneric.a(ctype.o)
                0x21f16864                _ctype
 .data          0x21f16964        0x4 board/at91rm9200dk/libat91rm9200dk.a(flash.o)
 .data          0x21f16968        0x4 cpu/arm920t/at91rm9200/libat91rm9200.a(serial.o)
                0x21f16968                us
                0x21f1696c                . = ALIGN (0x4)

.got
 *(.got)
                0x21f1696c                . = .
                0x21f1696c                __u_boot_cmd_start = .

.u_boot_cmd     0x21f1696c      0x2e4
 *(.u_boot_cmd)
 .u_boot_cmd    0x21f1696c       0x28 common/libcommon.a(cmd_boot.o)
                0x21f16980                __u_boot_cmd_reset
                0x21f1696c                __u_boot_cmd_go
 .u_boot_cmd    0x21f16994       0x50 common/libcommon.a(cmd_bootm.o)
                0x21f16994                __u_boot_cmd_bootm
                0x21f169bc                __u_boot_cmd_bootd
                0x21f169a8                __u_boot_cmd_boot
                0x21f169d0                __u_boot_cmd_imls
 .u_boot_cmd    0x21f169e4       0x14 common/libcommon.a(cmd_console.o)
                0x21f169e4                __u_boot_cmd_coninfo
 .u_boot_cmd    0x21f169f8       0x3c common/libcommon.a(cmd_flash.o)
                0x21f169f8                __u_boot_cmd_flinfo
                0x21f16a0c                __u_boot_cmd_erase
                0x21f16a20                __u_boot_cmd_protect
 .u_boot_cmd    0x21f16a34       0x14 common/libcommon.a(cmd_itest.o)
                0x21f16a34                __u_boot_cmd_itest
 .u_boot_cmd    0x21f16a48       0x28 common/libcommon.a(cmd_load.o)
                0x21f16a5c                __u_boot_cmd_loady
                0x21f16a48                __u_boot_cmd_loadb
 .u_boot_cmd    0x21f16a70       0xc8 common/libcommon.a(cmd_mem.o)
                0x21f16a70                __u_boot_cmd_md
                0x21f16ad4                __u_boot_cmd_cmp
                0x21f16aac                __u_boot_cmd_mw
                0x21f16b10                __u_boot_cmd_loop
                0x21f16afc                __u_boot_cmd_base
                0x21f16a84                __u_boot_cmd_mm
                0x21f16ae8                __u_boot_cmd_crc32
                0x21f16a98                __u_boot_cmd_nm
                0x21f16b24                __u_boot_cmd_mtest
                0x21f16ac0                __u_boot_cmd_cp
 .u_boot_cmd    0x21f16b38       0x14 common/libcommon.a(cmd_mii.o)
                0x21f16b38                __u_boot_cmd_mii
 .u_boot_cmd    0x21f16b4c       0x64 common/libcommon.a(cmd_net.o)
                0x21f16b9c                __u_boot_cmd_nfs
                0x21f16b74                __u_boot_cmd_rarpboot
                0x21f16b60                __u_boot_cmd_tftpboot
                0x21f16b4c                __u_boot_cmd_bootp
                0x21f16b88                __u_boot_cmd_dhcp
 .u_boot_cmd    0x21f16bb0       0x50 common/libcommon.a(cmd_nvedit.o)
                0x21f16bec                __u_boot_cmd_run
                0x21f16bd8                __u_boot_cmd_saveenv
                0x21f16bb0                __u_boot_cmd_printenv
                0x21f16bc4                __u_boot_cmd_setenv
 .u_boot_cmd    0x21f16c00       0x50 common/libcommon.a(command.o)
                0x21f16c14                __u_boot_cmd_echo
                0x21f16c3c                __u_boot_cmd_question_mark
                0x21f16c00                __u_boot_cmd_version
                0x21f16c28                __u_boot_cmd_help
                0x21f16c50                __u_boot_cmd_end = .
                0x21f16c50                . = ALIGN (0x4)
                0x21f16c50                __bss_start = .

.bss            0x21f16e00    0x1d204
 *(.bss)
 .bss           0x21f16e00        0xc cpu/arm920t/at91rm9200/libat91rm9200.a(interrupts.o)
                0x21f16e00                tmr
 .bss           0x21f16e0c       0x10 lib_arm/libarm.a(board.o)
                0x21f16e18                monitor_flash_len
 .bss           0x21f16e1c     0x25c0 net/libnet.a(net.o)
                0x21f193d8                NetArpWaitTry
                0x21f18da8                NetArpWaitPacketMAC
                0x21f16ec0                NetOurEther
                0x21f16ec8                NetOurIP
                0x21f16ecc                NetServerIP
                0x21f18db0                NetArpWaitTxPacketSize
                0x21f18da4                NetArpWaitReplyIP
                0x21f16ed0                NetRxPackets
                0x21f18dac                NetArpWaitTxPacket
                0x21f16e28                NetOurNISDomain
                0x21f18da0                NetArpWaitPacketIP
                0x21f16eec                NetState
                0x21f16ef0                BootFile
                0x21f16eaa                NetServerEther
                0x21f16e1c                NetOurSubnetMask
                0x21f16ea8                NetBootFileSize
                0x21f16ee8                NetIPID
                0x21f16e48                NetOurHostName
                0x21f16ee0                NetRxPkt
                0x21f16e20                NetOurGatewayIP
                0x21f16eb0                NetEtherNullAddr
                0x21f18db4                NetArpWaitPacketBuf
                0x21f16ee4                NetRxPktLen
                0x21f16eb8                NetTxPacket
                0x21f16ebc                NetBootFileXferSize
                0x21f16e24                NetOurDNSIP
                0x21f16f70                PktBuf
                0x21f16e68                NetOurRootPath
                0x21f193d4                NetArpWaitTimerStart
 .bss           0x21f193dc       0x34 net/libnet.a(tftp.o)
 .bss           0x21f19410       0x14 net/libnet.a(bootp.o)
                0x21f19418                NetDHCPServerIP
                0x21f19410                dhcp_state
                0x21f19420                BootpTry
                0x21f1941c                BootpID
                0x21f19414                dhcp_leasetime
 .bss           0x21f19424        0x4 net/libnet.a(rarp.o)
                0x21f19424                RarpTry
 .bss           0x21f19428      0x8b0 net/libnet.a(nfs.o)
 .bss           0x21f19cd8      0x200 common/libcommon.a(main.o)
                0x21f19dd8                console_buffer
 .bss           0x21f19ed8       0x40 common/libcommon.a(cmd_bootm.o)
                0x21f19ed8                header
 .bss           0x21f19f18       0x88 common/libcommon.a(cmd_load.o)
                0x21f19f44                his_pad_char
                0x21f19f18                os_data_count
                0x21f19f60                os_data_init
                0x21f19f9c                send_ptr
                0x21f19f1c                os_data_header
                0x21f19f64                os_data_char
                0x21f19f3c                his_eol
                0x21f19f45                his_quote
                0x21f19f88                send_parms
                0x21f19f40                his_pad_count
 .bss           0x21f19fa0       0x14 common/libcommon.a(cmd_mem.o)
                0x21f19fa8                dp_last_size
                0x21f19fa4                dp_last_addr
                0x21f19fb0                mm_last_size
                0x21f19fac                mm_last_addr
 .bss           0x21f19fb4       0x18 common/libcommon.a(cmd_mii.o)
                0x21f19fc8                last_reg_hi
                0x21f19fb8                last_data
                0x21f19fc0                last_addr_hi
                0x21f19fc4                last_reg_lo
                0x21f19fb4                last_op
                0x21f19fbc                last_addr_lo
 .bss           0x21f19fcc        0x8 common/libcommon.a(console.o)
 .bss           0x21f19fd4       0x10 common/libcommon.a(devices.o)
                0x21f19fd4                devlist
                0x21f19fd8                stdio_devices
 .bss           0x21f19fe4       0x3c common/libcommon.a(dlmalloc.o)
 .bss           0x21f1a020        0xc common/libcommon.a(miiphyutil.o)
 .bss           0x21f1a02c      0x43c common/libcommon.a(xyzModem.o)
 .bss           0x21f1a468        0x4 lib_generic/libgeneric.a(string.o)
                0x21f1a468                ___strtok
 .bss           0x21f1a46c     0x10a8 lib_generic/libgeneric.a(zlib.o)
 .bss           0x21f1b514      0x524 board/at91rm9200dk/libat91rm9200dk.a(flash.o)
                0x21f1b51c                flash_info
 *fill*         0x21f1ba38      0x1c8 00
 .bss           0x21f1bc00    0x18400 cpu/arm920t/at91rm9200/libat91rm9200.a(ether.o)
                0x21f1be00                rbfp
                0x21f1bc00                rbfdt
                0x21f33e04                PhyOps
                0x21f1be04                rbf_framebuf
                0x21f33e14                p_mac
 .bss           0x21f34000        0x4 lib_arm/libarm.a(armlinux.o)
                0x21f34004                _end = .
Address of section .text set to 0x21f00000
LOAD cpu/arm920t/start.o
START GROUP
LOAD lib_generic/libgeneric.a
LOAD board/at91rm9200dk/libat91rm9200dk.a
LOAD cpu/arm920t/libarm920t.a
LOAD cpu/arm920t/at91rm9200/libat91rm9200.a
LOAD lib_arm/libarm.a
LOAD fs/cramfs/libcramfs.a
LOAD fs/fat/libfat.a
LOAD fs/fdos/libfdos.a
LOAD fs/jffs2/libjffs2.a
LOAD fs/reiserfs/libreiserfs.a
LOAD fs/ext2/libext2fs.a
LOAD net/libnet.a
LOAD disk/libdisk.a
LOAD rtc/librtc.a
LOAD dtt/libdtt.a
LOAD drivers/libdrivers.a
LOAD drivers/nand/libnand.a
LOAD drivers/nand_legacy/libnand_legacy.a
LOAD drivers/sk98lin/libsk98lin.a
LOAD post/libpost.a
LOAD post/cpu/libcpu.a
LOAD common/libcommon.a
END GROUP
LOAD /home/github/handheld4tagmaster/u-boot-1.1.6/../toolchain_arm/bin/../lib/gcc-lib/arm-linux-uclibc/3.3.2/libgcc.a
OUTPUT(u-boot elf32-littlearm)

.debug_line     0x00000000     0x9fd8
 .debug_line    0x00000000       0x88 cpu/arm920t/start.o
 .debug_line    0x00000088      0x2ac cpu/arm920t/libarm920t.a(interrupts.o)
 .debug_line    0x00000334      0x31f cpu/arm920t/at91rm9200/libat91rm9200.a(interrupts.o)
 .debug_line    0x00000653      0x32a lib_arm/libarm.a(board.o)
 .debug_line    0x0000097d      0x708 net/libnet.a(net.o)
 .debug_line    0x00001085      0x417 net/libnet.a(tftp.o)
 .debug_line    0x0000149c      0x558 net/libnet.a(bootp.o)
 .debug_line    0x000019f4      0x2c9 net/libnet.a(rarp.o)
 .debug_line    0x00001cbd      0x28a net/libnet.a(eth.o)
 .debug_line    0x00001f47      0x696 net/libnet.a(nfs.o)
 .debug_line    0x000025dd      0x3d8 common/libcommon.a(main.o)
 .debug_line    0x000029b5      0x2a0 common/libcommon.a(cmd_boot.o)
 .debug_line    0x00002c55      0x5b6 common/libcommon.a(cmd_bootm.o)
 .debug_line    0x0000320b      0x2af common/libcommon.a(cmd_console.o)
 .debug_line    0x000034ba      0x3f2 common/libcommon.a(cmd_flash.o)
 .debug_line    0x000038ac      0x2e6 common/libcommon.a(cmd_itest.o)
 .debug_line    0x00003b92      0x46b common/libcommon.a(cmd_load.o)
 .debug_line    0x00003ffd      0x454 common/libcommon.a(cmd_mem.o)
 .debug_line    0x00004451      0x36d common/libcommon.a(cmd_mii.o)
 .debug_line    0x000047be      0x2ea common/libcommon.a(cmd_net.o)
 .debug_line    0x00004aa8      0x40f common/libcommon.a(cmd_nvedit.o)
 .debug_line    0x00004eb7      0x30c common/libcommon.a(command.o)
 .debug_line    0x000051c3      0x392 common/libcommon.a(console.o)
 .debug_line    0x00005555      0x2d1 common/libcommon.a(devices.o)
 .debug_line    0x00005826      0x4e9 common/libcommon.a(dlmalloc.o)
 .debug_line    0x00005d0f      0x2d6 common/libcommon.a(env_common.o)
 .debug_line    0x00005fe5      0x2d9 common/libcommon.a(env_flash.o)
 .debug_line    0x000062be      0x28c common/libcommon.a(exports.o)
 .debug_line    0x0000654a      0x2d9 common/libcommon.a(flash.o)
 .debug_line    0x00006823      0x310 common/libcommon.a(lists.o)
 .debug_line    0x00006b33      0x3a6 common/libcommon.a(miiphyutil.o)
 .debug_line    0x00006ed9      0x41f common/libcommon.a(xyzModem.o)
 .debug_line    0x000072f8       0xe8 common/libcommon.a(crc16.o)
 .debug_line    0x000073e0      0x28d lib_generic/libgeneric.a(crc32.o)
 .debug_line    0x0000766d      0x299 lib_generic/libgeneric.a(display_options.o)
 .debug_line    0x00007906      0x220 lib_generic/libgeneric.a(string.o)
 .debug_line    0x00007b26      0x380 lib_generic/libgeneric.a(vsprintf.o)
 .debug_line    0x00007ea6      0x677 lib_generic/libgeneric.a(zlib.o)
 .debug_line    0x0000851d       0x25 lib_generic/libgeneric.a(ctype.o)
 .debug_line    0x00008542      0x2ec board/at91rm9200dk/libat91rm9200dk.a(at91rm9200dk.o)
 .debug_line    0x0000882e      0x44c board/at91rm9200dk/libat91rm9200dk.a(flash.o)
 .debug_line    0x00008c7a      0x2ad cpu/arm920t/libarm920t.a(cpu.o)
 .debug_line    0x00008f27      0x33c cpu/arm920t/at91rm9200/libat91rm9200.a(dm9161.o)
 .debug_line    0x00009263      0x35e cpu/arm920t/at91rm9200/libat91rm9200.a(ether.o)
 .debug_line    0x000095c1      0x2db cpu/arm920t/at91rm9200/libat91rm9200.a(serial.o)
 .debug_line    0x0000989c       0x5c lib_arm/libarm.a(_udivsi3.o)
 .debug_line    0x000098f8       0x63 lib_arm/libarm.a(_umodsi3.o)
 .debug_line    0x0000995b      0x3da lib_arm/libarm.a(armlinux.o)
 .debug_line    0x00009d35      0x270 lib_arm/libarm.a(cache.o)
 .debug_line    0x00009fa5       0x33 lib_arm/libarm.a(div0.o)

.debug_info     0x00000000    0x45382
 .debug_info    0x00000000       0x6e cpu/arm920t/start.o
 .debug_info    0x0000006e     0x125a cpu/arm920t/libarm920t.a(interrupts.o)
 .debug_info    0x000012c8     0x207d cpu/arm920t/at91rm9200/libat91rm9200.a(interrupts.o)
 .debug_info    0x00003345     0x1c72 lib_arm/libarm.a(board.o)
 .debug_info    0x00004fb7     0x281c net/libnet.a(net.o)
 .debug_info    0x000077d3     0x1b0e net/libnet.a(tftp.o)
 .debug_info    0x000092e1     0x21f3 net/libnet.a(bootp.o)
 .debug_info    0x0000b4d4     0x1a2a net/libnet.a(rarp.o)
 .debug_info    0x0000cefe     0x168f net/libnet.a(eth.o)
 .debug_info    0x0000e58d     0x240d net/libnet.a(nfs.o)
 .debug_info    0x0001099a     0x15f1 common/libcommon.a(main.o)
 .debug_info    0x00011f8b     0x1702 common/libcommon.a(cmd_boot.o)
 .debug_info    0x0001368d     0x1dfc common/libcommon.a(cmd_bootm.o)
 .debug_info    0x00015489     0x1515 common/libcommon.a(cmd_console.o)
 .debug_info    0x0001699e     0x176c common/libcommon.a(cmd_flash.o)
 .debug_info    0x0001810a     0x141b common/libcommon.a(cmd_itest.o)
 .debug_info    0x00019525     0x1dd7 common/libcommon.a(cmd_load.o)
 .debug_info    0x0001b2fc     0x1a41 common/libcommon.a(cmd_mem.o)
 .debug_info    0x0001cd3d     0x1c05 common/libcommon.a(cmd_mii.o)
 .debug_info    0x0001e942     0x19de common/libcommon.a(cmd_net.o)
 .debug_info    0x00020320     0x1cc7 common/libcommon.a(cmd_nvedit.o)
 .debug_info    0x00021fe7     0x1431 common/libcommon.a(command.o)
 .debug_info    0x00023418     0x1966 common/libcommon.a(console.o)
 .debug_info    0x00024d7e     0x15bf common/libcommon.a(devices.o)
 .debug_info    0x0002633d     0x19c6 common/libcommon.a(dlmalloc.o)
 .debug_info    0x00027d03     0x1383 common/libcommon.a(env_common.o)
 .debug_info    0x00029086     0x1391 common/libcommon.a(env_flash.o)
 .debug_info    0x0002a417     0x1195 common/libcommon.a(exports.o)
 .debug_info    0x0002b5ac     0x129a common/libcommon.a(flash.o)
 .debug_info    0x0002c846     0x160d common/libcommon.a(lists.o)
 .debug_info    0x0002de53     0x1b4d common/libcommon.a(miiphyutil.o)
 .debug_info    0x0002f9a0     0x1667 common/libcommon.a(xyzModem.o)
 .debug_info    0x00031007      0x56f common/libcommon.a(crc16.o)
 .debug_info    0x00031576     0x130e lib_generic/libgeneric.a(crc32.o)
 .debug_info    0x00032884     0x1158 lib_generic/libgeneric.a(display_options.o)
 .debug_info    0x000339dc      0xd26 lib_generic/libgeneric.a(string.o)
 .debug_info    0x00034702     0x14db lib_generic/libgeneric.a(vsprintf.o)
 .debug_info    0x00035bdd     0x1928 lib_generic/libgeneric.a(zlib.o)
 .debug_info    0x00037505       0x56 lib_generic/libgeneric.a(ctype.o)
 .debug_info    0x0003755b     0x1fb5 board/at91rm9200dk/libat91rm9200dk.a(at91rm9200dk.o)
 .debug_info    0x00039510     0x165e board/at91rm9200dk/libat91rm9200dk.a(flash.o)
 .debug_info    0x0003ab6e     0x133c cpu/arm920t/libarm920t.a(cpu.o)
 .debug_info    0x0003beaa     0x2565 cpu/arm920t/at91rm9200/libat91rm9200.a(dm9161.o)
 .debug_info    0x0003e40f     0x274f cpu/arm920t/at91rm9200/libat91rm9200.a(ether.o)
 .debug_info    0x00040b5e     0x1f6f cpu/arm920t/at91rm9200/libat91rm9200.a(serial.o)
 .debug_info    0x00042acd       0x6d lib_arm/libarm.a(_udivsi3.o)
 .debug_info    0x00042b3a       0x6d lib_arm/libarm.a(_umodsi3.o)
 .debug_info    0x00042ba7     0x16ac lib_arm/libarm.a(armlinux.o)
 .debug_info    0x00044253     0x10eb lib_arm/libarm.a(cache.o)
 .debug_info    0x0004533e       0x44 lib_arm/libarm.a(div0.o)

.debug_abbrev   0x00000000     0x6cc0
 .debug_abbrev  0x00000000       0x14 cpu/arm920t/start.o
 .debug_abbrev  0x00000014      0x1ea cpu/arm920t/libarm920t.a(interrupts.o)
 .debug_abbrev  0x000001fe      0x242 cpu/arm920t/at91rm9200/libat91rm9200.a(interrupts.o)
 .debug_abbrev  0x00000440      0x2e3 lib_arm/libarm.a(board.o)
 .debug_abbrev  0x00000723      0x3b1 net/libnet.a(net.o)
 .debug_abbrev  0x00000ad4      0x30d net/libnet.a(tftp.o)
 .debug_abbrev  0x00000de1      0x3bf net/libnet.a(bootp.o)
 .debug_abbrev  0x000011a0      0x25b net/libnet.a(rarp.o)
 .debug_abbrev  0x000013fb      0x1e8 net/libnet.a(eth.o)
 .debug_abbrev  0x000015e3      0x384 net/libnet.a(nfs.o)
 .debug_abbrev  0x00001967      0x298 common/libcommon.a(main.o)
 .debug_abbrev  0x00001bff      0x219 common/libcommon.a(cmd_boot.o)
 .debug_abbrev  0x00001e18      0x319 common/libcommon.a(cmd_bootm.o)
 .debug_abbrev  0x00002131      0x1f3 common/libcommon.a(cmd_console.o)
 .debug_abbrev  0x00002324      0x26d common/libcommon.a(cmd_flash.o)
 .debug_abbrev  0x00002591      0x207 common/libcommon.a(cmd_itest.o)
 .debug_abbrev  0x00002798      0x303 common/libcommon.a(cmd_load.o)
 .debug_abbrev  0x00002a9b      0x288 common/libcommon.a(cmd_mem.o)
 .debug_abbrev  0x00002d23      0x290 common/libcommon.a(cmd_mii.o)
 .debug_abbrev  0x00002fb3      0x270 common/libcommon.a(cmd_net.o)
 .debug_abbrev  0x00003223      0x31a common/libcommon.a(cmd_nvedit.o)
 .debug_abbrev  0x0000353d      0x258 common/libcommon.a(command.o)
 .debug_abbrev  0x00003795      0x313 common/libcommon.a(console.o)
 .debug_abbrev  0x00003aa8      0x1f8 common/libcommon.a(devices.o)
 .debug_abbrev  0x00003ca0      0x239 common/libcommon.a(dlmalloc.o)
 .debug_abbrev  0x00003ed9      0x1ff common/libcommon.a(env_common.o)
 .debug_abbrev  0x000040d8      0x257 common/libcommon.a(env_flash.o)
 .debug_abbrev  0x0000432f      0x1da common/libcommon.a(exports.o)
 .debug_abbrev  0x00004509      0x21e common/libcommon.a(flash.o)
 .debug_abbrev  0x00004727      0x24b common/libcommon.a(lists.o)
 .debug_abbrev  0x00004972      0x300 common/libcommon.a(miiphyutil.o)
 .debug_abbrev  0x00004c72      0x2ea common/libcommon.a(xyzModem.o)
 .debug_abbrev  0x00004f5c       0xf6 common/libcommon.a(crc16.o)
 .debug_abbrev  0x00005052      0x1ab lib_generic/libgeneric.a(crc32.o)
 .debug_abbrev  0x000051fd      0x1e7 lib_generic/libgeneric.a(display_options.o)
 .debug_abbrev  0x000053e4      0x1b4 lib_generic/libgeneric.a(string.o)
 .debug_abbrev  0x00005598      0x2c1 lib_generic/libgeneric.a(vsprintf.o)
 .debug_abbrev  0x00005859      0x214 lib_generic/libgeneric.a(zlib.o)
 .debug_abbrev  0x00005a6d       0x42 lib_generic/libgeneric.a(ctype.o)
 .debug_abbrev  0x00005aaf      0x1dc board/at91rm9200dk/libat91rm9200dk.a(at91rm9200dk.o)
 .debug_abbrev  0x00005c8b      0x2e2 board/at91rm9200dk/libat91rm9200dk.a(flash.o)
 .debug_abbrev  0x00005f6d      0x214 cpu/arm920t/libarm920t.a(cpu.o)
 .debug_abbrev  0x00006181      0x22e cpu/arm920t/at91rm9200/libat91rm9200.a(dm9161.o)
 .debug_abbrev  0x000063af      0x2a7 cpu/arm920t/at91rm9200/libat91rm9200.a(ether.o)
 .debug_abbrev  0x00006656      0x1fc cpu/arm920t/at91rm9200/libat91rm9200.a(serial.o)
 .debug_abbrev  0x00006852       0x14 lib_arm/libarm.a(_udivsi3.o)
 .debug_abbrev  0x00006866       0x14 lib_arm/libarm.a(_umodsi3.o)
 .debug_abbrev  0x0000687a      0x274 lib_arm/libarm.a(armlinux.o)
 .debug_abbrev  0x00006aee      0x198 lib_arm/libarm.a(cache.o)
 .debug_abbrev  0x00006c86       0x3a lib_arm/libarm.a(div0.o)

.debug_aranges  0x00000000      0x620
 .debug_aranges
                0x00000000       0x20 cpu/arm920t/start.o
 .debug_aranges
                0x00000020       0x20 cpu/arm920t/libarm920t.a(interrupts.o)
 .debug_aranges
                0x00000040       0x20 cpu/arm920t/at91rm9200/libat91rm9200.a(interrupts.o)
 .debug_aranges
                0x00000060       0x20 lib_arm/libarm.a(board.o)
 .debug_aranges
                0x00000080       0x20 net/libnet.a(net.o)
 .debug_aranges
                0x000000a0       0x20 net/libnet.a(tftp.o)
 .debug_aranges
                0x000000c0       0x20 net/libnet.a(bootp.o)
 .debug_aranges
                0x000000e0       0x20 net/libnet.a(rarp.o)
 .debug_aranges
                0x00000100       0x20 net/libnet.a(eth.o)
 .debug_aranges
                0x00000120       0x20 net/libnet.a(nfs.o)
 .debug_aranges
                0x00000140       0x20 common/libcommon.a(main.o)
 .debug_aranges
                0x00000160       0x20 common/libcommon.a(cmd_boot.o)
 .debug_aranges
                0x00000180       0x20 common/libcommon.a(cmd_bootm.o)
 .debug_aranges
                0x000001a0       0x20 common/libcommon.a(cmd_console.o)
 .debug_aranges
                0x000001c0       0x20 common/libcommon.a(cmd_flash.o)
 .debug_aranges
                0x000001e0       0x20 common/libcommon.a(cmd_itest.o)
 .debug_aranges
                0x00000200       0x20 common/libcommon.a(cmd_load.o)
 .debug_aranges
                0x00000220       0x20 common/libcommon.a(cmd_mem.o)
 .debug_aranges
                0x00000240       0x20 common/libcommon.a(cmd_mii.o)
 .debug_aranges
                0x00000260       0x20 common/libcommon.a(cmd_net.o)
 .debug_aranges
                0x00000280       0x20 common/libcommon.a(cmd_nvedit.o)
 .debug_aranges
                0x000002a0       0x20 common/libcommon.a(command.o)
 .debug_aranges
                0x000002c0       0x20 common/libcommon.a(console.o)
 .debug_aranges
                0x000002e0       0x20 common/libcommon.a(devices.o)
 .debug_aranges
                0x00000300       0x20 common/libcommon.a(dlmalloc.o)
 .debug_aranges
                0x00000320       0x20 common/libcommon.a(env_common.o)
 .debug_aranges
                0x00000340       0x20 common/libcommon.a(env_flash.o)
 .debug_aranges
                0x00000360       0x20 common/libcommon.a(exports.o)
 .debug_aranges
                0x00000380       0x20 common/libcommon.a(flash.o)
 .debug_aranges
                0x000003a0       0x20 common/libcommon.a(lists.o)
 .debug_aranges
                0x000003c0       0x20 common/libcommon.a(miiphyutil.o)
 .debug_aranges
                0x000003e0       0x20 common/libcommon.a(xyzModem.o)
 .debug_aranges
                0x00000400       0x20 common/libcommon.a(crc16.o)
 .debug_aranges
                0x00000420       0x20 lib_generic/libgeneric.a(crc32.o)
 .debug_aranges
                0x00000440       0x20 lib_generic/libgeneric.a(display_options.o)
 .debug_aranges
                0x00000460       0x20 lib_generic/libgeneric.a(string.o)
 .debug_aranges
                0x00000480       0x20 lib_generic/libgeneric.a(vsprintf.o)
 .debug_aranges
                0x000004a0       0x20 lib_generic/libgeneric.a(zlib.o)
 .debug_aranges
                0x000004c0       0x20 board/at91rm9200dk/libat91rm9200dk.a(at91rm9200dk.o)
 .debug_aranges
                0x000004e0       0x20 board/at91rm9200dk/libat91rm9200dk.a(flash.o)
 .debug_aranges
                0x00000500       0x20 cpu/arm920t/libarm920t.a(cpu.o)
 .debug_aranges
                0x00000520       0x20 cpu/arm920t/at91rm9200/libat91rm9200.a(dm9161.o)
 .debug_aranges
                0x00000540       0x20 cpu/arm920t/at91rm9200/libat91rm9200.a(ether.o)
 .debug_aranges
                0x00000560       0x20 cpu/arm920t/at91rm9200/libat91rm9200.a(serial.o)
 .debug_aranges
                0x00000580       0x20 lib_arm/libarm.a(_udivsi3.o)
 .debug_aranges
                0x000005a0       0x20 lib_arm/libarm.a(_umodsi3.o)
 .debug_aranges
                0x000005c0       0x20 lib_arm/libarm.a(armlinux.o)
 .debug_aranges
                0x000005e0       0x20 lib_arm/libarm.a(cache.o)
 .debug_aranges
                0x00000600       0x20 lib_arm/libarm.a(div0.o)

.debug_frame    0x00000000     0x2ac8
 .debug_frame   0x00000000      0x110 cpu/arm920t/libarm920t.a(interrupts.o)
 .debug_frame   0x00000110       0xf0 cpu/arm920t/at91rm9200/libat91rm9200.a(interrupts.o)
 .debug_frame   0x00000200       0xd4 lib_arm/libarm.a(board.o)
 .debug_frame   0x000002d4      0x284 net/libnet.a(net.o)
 .debug_frame   0x00000558       0x88 net/libnet.a(tftp.o)
 .debug_frame   0x000005e0      0x150 net/libnet.a(bootp.o)
 .debug_frame   0x00000730       0x60 net/libnet.a(rarp.o)
 .debug_frame   0x00000790       0x28 net/libnet.a(eth.o)
 .debug_frame   0x000007b8      0x26c net/libnet.a(nfs.o)
 .debug_frame   0x00000a24       0xf8 common/libcommon.a(main.o)
 .debug_frame   0x00000b1c       0x2c common/libcommon.a(cmd_boot.o)
 .debug_frame   0x00000b48      0x130 common/libcommon.a(cmd_bootm.o)
 .debug_frame   0x00000c78       0x30 common/libcommon.a(cmd_console.o)
 .debug_frame   0x00000ca8      0x130 common/libcommon.a(cmd_flash.o)
 .debug_frame   0x00000dd8       0xb4 common/libcommon.a(cmd_itest.o)
 .debug_frame   0x00000e8c      0x208 common/libcommon.a(cmd_load.o)
 .debug_frame   0x00001094      0x188 common/libcommon.a(cmd_mem.o)
 .debug_frame   0x0000121c       0xb8 common/libcommon.a(cmd_mii.o)
 .debug_frame   0x000012d4       0xa0 common/libcommon.a(cmd_net.o)
 .debug_frame   0x00001374      0x10c common/libcommon.a(cmd_nvedit.o)
 .debug_frame   0x00001480       0x98 common/libcommon.a(command.o)
 .debug_frame   0x00001518      0x214 common/libcommon.a(console.o)
 .debug_frame   0x0000172c       0x74 common/libcommon.a(devices.o)
 .debug_frame   0x000017a0      0x15c common/libcommon.a(dlmalloc.o)
 .debug_frame   0x000018fc       0x7c common/libcommon.a(env_common.o)
 .debug_frame   0x00001978       0x68 common/libcommon.a(env_flash.o)
 .debug_frame   0x000019e0       0x48 common/libcommon.a(exports.o)
 .debug_frame   0x00001a28       0x88 common/libcommon.a(flash.o)
 .debug_frame   0x00001ab0      0x150 common/libcommon.a(lists.o)
 .debug_frame   0x00001c00      0x15c common/libcommon.a(miiphyutil.o)
 .debug_frame   0x00001d5c      0x124 common/libcommon.a(xyzModem.o)
 .debug_frame   0x00001e80       0x20 common/libcommon.a(crc16.o)
 .debug_frame   0x00001ea0       0x28 lib_generic/libgeneric.a(crc32.o)
 .debug_frame   0x00001ec8       0x48 lib_generic/libgeneric.a(display_options.o)
 .debug_frame   0x00001f10      0x1e0 lib_generic/libgeneric.a(string.o)
 .debug_frame   0x000020f0       0xe4 lib_generic/libgeneric.a(vsprintf.o)
 .debug_frame   0x000021d4      0x324 lib_generic/libgeneric.a(zlib.o)
 .debug_frame   0x000024f8       0x48 board/at91rm9200dk/libat91rm9200dk.a(at91rm9200dk.o)
 .debug_frame   0x00002540      0x17c board/at91rm9200dk/libat91rm9200dk.a(flash.o)
 .debug_frame   0x000026bc      0x114 cpu/arm920t/libarm920t.a(cpu.o)
 .debug_frame   0x000027d0       0x84 cpu/arm920t/at91rm9200/libat91rm9200.a(dm9161.o)
 .debug_frame   0x00002854      0x110 cpu/arm920t/at91rm9200/libat91rm9200.a(ether.o)
 .debug_frame   0x00002964       0x90 cpu/arm920t/at91rm9200/libat91rm9200.a(serial.o)
 .debug_frame   0x000029f4       0x94 lib_arm/libarm.a(armlinux.o)
 .debug_frame   0x00002a88       0x20 lib_arm/libarm.a(cache.o)
 .debug_frame   0x00002aa8       0x20 lib_arm/libarm.a(div0.o)

.debug_pubnames
                0x00000000     0x1e2e
 .debug_pubnames
                0x00000000       0xdf cpu/arm920t/libarm920t.a(interrupts.o)
 .debug_pubnames
                0x000000df       0xde cpu/arm920t/at91rm9200/libat91rm9200.a(interrupts.o)
 .debug_pubnames
                0x000001bd       0x71 lib_arm/libarm.a(board.o)
 .debug_pubnames
                0x0000022e      0x3d7 net/libnet.a(net.o)
 .debug_pubnames
                0x00000605       0x20 net/libnet.a(tftp.o)
 .debug_pubnames
                0x00000625       0x82 net/libnet.a(bootp.o)
 .debug_pubnames
                0x000006a7       0x2e net/libnet.a(rarp.o)
 .debug_pubnames
                0x000006d5       0x25 net/libnet.a(eth.o)
 .debug_pubnames
                0x000006fa       0x1f net/libnet.a(nfs.o)
 .debug_pubnames
                0x00000719       0x5b common/libcommon.a(main.o)
 .debug_pubnames
                0x00000774       0x47 common/libcommon.a(cmd_boot.o)
 .debug_pubnames
                0x000007bb       0xbe common/libcommon.a(cmd_bootm.o)
 .debug_pubnames
                0x00000879       0x3a common/libcommon.a(cmd_console.o)
 .debug_pubnames
                0x000008b3       0xb2 common/libcommon.a(cmd_flash.o)
 .debug_pubnames
                0x00000965       0x53 common/libcommon.a(cmd_itest.o)
 .debug_pubnames
                0x000009b8      0x19f common/libcommon.a(cmd_load.o)
 .debug_pubnames
                0x00000b57      0x1e7 common/libcommon.a(cmd_mem.o)
 .debug_pubnames
                0x00000d3e      0x13e common/libcommon.a(cmd_mii.o)
 .debug_pubnames
                0x00000e7c       0xc6 common/libcommon.a(cmd_net.o)
 .debug_pubnames
                0x00000f42       0xd1 common/libcommon.a(cmd_nvedit.o)
 .debug_pubnames
                0x00001013       0xaa common/libcommon.a(command.o)
 .debug_pubnames
                0x000010bd      0x10e common/libcommon.a(console.o)
 .debug_pubnames
                0x000011cb       0x76 common/libcommon.a(devices.o)
 .debug_pubnames
                0x00001241       0xb3 common/libcommon.a(dlmalloc.o)
 .debug_pubnames
                0x000012f4       0x88 common/libcommon.a(env_common.o)
 .debug_pubnames
                0x0000137c       0x75 common/libcommon.a(env_flash.o)
 .debug_pubnames
                0x000013f1       0x35 common/libcommon.a(exports.o)
 .debug_pubnames
                0x00001426       0x53 common/libcommon.a(flash.o)
 .debug_pubnames
                0x00001479      0x116 common/libcommon.a(lists.o)
 .debug_pubnames
                0x0000158f       0xe4 common/libcommon.a(miiphyutil.o)
 .debug_pubnames
                0x00001673       0xd5 common/libcommon.a(xyzModem.o)
 .debug_pubnames
                0x00001748       0x20 common/libcommon.a(crc16.o)
 .debug_pubnames
                0x00001768       0x1c lib_generic/libgeneric.a(crc32.o)
 .debug_pubnames
                0x00001784       0x35 lib_generic/libgeneric.a(display_options.o)
 .debug_pubnames
                0x000017b9      0x130 lib_generic/libgeneric.a(string.o)
 .debug_pubnames
                0x000018e9       0x5a lib_generic/libgeneric.a(vsprintf.o)
 .debug_pubnames
                0x00001943       0xab lib_generic/libgeneric.a(zlib.o)
 .debug_pubnames
                0x000019ee       0x1d lib_generic/libgeneric.a(ctype.o)
 .debug_pubnames
                0x00001a0b       0x4e board/at91rm9200dk/libat91rm9200dk.a(at91rm9200dk.o)
 .debug_pubnames
                0x00001a59       0x8a board/at91rm9200dk/libat91rm9200dk.a(flash.o)
 .debug_pubnames
                0x00001ae3       0xb3 cpu/arm920t/libarm920t.a(cpu.o)
 .debug_pubnames
                0x00001b96       0x70 cpu/arm920t/at91rm9200/libat91rm9200.a(dm9161.o)
 .debug_pubnames
                0x00001c06      0x149 cpu/arm920t/at91rm9200/libat91rm9200.a(ether.o)
 .debug_pubnames
                0x00001d4f       0x7b cpu/arm920t/at91rm9200/libat91rm9200.a(serial.o)
 .debug_pubnames
                0x00001dca       0x25 lib_arm/libarm.a(armlinux.o)
 .debug_pubnames
                0x00001def       0x22 lib_arm/libarm.a(cache.o)
 .debug_pubnames
                0x00001e11       0x1d lib_arm/libarm.a(div0.o)

.debug_str      0x00000000     0x437b
 .debug_str     0x00000000      0x91e cpu/arm920t/libarm920t.a(interrupts.o)
                                0xad5 (size before relaxing)
 .debug_str     0x0000091e      0x7d3 cpu/arm920t/at91rm9200/libat91rm9200.a(interrupts.o)
                               0x1242 (size before relaxing)
 .debug_str     0x000010f1      0x4a6 lib_arm/libarm.a(board.o)
                                0xf17 (size before relaxing)
 .debug_str     0x00001597      0x51e net/libnet.a(net.o)
                               0x11c1 (size before relaxing)
 .debug_str     0x00001ab5       0xec net/libnet.a(tftp.o)
                                0xefa (size before relaxing)
 .debug_str     0x00001ba1      0x172 net/libnet.a(bootp.o)
                               0x1004 (size before relaxing)
 .debug_str     0x00001d13       0x4c net/libnet.a(rarp.o)
                                0xe32 (size before relaxing)
 .debug_str     0x00001d5f       0x15 net/libnet.a(eth.o)
                                0xc96 (size before relaxing)
 .debug_str     0x00001d74      0x223 net/libnet.a(nfs.o)
                               0x111a (size before relaxing)
 .debug_str     0x00001f97      0x14e common/libcommon.a(main.o)
                                0xb86 (size before relaxing)
 .debug_str     0x000020e5       0x3a common/libcommon.a(cmd_boot.o)
                                0xcd8 (size before relaxing)
 .debug_str     0x0000211f      0x24a common/libcommon.a(cmd_bootm.o)
                                0xd63 (size before relaxing)
 .debug_str     0x00002369       0x50 common/libcommon.a(cmd_console.o)
                                0xbb7 (size before relaxing)
 .debug_str     0x000023b9      0x143 common/libcommon.a(cmd_flash.o)
                                0xbcd (size before relaxing)
 .debug_str     0x000024fc       0x80 common/libcommon.a(cmd_itest.o)
                                0xae9 (size before relaxing)
 .debug_str     0x0000257c      0x387 common/libcommon.a(cmd_load.o)
                               0x1090 (size before relaxing)
 .debug_str     0x00002903      0x21d common/libcommon.a(cmd_mem.o)
                                0xcae (size before relaxing)
 .debug_str     0x00002b20      0x1b8 common/libcommon.a(cmd_mii.o)
                                0xeaa (size before relaxing)
 .debug_str     0x00002cd8       0xc3 common/libcommon.a(cmd_net.o)
                                0xdeb (size before relaxing)
 .debug_str     0x00002d9b       0xef common/libcommon.a(cmd_nvedit.o)
                                0xdf6 (size before relaxing)
 .debug_str     0x00002e8a       0xd9 common/libcommon.a(command.o)
                                0xb47 (size before relaxing)
 .debug_str     0x00002f63       0xcf common/libcommon.a(console.o)
                                0xd7a (size before relaxing)
 .debug_str     0x00003032       0x44 common/libcommon.a(devices.o)
                                0xc01 (size before relaxing)
 .debug_str     0x00003076      0x25e common/libcommon.a(dlmalloc.o)
                                0xd01 (size before relaxing)
 .debug_str     0x000032d4       0x78 common/libcommon.a(env_common.o)
                                0xb30 (size before relaxing)
 .debug_str     0x0000334c       0x5f common/libcommon.a(env_flash.o)
                                0xb4b (size before relaxing)
 .debug_str     0x000033ab       0x19 common/libcommon.a(exports.o)
                                0xafb (size before relaxing)
 .debug_str     0x000033c4       0x46 common/libcommon.a(flash.o)
                                0xa8d (size before relaxing)
 .debug_str     0x0000340a      0x1cf common/libcommon.a(lists.o)
                                0xce1 (size before relaxing)
 .debug_str     0x000035d9      0x123 common/libcommon.a(miiphyutil.o)
                                0xe0d (size before relaxing)
 .debug_str     0x000036fc      0x1bd common/libcommon.a(xyzModem.o)
                                0xc29 (size before relaxing)
 .debug_str     0x000038b9       0x1c common/libcommon.a(crc16.o)
                                0x46e (size before relaxing)
 .debug_str     0x000038d5       0x4b lib_generic/libgeneric.a(crc32.o)
                                0xb0c (size before relaxing)
 .debug_str     0x00003920       0x2d lib_generic/libgeneric.a(display_options.o)
                                0xa4e (size before relaxing)
 .debug_str     0x0000394d       0xd7 lib_generic/libgeneric.a(string.o)
                                0x59f (size before relaxing)
 .debug_str     0x00003a24       0x6a lib_generic/libgeneric.a(vsprintf.o)
                                0xaff (size before relaxing)
 .debug_str     0x00003a8e      0x3d5 lib_generic/libgeneric.a(zlib.o)
                                0x955 (size before relaxing)
 .debug_str     0x00003e63        0x8 lib_generic/libgeneric.a(ctype.o)
                                 0x6f (size before relaxing)
 .debug_str     0x00003e6b       0xaa board/at91rm9200dk/libat91rm9200dk.a(at91rm9200dk.o)
                               0x1212 (size before relaxing)
 .debug_str     0x00003f15      0x120 board/at91rm9200dk/libat91rm9200dk.a(flash.o)
                                0xba8 (size before relaxing)
 .debug_str     0x00004035       0x9c cpu/arm920t/libarm920t.a(cpu.o)
                                0xb09 (size before relaxing)
 .debug_str     0x000040d1       0x85 cpu/arm920t/at91rm9200/libat91rm9200.a(dm9161.o)
                               0x14a0 (size before relaxing)
 .debug_str     0x00004156      0x117 cpu/arm920t/at91rm9200/libat91rm9200.a(ether.o)
                               0x1553 (size before relaxing)
 .debug_str     0x0000426d       0x53 cpu/arm920t/at91rm9200/libat91rm9200.a(serial.o)
                               0x11c3 (size before relaxing)
 .debug_str     0x000042c0       0x8b lib_arm/libarm.a(armlinux.o)
                                0xc06 (size before relaxing)
 .debug_str     0x0000434b       0x22 lib_arm/libarm.a(cache.o)
                                0xa30 (size before relaxing)
 .debug_str     0x0000436d        0xe lib_arm/libarm.a(div0.o)
                                 0x54 (size before relaxing)

.comment        0x00000000      0x34e
 .comment       0x00000000       0x12 cpu/arm920t/libarm920t.a(interrupts.o)
 .comment       0x00000012       0x12 cpu/arm920t/at91rm9200/libat91rm9200.a(interrupts.o)
 .comment       0x00000024       0x12 lib_arm/libarm.a(board.o)
 .comment       0x00000036       0x12 net/libnet.a(net.o)
 .comment       0x00000048       0x12 net/libnet.a(tftp.o)
 .comment       0x0000005a       0x12 net/libnet.a(bootp.o)
 .comment       0x0000006c       0x12 net/libnet.a(rarp.o)
 .comment       0x0000007e       0x12 net/libnet.a(eth.o)
 .comment       0x00000090       0x12 net/libnet.a(nfs.o)
 .comment       0x000000a2       0x12 common/libcommon.a(main.o)
 .comment       0x000000b4       0x12 common/libcommon.a(cmd_boot.o)
 .comment       0x000000c6       0x12 common/libcommon.a(cmd_bootm.o)
 .comment       0x000000d8       0x12 common/libcommon.a(cmd_console.o)
 .comment       0x000000ea       0x12 common/libcommon.a(cmd_flash.o)
 .comment       0x000000fc       0x12 common/libcommon.a(cmd_itest.o)
 .comment       0x0000010e       0x12 common/libcommon.a(cmd_load.o)
 .comment       0x00000120       0x12 common/libcommon.a(cmd_mem.o)
 .comment       0x00000132       0x12 common/libcommon.a(cmd_mii.o)
 .comment       0x00000144       0x12 common/libcommon.a(cmd_net.o)
 .comment       0x00000156       0x12 common/libcommon.a(cmd_nvedit.o)
 .comment       0x00000168       0x12 common/libcommon.a(command.o)
 .comment       0x0000017a       0x12 common/libcommon.a(console.o)
 .comment       0x0000018c       0x12 common/libcommon.a(devices.o)
 .comment       0x0000019e       0x12 common/libcommon.a(dlmalloc.o)
 .comment       0x000001b0       0x12 common/libcommon.a(env_common.o)
 .comment       0x000001c2       0x12 common/libcommon.a(env_flash.o)
 .comment       0x000001d4       0x12 common/libcommon.a(exports.o)
 .comment       0x000001e6       0x12 common/libcommon.a(flash.o)
 .comment       0x000001f8       0x12 common/libcommon.a(lists.o)
 .comment       0x0000020a       0x12 common/libcommon.a(miiphyutil.o)
 .comment       0x0000021c       0x12 common/libcommon.a(xyzModem.o)
 .comment       0x0000022e       0x12 common/libcommon.a(crc16.o)
 .comment       0x00000240       0x12 lib_generic/libgeneric.a(crc32.o)
 .comment       0x00000252       0x12 lib_generic/libgeneric.a(display_options.o)
 .comment       0x00000264       0x12 lib_generic/libgeneric.a(string.o)
 .comment       0x00000276       0x12 lib_generic/libgeneric.a(vsprintf.o)
 .comment       0x00000288       0x12 lib_generic/libgeneric.a(zlib.o)
 .comment       0x0000029a       0x12 lib_generic/libgeneric.a(ctype.o)
 .comment       0x000002ac       0x12 board/at91rm9200dk/libat91rm9200dk.a(at91rm9200dk.o)
 .comment       0x000002be       0x12 board/at91rm9200dk/libat91rm9200dk.a(flash.o)
 .comment       0x000002d0       0x12 cpu/arm920t/libarm920t.a(cpu.o)
 .comment       0x000002e2       0x12 cpu/arm920t/at91rm9200/libat91rm9200.a(dm9161.o)
 .comment       0x000002f4       0x12 cpu/arm920t/at91rm9200/libat91rm9200.a(ether.o)
 .comment       0x00000306       0x12 cpu/arm920t/at91rm9200/libat91rm9200.a(serial.o)
 .comment       0x00000318       0x12 lib_arm/libarm.a(armlinux.o)
 .comment       0x0000032a       0x12 lib_arm/libarm.a(cache.o)
 .comment       0x0000033c       0x12 lib_arm/libarm.a(div0.o)

.debug_ranges   0x00000000      0x220
 .debug_ranges  0x00000000       0x40 net/libnet.a(net.o)
 .debug_ranges  0x00000040       0x20 common/libcommon.a(main.o)
 .debug_ranges  0x00000060       0x18 common/libcommon.a(cmd_flash.o)
 .debug_ranges  0x00000078       0x18 common/libcommon.a(cmd_load.o)
 .debug_ranges  0x00000090       0x18 common/libcommon.a(cmd_mem.o)
 .debug_ranges  0x000000a8       0x18 common/libcommon.a(cmd_nvedit.o)
 .debug_ranges  0x000000c0       0x38 common/libcommon.a(command.o)
 .debug_ranges  0x000000f8       0x30 common/libcommon.a(console.o)
 .debug_ranges  0x00000128       0x50 common/libcommon.a(dlmalloc.o)
 .debug_ranges  0x00000178       0x38 common/libcommon.a(flash.o)
 .debug_ranges  0x000001b0       0x20 lib_generic/libgeneric.a(vsprintf.o)
 .debug_ranges  0x000001d0       0x50 lib_generic/libgeneric.a(zlib.o)
